../Drivers/MPU6500/mpu6500.c:131:33:MPU6500_WriteRegister	32	static
../Drivers/MPU6500/mpu6500.c:141:33:MPU6500_ReadRegister	32	static
../Drivers/MPU6500/mpu6500.c:149:33:MPU6500_Reset	8	static
../Drivers/MPU6500/mpu6500.c:157:33:MPU6500_ConfigureClock	8	static
../Drivers/MPU6500/mpu6500.c:168:33:MPU6500_ConfigureAccel	16	static
../Drivers/MPU6500/mpu6500.c:184:33:MPU6500_ConfigureGyro	16	static
../Drivers/MPU6500/mpu6500.c:205:33:MPU6500_EnableTemperatureSensor	16	static
../Drivers/MPU6500/mpu6500.c:237:33:MPU6500_ConfigureInterrupts	16	static
../Drivers/MPU6500/mpu6500.c:255:19:MPU6500_Init	16	static
../Drivers/MPU6500/mpu6500.c:284:19:MPU6500_EnableDataReadyInterrupts	8	static
../Drivers/MPU6500/mpu6500.c:293:19:MPU6500_DisableDataReadyInterrupts	8	static
../Drivers/MPU6500/mpu6500.c:302:19:MPU6500_ReadWhoAmI	16	static
../Drivers/MPU6500/mpu6500.c:315:19:MPU6500_ReadAccel	48	static
../Drivers/MPU6500/mpu6500.c:337:19:MPU6500_ReadGyro	48	static
../Drivers/MPU6500/mpu6500.c:358:19:MPU6500_ReadTemp	40	static
../Drivers/MPU6500/mpu6500.c:377:19:MPU6500_Sleep	16	static
../Drivers/MPU6500/mpu6500.c:394:19:MPU6500_WakeUp	16	static
