Archive member included to satisfy reference by file (symbol)

C:/ST/STM32CubeIDE_2.0.0/STM32CubeIDE/plugins/com.st.stm32cube.ide.mcu.externaltools.gnu-tools-for-stm32.14.3.rel1.win32_1.0.100.202602081740/tools/bin/../lib/gcc/arm-none-eabi/14.3.1/../../../../arm-none-eabi/lib/thumb/v7e-m+fp/hard\libc_nano.a(libc_a-exit.o)
                              C:/ST/STM32CubeIDE_2.0.0/STM32CubeIDE/plugins/com.st.stm32cube.ide.mcu.externaltools.gnu-tools-for-stm32.14.3.rel1.win32_1.0.100.202602081740/tools/bin/../lib/gcc/arm-none-eabi/14.3.1/../../../../arm-none-eabi/lib/thumb/v7e-m+fp/hard/crt0.o (exit)
C:/ST/STM32CubeIDE_2.0.0/STM32CubeIDE/plugins/com.st.stm32cube.ide.mcu.externaltools.gnu-tools-for-stm32.14.3.rel1.win32_1.0.100.202602081740/tools/bin/../lib/gcc/arm-none-eabi/14.3.1/../../../../arm-none-eabi/lib/thumb/v7e-m+fp/hard\libc_nano.a(libc_a-findfp.o)
                              C:/ST/STM32CubeIDE_2.0.0/STM32CubeIDE/plugins/com.st.stm32cube.ide.mcu.externaltools.gnu-tools-for-stm32.14.3.rel1.win32_1.0.100.202602081740/tools/bin/../lib/gcc/arm-none-eabi/14.3.1/../../../../arm-none-eabi/lib/thumb/v7e-m+fp/hard\libc_nano.a(libc_a-exit.o) (__stdio_exit_handler)
C:/ST/STM32CubeIDE_2.0.0/STM32CubeIDE/plugins/com.st.stm32cube.ide.mcu.externaltools.gnu-tools-for-stm32.14.3.rel1.win32_1.0.100.202602081740/tools/bin/../lib/gcc/arm-none-eabi/14.3.1/../../../../arm-none-eabi/lib/thumb/v7e-m+fp/hard\libc_nano.a(libc_a-fwalk.o)
                              C:/ST/STM32CubeIDE_2.0.0/STM32CubeIDE/plugins/com.st.stm32cube.ide.mcu.externaltools.gnu-tools-for-stm32.14.3.rel1.win32_1.0.100.202602081740/tools/bin/../lib/gcc/arm-none-eabi/14.3.1/../../../../arm-none-eabi/lib/thumb/v7e-m+fp/hard\libc_nano.a(libc_a-findfp.o) (_fwalk_sglue)
C:/ST/STM32CubeIDE_2.0.0/STM32CubeIDE/plugins/com.st.stm32cube.ide.mcu.externaltools.gnu-tools-for-stm32.14.3.rel1.win32_1.0.100.202602081740/tools/bin/../lib/gcc/arm-none-eabi/14.3.1/../../../../arm-none-eabi/lib/thumb/v7e-m+fp/hard\libc_nano.a(libc_a-stdio.o)
                              C:/ST/STM32CubeIDE_2.0.0/STM32CubeIDE/plugins/com.st.stm32cube.ide.mcu.externaltools.gnu-tools-for-stm32.14.3.rel1.win32_1.0.100.202602081740/tools/bin/../lib/gcc/arm-none-eabi/14.3.1/../../../../arm-none-eabi/lib/thumb/v7e-m+fp/hard\libc_nano.a(libc_a-findfp.o) (__sread)
C:/ST/STM32CubeIDE_2.0.0/STM32CubeIDE/plugins/com.st.stm32cube.ide.mcu.externaltools.gnu-tools-for-stm32.14.3.rel1.win32_1.0.100.202602081740/tools/bin/../lib/gcc/arm-none-eabi/14.3.1/../../../../arm-none-eabi/lib/thumb/v7e-m+fp/hard\libc_nano.a(libc_a-memset.o)
                              C:/ST/STM32CubeIDE_2.0.0/STM32CubeIDE/plugins/com.st.stm32cube.ide.mcu.externaltools.gnu-tools-for-stm32.14.3.rel1.win32_1.0.100.202602081740/tools/bin/../lib/gcc/arm-none-eabi/14.3.1/../../../../arm-none-eabi/lib/thumb/v7e-m+fp/hard/crt0.o (memset)
C:/ST/STM32CubeIDE_2.0.0/STM32CubeIDE/plugins/com.st.stm32cube.ide.mcu.externaltools.gnu-tools-for-stm32.14.3.rel1.win32_1.0.100.202602081740/tools/bin/../lib/gcc/arm-none-eabi/14.3.1/../../../../arm-none-eabi/lib/thumb/v7e-m+fp/hard\libc_nano.a(libc_a-closer.o)
                              C:/ST/STM32CubeIDE_2.0.0/STM32CubeIDE/plugins/com.st.stm32cube.ide.mcu.externaltools.gnu-tools-for-stm32.14.3.rel1.win32_1.0.100.202602081740/tools/bin/../lib/gcc/arm-none-eabi/14.3.1/../../../../arm-none-eabi/lib/thumb/v7e-m+fp/hard\libc_nano.a(libc_a-stdio.o) (_close_r)
C:/ST/STM32CubeIDE_2.0.0/STM32CubeIDE/plugins/com.st.stm32cube.ide.mcu.externaltools.gnu-tools-for-stm32.14.3.rel1.win32_1.0.100.202602081740/tools/bin/../lib/gcc/arm-none-eabi/14.3.1/../../../../arm-none-eabi/lib/thumb/v7e-m+fp/hard\libc_nano.a(libc_a-reent.o)
                              C:/ST/STM32CubeIDE_2.0.0/STM32CubeIDE/plugins/com.st.stm32cube.ide.mcu.externaltools.gnu-tools-for-stm32.14.3.rel1.win32_1.0.100.202602081740/tools/bin/../lib/gcc/arm-none-eabi/14.3.1/../../../../arm-none-eabi/lib/thumb/v7e-m+fp/hard\libc_nano.a(libc_a-closer.o) (errno)
C:/ST/STM32CubeIDE_2.0.0/STM32CubeIDE/plugins/com.st.stm32cube.ide.mcu.externaltools.gnu-tools-for-stm32.14.3.rel1.win32_1.0.100.202602081740/tools/bin/../lib/gcc/arm-none-eabi/14.3.1/../../../../arm-none-eabi/lib/thumb/v7e-m+fp/hard\libc_nano.a(libc_a-impure.o)
                              C:/ST/STM32CubeIDE_2.0.0/STM32CubeIDE/plugins/com.st.stm32cube.ide.mcu.externaltools.gnu-tools-for-stm32.14.3.rel1.win32_1.0.100.202602081740/tools/bin/../lib/gcc/arm-none-eabi/14.3.1/../../../../arm-none-eabi/lib/thumb/v7e-m+fp/hard\libc_nano.a(libc_a-reent.o) (_impure_ptr)
C:/ST/STM32CubeIDE_2.0.0/STM32CubeIDE/plugins/com.st.stm32cube.ide.mcu.externaltools.gnu-tools-for-stm32.14.3.rel1.win32_1.0.100.202602081740/tools/bin/../lib/gcc/arm-none-eabi/14.3.1/../../../../arm-none-eabi/lib/thumb/v7e-m+fp/hard\libc_nano.a(libc_a-lseekr.o)
[...]
Memory Configuration

Name             Origin             Length             Attributes
CCMRAM           0x10000000         0x00010000         xrw
RAM              0x20000000         0x00020000         xrw
FLASH            0x08000000         0x00080000         xr
*default*        0x00000000         0xffffffff

Linker script and memory map

LOAD C:/ST/STM32CubeIDE_2.0.0/STM32CubeIDE/plugins/com.st.stm32cube.ide.mcu.externaltools.gnu-tools-for-stm32.14.3.rel1.win32_1.0.100.202602081740/tools/bin/../lib/gcc/arm-none-eabi/14.3.1/thumb/v7e-m+fp/hard/crti.o
LOAD C:/ST/STM32CubeIDE_2.0.0/STM32CubeIDE/plugins/com.st.stm32cube.ide.mcu.externaltools.gnu-tools-for-stm32.14.3.rel1.win32_1.0.100.202602081740/tools/bin/../lib/gcc/arm-none-eabi/14.3.1/thumb/v7e-m+fp/hard/crtbegin.o
LOAD C:/ST/STM32CubeIDE_2.0.0/STM32CubeIDE/plugins/com.st.stm32cube.ide.mcu.externaltools.gnu-tools-for-stm32.14.3.rel1.win32_1.0.100.202602081740/tools/bin/../lib/gcc/arm-none-eabi/14.3.1/../../../../arm-none-eabi/lib/thumb/v7e-m+fp/hard/crt0.o
LOAD ./Core/Src/main.o
LOAD ./Core/Src/stm32f4xx_hal_msp.o
LOAD ./Core/Src/stm32f4xx_it.o
LOAD ./Core/Src/syscalls.o
LOAD ./Core/Src/sysmem.o
LOAD ./Core/Src/system_stm32f4xx.o
LOAD ./Core/Startup/startup_stm32f407vetx.o
LOAD ./Drivers/MPU6500/mpu6500.o
LOAD ./Drivers/STM32F4xx_HAL_Driver/Src/stm32f4xx_hal.o
LOAD ./Drivers/STM32F4xx_HAL_Driver/Src/stm32f4xx_hal_adc.o
LOAD ./Drivers/STM32F4xx_HAL_Driver/Src/stm32f4xx_hal_adc_ex.o
LOAD ./Drivers/STM32F4xx_HAL_Driver/Src/stm32f4xx_hal_cortex.o
LOAD ./Drivers/STM32F4xx_HAL_Driver/Src/stm32f4xx_hal_dma.o
LOAD ./Drivers/STM32F4xx_HAL_Driver/Src/stm32f4xx_hal_dma_ex.o
LOAD ./Drivers/STM32F4xx_HAL_Driver/Src/stm32f4xx_hal_exti.o
LOAD ./Drivers/STM32F4xx_HAL_Driver/Src/stm32f4xx_hal_flash.o
LOAD ./Drivers/STM32F4xx_HAL_Driver/Src/stm32f4xx_hal_flash_ex.o
LOAD ./Drivers/STM32F4xx_HAL_Driver/Src/stm32f4xx_hal_flash_ramfunc.o
LOAD ./Drivers/STM32F4xx_HAL_Driver/Src/stm32f4xx_hal_gpio.o
LOAD ./Drivers/STM32F4xx_HAL_Driver/Src/stm32f4xx_hal_i2c.o
LOAD ./Drivers/STM32F4xx_HAL_Driver/Src/stm32f4xx_hal_i2c_ex.o
LOAD ./Drivers/STM32F4xx_HAL_Driver/Src/stm32f4xx_hal_pwr.o
LOAD ./Drivers/STM32F4xx_HAL_Driver/Src/stm32f4xx_hal_pwr_ex.o
LOAD ./Drivers/STM32F4xx_HAL_Driver/Src/stm32f4xx_hal_rcc.o
LOAD ./Drivers/STM32F4xx_HAL_Driver/Src/stm32f4xx_hal_rcc_ex.o
LOAD ./Drivers/STM32F4xx_HAL_Driver/Src/stm32f4xx_hal_rtc.o
LOAD ./Drivers/STM32F4xx_HAL_Driver/Src/stm32f4xx_hal_rtc_ex.o
LOAD ./Drivers/STM32F4xx_HAL_Driver/Src/stm32f4xx_hal_tim.o
LOAD ./Drivers/STM32F4xx_HAL_Driver/Src/stm32f4xx_hal_tim_ex.o
LOAD ./Drivers/STM32F4xx_HAL_Driver/Src/stm32f4xx_hal_uart.o
START GROUP
LOAD C:/ST/STM32CubeIDE_2.0.0/STM32CubeIDE/plugins/com.st.stm32cube.ide.mcu.externaltools.gnu-tools-for-stm32.14.3.rel1.win32_1.0.100.202602081740/tools/bin/../lib/gcc/arm-none-eabi/14.3.1/../../../../arm-none-eabi/lib/thumb/v7e-m+fp/hard\libc_nano.a
LOAD C:/ST/STM32CubeIDE_2.0.0/STM32CubeIDE/plugins/com.st.stm32cube.ide.mcu.externaltools.gnu-tools-for-stm32.14.3.rel1.win32_1.0.100.202602081740/tools/bin/../lib/gcc/arm-none-eabi/14.3.1/../../../../arm-none-eabi/lib/thumb/v7e-m+fp/hard\libm.a
END GROUP
START GROUP
LOAD C:/ST/STM32CubeIDE_2.0.0/STM32CubeIDE/plugins/com.st.stm32cube.ide.mcu.externaltools.gnu-tools-for-stm32.14.3.rel1.win32_1.0.100.202602081740/tools/bin/../lib/gcc/arm-none-eabi/14.3.1/thumb/v7e-m+fp/hard\libgcc.a
LOAD C:/ST/STM32CubeIDE_2.0.0/STM32CubeIDE/plugins/com.st.stm32cube.ide.mcu.externaltools.gnu-tools-for-stm32.14.3.rel1.win32_1.0.100.202602081740/tools/bin/../lib/gcc/arm-none-eabi/14.3.1/../../../../arm-none-eabi/lib/thumb/v7e-m+fp/hard\libc_nano.a
END GROUP
START GROUP
LOAD C:/ST/STM32CubeIDE_2.0.0/STM32CubeIDE/plugins/com.st.stm32cube.ide.mcu.externaltools.gnu-tools-for-stm32.14.3.rel1.win32_1.0.100.202602081740/tools/bin/../lib/gcc/arm-none-eabi/14.3.1/thumb/v7e-m+fp/hard\libgcc.a
LOAD C:/ST/STM32CubeIDE_2.0.0/STM32CubeIDE/plugins/com.st.stm32cube.ide.mcu.externaltools.gnu-tools-for-stm32.14.3.rel1.win32_1.0.100.202602081740/tools/bin/../lib/gcc/arm-none-eabi/14.3.1/../../../../arm-none-eabi/lib/thumb/v7e-m+fp/hard\libc_nano.a
LOAD C:/ST/STM32CubeIDE_2.0.0/STM32CubeIDE/plugins/com.st.stm32cube.ide.mcu.externaltools.gnu-tools-for-stm32.14.3.rel1.win32_1.0.100.202602081740/tools/bin/../lib/gcc/arm-none-eabi/14.3.1/../../../../arm-none-eabi/lib/thumb/v7e-m+fp/hard\libnosys.a
END GROUP
START GROUP
LOAD C:/ST/STM32CubeIDE_2.0.0/STM32CubeIDE/plugins/com.st.stm32cube.ide.mcu.externaltools.gnu-tools-for-stm32.14.3.rel1.win32_1.0.100.202602081740/tools/bin/../lib/gcc/arm-none-eabi/14.3.1/thumb/v7e-m+fp/hard\libgcc.a
LOAD C:/ST/STM32CubeIDE_2.0.0/STM32CubeIDE/plugins/com.st.stm32cube.ide.mcu.externaltools.gnu-tools-for-stm32.14.3.rel1.win32_1.0.100.202602081740/tools/bin/../lib/gcc/arm-none-eabi/14.3.1/../../../../arm-none-eabi/lib/thumb/v7e-m+fp/hard\libc_nano.a
LOAD C:/ST/STM32CubeIDE_2.0.0/STM32CubeIDE/plugins/com.st.stm32cube.ide.mcu.externaltools.gnu-tools-for-stm32.14.3.rel1.win32_1.0.100.202602081740/tools/bin/../lib/gcc/arm-none-eabi/14.3.1/../../../../arm-none-eabi/lib/thumb/v7e-m+fp/hard\libnosys.a
END GROUP
LOAD C:/ST/STM32CubeIDE_2.0.0/STM32CubeIDE/plugins/com.st.stm32cube.ide.mcu.externaltools.gnu-tools-for-stm32.14.3.rel1.win32_1.0.100.202602081740/tools/bin/../lib/gcc/arm-none-eabi/14.3.1/thumb/v7e-m+fp/hard/crtend.o
LOAD C:/ST/STM32CubeIDE_2.0.0/STM32CubeIDE/plugins/com.st.stm32cube.ide.mcu.externaltools.gnu-tools-for-stm32.14.3.rel1.win32_1.0.100.202602081740/tools/bin/../lib/gcc/arm-none-eabi/14.3.1/thumb/v7e-m+fp/hard/crtn.o
                0x20020000                        _estack = (ORIGIN (RAM) + LENGTH (RAM))
                0x00000200                        _Min_Heap_Size = 0x200
                0x00000400                        _Min_Stack_Size = 0x400

.isr_vector     0x08000000      0x188
                0x08000000                        . = ALIGN (0x4)
 *(.isr_vector)
 .isr_vector    0x08000000      0x188 ./Core/Startup/startup_stm32f407vetx.o
                0x08000000                g_pfnVectors
                0x08000188                        . = ALIGN (0x4)

.text           0x08000188     0xa2b0
                0x08000188                        . = ALIGN (0x4)
 *(.text)
 .text          0x08000188       0x40 C:/ST/STM32CubeIDE_2.0.0/STM32CubeIDE/plugins/com.st.stm32cube.ide.mcu.externaltools.gnu-tools-for-stm32.14.3.rel1.win32_1.0.100.202602081740/tools/bin/../lib/gcc/arm-none-eabi/14.3.1/thumb/v7e-m+fp/hard/crtbegin.o
 .text          0x080001c8      0x378 C:/ST/STM32CubeIDE_2.0.0/STM32CubeIDE/plugins/com.st.stm32cube.ide.mcu.externaltools.gnu-tools-for-stm32.14.3.rel1.win32_1.0.100.202602081740/tools/bin/../lib/gcc/arm-none-eabi/14.3.1/thumb/v7e-m+fp/hard\libgcc.a(_arm_addsubdf3.o)
                0x080001c8                __aeabi_drsub
                0x080001d0                __aeabi_dsub
                0x080001d0                __subdf3
                0x080001d4                __aeabi_dadd
                0x080001d4                __adddf3
                0x0800044c                __floatunsidf
                0x0800044c                __aeabi_ui2d
                0x0800046c                __floatsidf
                0x0800046c                __aeabi_i2d
                0x08000490                __aeabi_f2d
                0x08000490                __extendsfdf2
                0x080004d4                __floatundidf
                0x080004d4                __aeabi_ul2d
                0x080004e4                __floatdidf
                0x080004e4                __aeabi_l2d
 .text          0x08000540      0x424 C:/ST/STM32CubeIDE_2.0.0/STM32CubeIDE/plugins/com.st.stm32cube.ide.mcu.externaltools.gnu-tools-for-stm32.14.3.rel1.win32_1.0.100.202602081740/tools/bin/../lib/gcc/arm-none-eabi/14.3.1/thumb/v7e-m+fp/hard\libgcc.a(_arm_muldivdf3.o)
                0x08000540                __aeabi_dmul
                0x08000540                __muldf3
                0x08000794                __divdf3
                0x08000794                __aeabi_ddiv
 .text          0x08000964      0x110 C:/ST/STM32CubeIDE_2.0.0/STM32CubeIDE/plugins/com.st.stm32cube.ide.mcu.externaltools.gnu-tools-for-stm32.14.3.rel1.win32_1.0.100.202602081740/tools/bin/../lib/gcc/arm-none-eabi/14.3.1/thumb/v7e-m+fp/hard\libgcc.a(_arm_cmpdf2.o)
                0x08000964                __gtdf2
                0x08000964                __gedf2
                0x0800096c                __ltdf2
                0x0800096c                __ledf2
                0x08000974                __nedf2
                0x08000974                __eqdf2
                0x08000974                __cmpdf2
                0x080009f0                __aeabi_cdrcmple
                0x08000a00                __aeabi_cdcmpeq
                0x08000a00                __aeabi_cdcmple
                0x08000a10                __aeabi_dcmpeq
                0x08000a24                __aeabi_dcmplt
                0x08000a38                __aeabi_dcmple
                0x08000a4c                __aeabi_dcmpge
                0x08000a60                __aeabi_dcmpgt
 .text          0x08000a74       0x50 C:/ST/STM32CubeIDE_2.0.0/STM32CubeIDE/plugins/com.st.stm32cube.ide.mcu.externaltools.gnu-tools-for-stm32.14.3.rel1.win32_1.0.100.202602081740/tools/bin/../lib/gcc/arm-none-eabi/14.3.1/thumb/v7e-m+fp/hard\libgcc.a(_arm_fixdfsi.o)
                0x08000a74                __aeabi_d2iz
                0x08000a74                __fixdfsi
 .text          0x08000ac4       0xa0 C:/ST/STM32CubeIDE_2.0.0/STM32CubeIDE/plugins/com.st.stm32cube.ide.mcu.externaltools.gnu-tools-for-stm32.14.3.rel1.win32_1.0.100.202602081740/tools/bin/../lib/gcc/arm-none-eabi/14.3.1/thumb/v7e-m+fp/hard\libgcc.a(_arm_truncdfsf2.o)
                0x08000ac4                __truncdfsf2
                0x08000ac4                __aeabi_d2f
 .text          0x08000b64       0x30 C:/ST/STM32CubeIDE_2.0.0/STM32CubeIDE/plugins/com.st.stm32cube.ide.mcu.externaltools.gnu-tools-for-stm32.14.3.rel1.win32_1.0.100.202602081740/tools/bin/../lib/gcc/arm-none-eabi/14.3.1/thumb/v7e-m+fp/hard\libgcc.a(_aeabi_uldivmod.o)
                0x08000b64                __aeabi_uldivmod
 .text          0x08000b94      0x2f8 C:/ST/STM32CubeIDE_2.0.0/STM32CubeIDE/plugins/com.st.stm32cube.ide.mcu.externaltools.gnu-tools-for-stm32.14.3.rel1.win32_1.0.100.202602081740/tools/bin/../lib/gcc/arm-none-eabi/14.3.1/thumb/v7e-m+fp/hard\libgcc.a(_udivmoddi4.o)
                0x08000b94                __udivmoddi4
 .text          0x08000e8c        0x4 C:/ST/STM32CubeIDE_2.0.0/STM32CubeIDE/plugins/com.st.stm32cube.ide.mcu.externaltools.gnu-tools-for-stm32.14.3.rel1.win32_1.0.100.202602081740/tools/bin/../lib/gcc/arm-none-eabi/14.3.1/thumb/v7e-m+fp/hard\libgcc.a(_dvmd_tls.o)
                0x08000e8c                __aeabi_idiv0
                0x08000e8c                __aeabi_ldiv0
 *(.text*)
 .text.main     0x08000e90      0x220 ./Core/Src/main.o
                0x08000e90                main
 .text.SystemClock_Config
                0x080010b0       0xd8 ./Core/Src/main.o
                0x080010b0                SystemClock_Config
 .text.MX_ADC1_Init
                0x08001188       0xa4 ./Core/Src/main.o
 .text.MX_I2C1_Init
                0x0800122c       0x5c ./Core/Src/main.o
 .text.MX_RTC_Init
                0x08001288       0xc8 ./Core/Src/main.o
 .text.MX_TIM1_Init
                0x08001350      0x158 ./Core/Src/main.o
 .text.MX_TIM3_Init
                0x080014a8      0x104 ./Core/Src/main.o
 .text.MX_TIM4_Init
                0x080015ac       0x9c ./Core/Src/main.o
 .text.MX_TIM5_Init
                0x08001648      0x130 ./Core/Src/main.o
 .text.MX_UART4_Init
                0x08001778       0x54 ./Core/Src/main.o
 .text.MX_DMA_Init
                0x080017cc       0x40 ./Core/Src/main.o
 .text.MX_GPIO_Init
                0x0800180c      0x17c ./Core/Src/main.o
 .text.moveServo
                0x08001988       0x44 ./Core/Src/main.o
                0x08001988                moveServo
 .text.setServoAngle
                0x080019cc       0x74 ./Core/Src/main.o
                0x080019cc                setServoAngle
 .text.readMPU  0x08001a40      0x134 ./Core/Src/main.o
                0x08001a40                readMPU
 .text.readBattery
                0x08001b74       0xbc ./Core/Src/main.o
                0x08001b74                readBattery
 .text.UGV_setSpeed
                0x08001c30       0xc0 ./Core/Src/main.o
                0x08001c30                UGV_setSpeed
 .text.UGV_setDirection
                0x08001cf0       0x58 ./Core/Src/main.o
                0x08001cf0                UGV_setDirection
 .text.ELRS_Map
                0x08001d48       0x5c ./Core/Src/main.o
                0x08001d48                ELRS_Map
 .text.CRSF_Parser
                0x08001da4      0x25a ./Core/Src/main.o
                0x08001da4                CRSF_Parser
 .text.extractELRS
                0x08001ffe      0x2ec ./Core/Src/main.o
                0x08001ffe                extractELRS
 *fill*         0x080022ea        0x2 
 .text.crsf_crc8
                0x080022ec       0x44 ./Core/Src/main.o
                0x080022ec                crsf_crc8
 .text.bitMask  0x08002330       0x74 ./Core/Src/main.o
                0x08002330                bitMask
 .text.complementaryFilter
                0x080023a4      0x134 ./Core/Src/main.o
                0x080023a4                complementaryFilter
 .text.UAV_error
                0x080024d8       0xa0 ./Core/Src/main.o
                0x080024d8                UAV_error
 .text.UAV_PID  0x08002578      0x110 ./Core/Src/main.o
                0x08002578                UAV_PID
 .text.UAV_Thrust
                0x08002688      0x148 ./Core/Src/main.o
                0x08002688                UAV_Thrust
 .text.HAL_UART_RxCpltCallback
                0x080027d0      0x164 ./Core/Src/main.o
                0x080027d0                HAL_UART_RxCpltCallback
 .text.HAL_TIM_PeriodElapsedCallback
                0x08002934       0x90 ./Core/Src/main.o
                0x08002934                HAL_TIM_PeriodElapsedCallback
 .text.HAL_RTCEx_WakeUpTimerEventCallback
                0x080029c4       0x5c ./Core/Src/main.o
                0x080029c4                HAL_RTCEx_WakeUpTimerEventCallback
 .text.HAL_GPIO_EXTI_Callback
                0x08002a20       0x28 ./Core/Src/main.o
                0x08002a20                HAL_GPIO_EXTI_Callback
 .text.Error_Handler
                0x08002a48        0x8 ./Core/Src/main.o
                0x08002a48                Error_Handler
 .text.HAL_MspInit
                0x08002a50       0x50 ./Core/Src/stm32f4xx_hal_msp.o
                0x08002a50                HAL_MspInit
 .text.HAL_ADC_MspInit
                0x08002aa0       0xf0 ./Core/Src/stm32f4xx_hal_msp.o
                0x08002aa0                HAL_ADC_MspInit
 .text.HAL_I2C_MspInit
                0x08002b90       0x90 ./Core/Src/stm32f4xx_hal_msp.o
                0x08002b90                HAL_I2C_MspInit
 .text.HAL_RTC_MspInit
                0x08002c20       0x64 ./Core/Src/stm32f4xx_hal_msp.o
                0x08002c20                HAL_RTC_MspInit
 .text.HAL_TIM_Base_MspInit
                0x08002c84       0xd4 ./Core/Src/stm32f4xx_hal_msp.o
                0x08002c84                HAL_TIM_Base_MspInit
 .text.HAL_TIM_MspPostInit
                0x08002d58      0x114 ./Core/Src/stm32f4xx_hal_msp.o
                0x08002d58                HAL_TIM_MspPostInit
 .text.HAL_UART_MspInit
                0x08002e6c       0xa0 ./Core/Src/stm32f4xx_hal_msp.o
                0x08002e6c                HAL_UART_MspInit
 .text.NMI_Handler
                0x08002f0c        0x8 ./Core/Src/stm32f4xx_it.o
                0x08002f0c                NMI_Handler
 .text.HardFault_Handler
                0x08002f14        0x8 ./Core/Src/stm32f4xx_it.o
                0x08002f14                HardFault_Handler
 .text.MemManage_Handler
                0x08002f1c        0x8 ./Core/Src/stm32f4xx_it.o
                0x08002f1c                MemManage_Handler
 .text.BusFault_Handler
                0x08002f24        0x8 ./Core/Src/stm32f4xx_it.o
                0x08002f24                BusFault_Handler
 .text.UsageFault_Handler
                0x08002f2c        0x8 ./Core/Src/stm32f4xx_it.o
                0x08002f2c                UsageFault_Handler
 .text.SVC_Handler
                0x08002f34        0xe ./Core/Src/stm32f4xx_it.o
                0x08002f34                SVC_Handler
 .text.DebugMon_Handler
                0x08002f42        0xe ./Core/Src/stm32f4xx_it.o
                0x08002f42                DebugMon_Handler
 .text.PendSV_Handler
                0x08002f50        0xe ./Core/Src/stm32f4xx_it.o
                0x08002f50                PendSV_Handler
 .text.SysTick_Handler
                0x08002f5e        0xc ./Core/Src/stm32f4xx_it.o
                0x08002f5e                SysTick_Handler
 *fill*         0x08002f6a        0x2 
 .text.RTC_WKUP_IRQHandler
                0x08002f6c       0x14 ./Core/Src/stm32f4xx_it.o
                0x08002f6c                RTC_WKUP_IRQHandler
 .text.EXTI9_5_IRQHandler
                0x08002f80       0x10 ./Core/Src/stm32f4xx_it.o
                0x08002f80                EXTI9_5_IRQHandler
 .text.TIM4_IRQHandler
                0x08002f90       0x14 ./Core/Src/stm32f4xx_it.o
                0x08002f90                TIM4_IRQHandler
 .text.UART4_IRQHandler
                0x08002fa4       0x14 ./Core/Src/stm32f4xx_it.o
                0x08002fa4                UART4_IRQHandler
 .text.DMA2_Stream0_IRQHandler
                0x08002fb8       0x14 ./Core/Src/stm32f4xx_it.o
                0x08002fb8                DMA2_Stream0_IRQHandler
 .text.SystemInit
                0x08002fcc       0x24 ./Core/Src/system_stm32f4xx.o
                0x08002fcc                SystemInit
 .text.Reset_Handler
                0x08002ff0       0x50 ./Core/Startup/startup_stm32f407vetx.o
                0x08002ff0                Reset_Handler
 .text.Default_Handler
                0x08003040        0x2 ./Core/Startup/startup_stm32f407vetx.o
                0x08003040                RTC_Alarm_IRQHandler
                0x08003040                HASH_RNG_IRQHandler
                0x08003040                EXTI2_IRQHandler
                0x08003040                TIM8_CC_IRQHandler
                0x08003040                TIM1_CC_IRQHandler
                0x08003040                DMA2_Stream5_IRQHandler
                0x08003040                DMA1_Stream5_IRQHandler
                0x08003040                PVD_IRQHandler
                0x08003040                SDIO_IRQHandler
                0x08003040                TAMP_STAMP_IRQHandler
                0x08003040                CAN2_RX1_IRQHandler
                0x08003040                EXTI3_IRQHandler
                0x08003040                TIM8_TRG_COM_TIM14_IRQHandler
                0x08003040                TIM1_UP_TIM10_IRQHandler
                0x08003040                TIM8_UP_TIM13_IRQHandler
                0x08003040                I2C3_ER_IRQHandler
                0x08003040                EXTI0_IRQHandler
                0x08003040                I2C2_EV_IRQHandler
                0x08003040                DMA1_Stream2_IRQHandler
                0x08003040                CAN1_RX0_IRQHandler
                0x08003040                FPU_IRQHandler
                0x08003040                OTG_HS_WKUP_IRQHandler
                0x08003040                CAN2_SCE_IRQHandler
                0x08003040                DMA2_Stream2_IRQHandler
                0x08003040                SPI1_IRQHandler
                0x08003040                TIM6_DAC_IRQHandler
                0x08003040                TIM1_BRK_TIM9_IRQHandler
                0x08003040                DCMI_IRQHandler
                0x08003040                CAN2_RX0_IRQHandler
                0x08003040                DMA2_Stream3_IRQHandler
                0x08003040                USART6_IRQHandler
                0x08003040                USART3_IRQHandler
                0x08003040                CAN1_RX1_IRQHandler
                0x08003040                UART5_IRQHandler
                0x08003040                I2C1_EV_IRQHandler
                0x08003040                DMA1_Stream6_IRQHandler
                0x08003040                DMA1_Stream1_IRQHandler
                0x08003040                TIM3_IRQHandler
                0x08003040                RCC_IRQHandler
                0x08003040                TIM8_BRK_TIM12_IRQHandler
                0x08003040                Default_Handler
                0x08003040                EXTI15_10_IRQHandler
                0x08003040                ADC_IRQHandler
                0x08003040                DMA1_Stream7_IRQHandler
                0x08003040                TIM7_IRQHandler
                0x08003040                CAN2_TX_IRQHandler
                0x08003040                TIM5_IRQHandler
                0x08003040                DMA2_Stream7_IRQHandler
                0x08003040                I2C3_EV_IRQHandler
                0x08003040                ETH_WKUP_IRQHandler
                0x08003040                SPI2_IRQHandler
                0x08003040                OTG_HS_EP1_IN_IRQHandler
                0x08003040                DMA1_Stream0_IRQHandler
                0x08003040                CAN1_TX_IRQHandler
                0x08003040                EXTI4_IRQHandler
                0x08003040                FSMC_IRQHandler
                0x08003040                ETH_IRQHandler
                0x08003040                OTG_HS_EP1_OUT_IRQHandler
                0x08003040                WWDG_IRQHandler
                0x08003040                TIM2_IRQHandler
                0x08003040                OTG_FS_WKUP_IRQHandler
                0x08003040                TIM1_TRG_COM_TIM11_IRQHandler
                0x08003040                OTG_HS_IRQHandler
                0x08003040                EXTI1_IRQHandler
                0x08003040                USART2_IRQHandler
                0x08003040                I2C2_ER_IRQHandler
                0x08003040                DMA2_Stream1_IRQHandler
                0x08003040                CAN1_SCE_IRQHandler
                0x08003040                FLASH_IRQHandler
                0x08003040                DMA2_Stream4_IRQHandler
                0x08003040                USART1_IRQHandler
                0x08003040                OTG_FS_IRQHandler
                0x08003040                SPI3_IRQHandler
                0x08003040                DMA1_Stream4_IRQHandler
                0x08003040                I2C1_ER_IRQHandler
                0x08003040                DMA2_Stream6_IRQHandler
                0x08003040                DMA1_Stream3_IRQHandler
 *fill*         0x08003042        0x2 
 .text.MPU6500_WriteRegister
                0x08003044       0x3c ./Drivers/MPU6500/mpu6500.o
 .text.MPU6500_ReadRegister
                0x08003080       0x38 ./Drivers/MPU6500/mpu6500.o
 .text.MPU6500_Reset
                0x080030b8       0x12 ./Drivers/MPU6500/mpu6500.o
 .text.MPU6500_ConfigureClock
                0x080030ca       0x12 ./Drivers/MPU6500/mpu6500.o
 .text.MPU6500_ConfigureAccel
                0x080030dc       0x3c ./Drivers/MPU6500/mpu6500.o
 .text.MPU6500_ConfigureGyro
                0x08003118       0x3c ./Drivers/MPU6500/mpu6500.o
 .text.MPU6500_EnableTemperatureSensor
                0x08003154       0x3c ./Drivers/MPU6500/mpu6500.o
 .text.MPU6500_ConfigureInterrupts
                0x08003190       0x26 ./Drivers/MPU6500/mpu6500.o
 .text.MPU6500_Init
                0x080031b6       0x82 ./Drivers/MPU6500/mpu6500.o
                0x080031b6                MPU6500_Init
 .text.MPU6500_EnableDataReadyInterrupts
                0x08003238       0x12 ./Drivers/MPU6500/mpu6500.o
                0x08003238                MPU6500_EnableDataReadyInterrupts
 *fill*         0x0800324a        0x2 
 .text.MPU6500_ReadAccel
                0x0800324c       0x80 ./Drivers/MPU6500/mpu6500.o
                0x0800324c                MPU6500_ReadAccel
 .text.MPU6500_ReadGyro
                0x080032cc       0x80 ./Drivers/MPU6500/mpu6500.o
                0x080032cc                MPU6500_ReadGyro
 .text.HAL_Init
                0x0800334c       0x44 ./Drivers/STM32F4xx_HAL_Driver/Src/stm32f4xx_hal.o
                0x0800334c                HAL_Init
 .text.HAL_InitTick
                0x08003390       0x60 ./Drivers/STM32F4xx_HAL_Driver/Src/stm32f4xx_hal.o
                0x08003390                HAL_InitTick
 .text.HAL_IncTick
                0x080033f0       0x28 ./Drivers/STM32F4xx_HAL_Driver/Src/stm32f4xx_hal.o
                0x080033f0                HAL_IncTick
 .text.HAL_GetTick
                0x08003418       0x18 ./Drivers/STM32F4xx_HAL_Driver/Src/stm32f4xx_hal.o
                0x08003418                HAL_GetTick
 .text.HAL_Delay
                0x08003430       0x48 ./Drivers/STM32F4xx_HAL_Driver/Src/stm32f4xx_hal.o
                0x08003430                HAL_Delay
 .text.HAL_ADC_Init
                0x08003478       0x86 ./Drivers/STM32F4xx_HAL_Driver/Src/stm32f4xx_hal_adc.o
                0x08003478                HAL_ADC_Init
 *fill*         0x080034fe        0x2 
 .text.HAL_ADC_Start_DMA
                0x08003500      0x228 ./Drivers/STM32F4xx_HAL_Driver/Src/stm32f4xx_hal_adc.o
                0x08003500                HAL_ADC_Start_DMA
 .text.HAL_ADC_ConvCpltCallback
                0x08003728       0x14 ./Drivers/STM32F4xx_HAL_Driver/Src/stm32f4xx_hal_adc.o
                0x08003728                HAL_ADC_ConvCpltCallback
 .text.HAL_ADC_ConvHalfCpltCallback
                0x0800373c       0x14 ./Drivers/STM32F4xx_HAL_Driver/Src/stm32f4xx_hal_adc.o
                0x0800373c                HAL_ADC_ConvHalfCpltCallback
 .text.HAL_ADC_ErrorCallback
                0x08003750       0x14 ./Drivers/STM32F4xx_HAL_Driver/Src/stm32f4xx_hal_adc.o
                0x08003750                HAL_ADC_ErrorCallback
 .text.HAL_ADC_ConfigChannel
                0x08003764      0x244 ./Drivers/STM32F4xx_HAL_Driver/Src/stm32f4xx_hal_adc.o
                0x08003764                HAL_ADC_ConfigChannel
 .text.ADC_Init
                0x080039a8      0x1f8 ./Drivers/STM32F4xx_HAL_Driver/Src/stm32f4xx_hal_adc.o
 .text.ADC_DMAConvCplt
                0x08003ba0       0xba ./Drivers/STM32F4xx_HAL_Driver/Src/stm32f4xx_hal_adc.o
 .text.ADC_DMAHalfConvCplt
                0x08003c5a       0x1c ./Drivers/STM32F4xx_HAL_Driver/Src/stm32f4xx_hal_adc.o
 .text.ADC_DMAError
                0x08003c76       0x2e ./Drivers/STM32F4xx_HAL_Driver/Src/stm32f4xx_hal_adc.o
 .text.__NVIC_SetPriorityGrouping
                0x08003ca4       0x48 ./Drivers/STM32F4xx_HAL_Driver/Src/stm32f4xx_hal_cortex.o
 .text.__NVIC_GetPriorityGrouping
                0x08003cec       0x1c ./Drivers/STM32F4xx_HAL_Driver/Src/stm32f4xx_hal_cortex.o
 .text.__NVIC_EnableIRQ
                0x08003d08       0x3c ./Drivers/STM32F4xx_HAL_Driver/Src/stm32f4xx_hal_cortex.o
 .text.__NVIC_SetPriority
                0x08003d44       0x54 ./Drivers/STM32F4xx_HAL_Driver/Src/stm32f4xx_hal_cortex.o
 .text.NVIC_EncodePriority
                0x08003d98       0x66 ./Drivers/STM32F4xx_HAL_Driver/Src/stm32f4xx_hal_cortex.o
 *fill*         0x08003dfe        0x2 
 .text.SysTick_Config
                0x08003e00       0x44 ./Drivers/STM32F4xx_HAL_Driver/Src/stm32f4xx_hal_cortex.o
 .text.HAL_NVIC_SetPriorityGrouping
                0x08003e44       0x16 ./Drivers/STM32F4xx_HAL_Driver/Src/stm32f4xx_hal_cortex.o
                0x08003e44                HAL_NVIC_SetPriorityGrouping
 .text.HAL_NVIC_SetPriority
                0x08003e5a       0x38 ./Drivers/STM32F4xx_HAL_Driver/Src/stm32f4xx_hal_cortex.o
                0x08003e5a                HAL_NVIC_SetPriority
 .text.HAL_NVIC_EnableIRQ
                0x08003e92       0x1c ./Drivers/STM32F4xx_HAL_Driver/Src/stm32f4xx_hal_cortex.o
                0x08003e92                HAL_NVIC_EnableIRQ
 .text.HAL_SYSTICK_Config
                0x08003eae       0x18 ./Drivers/STM32F4xx_HAL_Driver/Src/stm32f4xx_hal_cortex.o
                0x08003eae                HAL_SYSTICK_Config
 *fill*         0x08003ec6        0x2 
 .text.HAL_DMA_Init
                0x08003ec8      0x15c ./Drivers/STM32F4xx_HAL_Driver/Src/stm32f4xx_hal_dma.o
                0x08003ec8                HAL_DMA_Init
 .text.HAL_DMA_Start_IT
                0x08004024       0xb0 ./Drivers/STM32F4xx_HAL_Driver/Src/stm32f4xx_hal_dma.o
                0x08004024                HAL_DMA_Start_IT
 .text.HAL_DMA_Abort
                0x080040d4       0xe0 ./Drivers/STM32F4xx_HAL_Driver/Src/stm32f4xx_hal_dma.o
                0x080040d4                HAL_DMA_Abort
 .text.HAL_DMA_Abort_IT
                0x080041b4       0x44 ./Drivers/STM32F4xx_HAL_Driver/Src/stm32f4xx_hal_dma.o
                0x080041b4                HAL_DMA_Abort_IT
 .text.HAL_DMA_IRQHandler
                0x080041f8      0x314 ./Drivers/STM32F4xx_HAL_Driver/Src/stm32f4xx_hal_dma.o
                0x080041f8                HAL_DMA_IRQHandler
 .text.DMA_SetConfig
                0x0800450c       0x5c ./Drivers/STM32F4xx_HAL_Driver/Src/stm32f4xx_hal_dma.o
 .text.DMA_CalcBaseAndBitshift
                0x08004568       0x6c ./Drivers/STM32F4xx_HAL_Driver/Src/stm32f4xx_hal_dma.o
 .text.DMA_CheckFifoParam
                0x080045d4       0xf8 ./Drivers/STM32F4xx_HAL_Driver/Src/stm32f4xx_hal_dma.o
 .text.HAL_GPIO_Init
                0x080046cc      0x338 ./Drivers/STM32F4xx_HAL_Driver/Src/stm32f4xx_hal_gpio.o
                0x080046cc                HAL_GPIO_Init
 .text.HAL_GPIO_WritePin
                0x08004a04       0x32 ./Drivers/STM32F4xx_HAL_Driver/Src/stm32f4xx_hal_gpio.o
                0x08004a04                HAL_GPIO_WritePin
 *fill*         0x08004a36        0x2 
 .text.HAL_GPIO_EXTI_IRQHandler
                0x08004a38       0x30 ./Drivers/STM32F4xx_HAL_Driver/Src/stm32f4xx_hal_gpio.o
                0x08004a38                HAL_GPIO_EXTI_IRQHandler
 .text.HAL_I2C_Init
                0x08004a68      0x288 ./Drivers/STM32F4xx_HAL_Driver/Src/stm32f4xx_hal_i2c.o
                0x08004a68                HAL_I2C_Init
 .text.HAL_I2C_Mem_Write
                0x08004cf0      0x1f4 ./Drivers/STM32F4xx_HAL_Driver/Src/stm32f4xx_hal_i2c.o
                0x08004cf0                HAL_I2C_Mem_Write
 .text.HAL_I2C_Mem_Read
                0x08004ee4      0x464 ./Drivers/STM32F4xx_HAL_Driver/Src/stm32f4xx_hal_i2c.o
                0x08004ee4                HAL_I2C_Mem_Read
 .text.I2C_RequestMemoryWrite
                0x08005348      0x12c ./Drivers/STM32F4xx_HAL_Driver/Src/stm32f4xx_hal_i2c.o
 .text.I2C_RequestMemoryRead
                0x08005474      0x1d0 ./Drivers/STM32F4xx_HAL_Driver/Src/stm32f4xx_hal_i2c.o
 .text.I2C_WaitOnFlagUntilTimeout
                0x08005644       0xf4 ./Drivers/STM32F4xx_HAL_Driver/Src/stm32f4xx_hal_i2c.o
 .text.I2C_WaitOnMasterAddressFlagUntilTimeout
                0x08005738      0x140 ./Drivers/STM32F4xx_HAL_Driver/Src/stm32f4xx_hal_i2c.o
 .text.I2C_WaitOnTXEFlagUntilTimeout
                0x08005878       0x90 ./Drivers/STM32F4xx_HAL_Driver/Src/stm32f4xx_hal_i2c.o
 .text.I2C_WaitOnBTFFlagUntilTimeout
                0x08005908       0x90 ./Drivers/STM32F4xx_HAL_Driver/Src/stm32f4xx_hal_i2c.o
 .text.I2C_WaitOnRXNEFlagUntilTimeout
                0x08005998       0xba ./Drivers/STM32F4xx_HAL_Driver/Src/stm32f4xx_hal_i2c.o
 .text.I2C_IsAcknowledgeFailed
                0x08005a52       0x5e ./Drivers/STM32F4xx_HAL_Driver/Src/stm32f4xx_hal_i2c.o
 .text.HAL_RCC_OscConfig
                0x08005ab0      0x4f0 ./Drivers/STM32F4xx_HAL_Driver/Src/stm32f4xx_hal_rcc.o
                0x08005ab0                HAL_RCC_OscConfig
 .text.HAL_RCC_ClockConfig
                0x08005fa0      0x1cc ./Drivers/STM32F4xx_HAL_Driver/Src/stm32f4xx_hal_rcc.o
                0x08005fa0                HAL_RCC_ClockConfig
 .text.HAL_RCC_GetSysClockFreq
                0x0800616c      0x20c ./Drivers/STM32F4xx_HAL_Driver/Src/stm32f4xx_hal_rcc.o
                0x0800616c                HAL_RCC_GetSysClockFreq
 .text.HAL_RCC_GetHCLKFreq
                0x08006378       0x18 ./Drivers/STM32F4xx_HAL_Driver/Src/stm32f4xx_hal_rcc.o
                0x08006378                HAL_RCC_GetHCLKFreq
 .text.HAL_RCC_GetPCLK1Freq
                0x08006390       0x28 ./Drivers/STM32F4xx_HAL_Driver/Src/stm32f4xx_hal_rcc.o
                0x08006390                HAL_RCC_GetPCLK1Freq
 .text.HAL_RCC_GetPCLK2Freq
                0x080063b8       0x28 ./Drivers/STM32F4xx_HAL_Driver/Src/stm32f4xx_hal_rcc.o
                0x080063b8                HAL_RCC_GetPCLK2Freq
 .text.HAL_RCCEx_PeriphCLKConfig
                0x080063e0      0x1c4 ./Drivers/STM32F4xx_HAL_Driver/Src/stm32f4xx_hal_rcc_ex.o
                0x080063e0                HAL_RCCEx_PeriphCLKConfig
 .text.HAL_RTC_Init
                0x080065a4      0x102 ./Drivers/STM32F4xx_HAL_Driver/Src/stm32f4xx_hal_rtc.o
                0x080065a4                HAL_RTC_Init
 .text.HAL_RTC_SetTime
                0x080066a6      0x134 ./Drivers/STM32F4xx_HAL_Driver/Src/stm32f4xx_hal_rtc.o
                0x080066a6                HAL_RTC_SetTime
 .text.HAL_RTC_SetDate
                0x080067da      0x108 ./Drivers/STM32F4xx_HAL_Driver/Src/stm32f4xx_hal_rtc.o
                0x080067da                HAL_RTC_SetDate
 *fill*         0x080068e2        0x2 
 .text.HAL_RTC_WaitForSynchro
                0x080068e4       0x4c ./Drivers/STM32F4xx_HAL_Driver/Src/stm32f4xx_hal_rtc.o
                0x080068e4                HAL_RTC_WaitForSynchro
 .text.RTC_EnterInitMode
                0x08006930       0x6e ./Drivers/STM32F4xx_HAL_Driver/Src/stm32f4xx_hal_rtc.o
                0x08006930                RTC_EnterInitMode
 .text.RTC_ExitInitMode
                0x0800699e       0x4a ./Drivers/STM32F4xx_HAL_Driver/Src/stm32f4xx_hal_rtc.o
                0x0800699e                RTC_ExitInitMode
 .text.RTC_ByteToBcd2
                0x080069e8       0x3c ./Drivers/STM32F4xx_HAL_Driver/Src/stm32f4xx_hal_rtc.o
                0x080069e8                RTC_ByteToBcd2
 .text.HAL_RTCEx_SetWakeUpTimer_IT
                0x08006a24      0x184 ./Drivers/STM32F4xx_HAL_Driver/Src/stm32f4xx_hal_rtc_ex.o
                0x08006a24                HAL_RTCEx_SetWakeUpTimer_IT
 .text.HAL_RTCEx_WakeUpTimerIRQHandler
                0x08006ba8       0x48 ./Drivers/STM32F4xx_HAL_Driver/Src/stm32f4xx_hal_rtc_ex.o
                0x08006ba8                HAL_RTCEx_WakeUpTimerIRQHandler
 .text.HAL_TIM_Base_Init
                0x08006bf0       0x9e ./Drivers/STM32F4xx_HAL_Driver/Src/stm32f4xx_hal_tim.o
                0x08006bf0                HAL_TIM_Base_Init
 *fill*         0x08006c8e        0x2 
 .text.HAL_TIM_Base_Start_IT
                0x08006c90       0xe0 ./Drivers/STM32F4xx_HAL_Driver/Src/stm32f4xx_hal_tim.o
                0x08006c90                HAL_TIM_Base_Start_IT
 .text.HAL_TIM_PWM_Init
                0x08006d70       0x9e ./Drivers/STM32F4xx_HAL_Driver/Src/stm32f4xx_hal_tim.o
                0x08006d70                HAL_TIM_PWM_Init
 .text.HAL_TIM_PWM_MspInit
                0x08006e0e       0x14 ./Drivers/STM32F4xx_HAL_Driver/Src/stm32f4xx_hal_tim.o
                0x08006e0e                HAL_TIM_PWM_MspInit
 *fill*         0x08006e22        0x2 
 .text.HAL_TIM_PWM_Start
                0x08006e24      0x190 ./Drivers/STM32F4xx_HAL_Driver/Src/stm32f4xx_hal_tim.o
                0x08006e24                HAL_TIM_PWM_Start
 .text.HAL_TIM_IRQHandler
                0x08006fb4      0x1e0 ./Drivers/STM32F4xx_HAL_Driver/Src/stm32f4xx_hal_tim.o
                0x08006fb4                HAL_TIM_IRQHandler
 .text.HAL_TIM_PWM_ConfigChannel
                0x08007194      0x184 ./Drivers/STM32F4xx_HAL_Driver/Src/stm32f4xx_hal_tim.o
                0x08007194                HAL_TIM_PWM_ConfigChannel
 .text.HAL_TIM_ConfigClockSource
                0x08007318      0x18e ./Drivers/STM32F4xx_HAL_Driver/Src/stm32f4xx_hal_tim.o
                0x08007318                HAL_TIM_ConfigClockSource
 .text.HAL_TIM_OC_DelayElapsedCallback
                0x080074a6       0x14 ./Drivers/STM32F4xx_HAL_Driver/Src/stm32f4xx_hal_tim.o
                0x080074a6                HAL_TIM_OC_DelayElapsedCallback
 .text.HAL_TIM_IC_CaptureCallback
                0x080074ba       0x14 ./Drivers/STM32F4xx_HAL_Driver/Src/stm32f4xx_hal_tim.o
                0x080074ba                HAL_TIM_IC_CaptureCallback
 .text.HAL_TIM_PWM_PulseFinishedCallback
                0x080074ce       0x14 ./Drivers/STM32F4xx_HAL_Driver/Src/stm32f4xx_hal_tim.o
                0x080074ce                HAL_TIM_PWM_PulseFinishedCallback
 .text.HAL_TIM_TriggerCallback
                0x080074e2       0x14 ./Drivers/STM32F4xx_HAL_Driver/Src/stm32f4xx_hal_tim.o
                0x080074e2                HAL_TIM_TriggerCallback
 *fill*         0x080074f6        0x2 
 .text.TIM_Base_SetConfig
                0x080074f8      0x14c ./Drivers/STM32F4xx_HAL_Driver/Src/stm32f4xx_hal_tim.o
                0x080074f8                TIM_Base_SetConfig
 .text.TIM_OC1_SetConfig
                0x08007644       0xe0 ./Drivers/STM32F4xx_HAL_Driver/Src/stm32f4xx_hal_tim.o
 .text.TIM_OC2_SetConfig
                0x08007724       0xec ./Drivers/STM32F4xx_HAL_Driver/Src/stm32f4xx_hal_tim.o
                0x08007724                TIM_OC2_SetConfig
 .text.TIM_OC3_SetConfig
                0x08007810       0xe8 ./Drivers/STM32F4xx_HAL_Driver/Src/stm32f4xx_hal_tim.o
 .text.TIM_OC4_SetConfig
                0x080078f8       0xac ./Drivers/STM32F4xx_HAL_Driver/Src/stm32f4xx_hal_tim.o
 .text.TIM_TI1_ConfigInputStage
                0x080079a4       0x5e ./Drivers/STM32F4xx_HAL_Driver/Src/stm32f4xx_hal_tim.o
 .text.TIM_TI2_ConfigInputStage
                0x08007a02       0x60 ./Drivers/STM32F4xx_HAL_Driver/Src/stm32f4xx_hal_tim.o
 .text.TIM_ITRx_SetConfig
                0x08007a62       0x36 ./Drivers/STM32F4xx_HAL_Driver/Src/stm32f4xx_hal_tim.o
 .text.TIM_ETR_SetConfig
                0x08007a98       0x40 ./Drivers/STM32F4xx_HAL_Driver/Src/stm32f4xx_hal_tim.o
                0x08007a98                TIM_ETR_SetConfig
 .text.TIM_CCxChannelCmd
                0x08007ad8       0x4a ./Drivers/STM32F4xx_HAL_Driver/Src/stm32f4xx_hal_tim.o
                0x08007ad8                TIM_CCxChannelCmd
 *fill*         0x08007b22        0x2 
 .text.HAL_TIMEx_MasterConfigSynchronization
                0x08007b24       0xf8 ./Drivers/STM32F4xx_HAL_Driver/Src/stm32f4xx_hal_tim_ex.o
                0x08007b24                HAL_TIMEx_MasterConfigSynchronization
 .text.HAL_TIMEx_ConfigBreakDeadTime
                0x08007c1c       0xa4 ./Drivers/STM32F4xx_HAL_Driver/Src/stm32f4xx_hal_tim_ex.o
                0x08007c1c                HAL_TIMEx_ConfigBreakDeadTime
 .text.HAL_TIMEx_CommutCallback
                0x08007cc0       0x14 ./Drivers/STM32F4xx_HAL_Driver/Src/stm32f4xx_hal_tim_ex.o
                0x08007cc0                HAL_TIMEx_CommutCallback
 .text.HAL_TIMEx_BreakCallback
                0x08007cd4       0x14 ./Drivers/STM32F4xx_HAL_Driver/Src/stm32f4xx_hal_tim_ex.o
                0x08007cd4                HAL_TIMEx_BreakCallback
 .text.HAL_UART_Init
                0x08007ce8       0xa0 ./Drivers/STM32F4xx_HAL_Driver/Src/stm32f4xx_hal_uart.o
                0x08007ce8                HAL_UART_Init
 .text.HAL_UART_Receive_IT
                0x08007d88       0x4a ./Drivers/STM32F4xx_HAL_Driver/Src/stm32f4xx_hal_uart.o
                0x08007d88                HAL_UART_Receive_IT
 *fill*         0x08007dd2        0x2 
 .text.HAL_UART_IRQHandler
                0x08007dd4      0x554 ./Drivers/STM32F4xx_HAL_Driver/Src/stm32f4xx_hal_uart.o
                0x08007dd4                HAL_UART_IRQHandler
 .text.HAL_UART_TxCpltCallback
                0x08008328       0x14 ./Drivers/STM32F4xx_HAL_Driver/Src/stm32f4xx_hal_uart.o
                0x08008328                HAL_UART_TxCpltCallback
 .text.HAL_UART_ErrorCallback
                0x0800833c       0x14 ./Drivers/STM32F4xx_HAL_Driver/Src/stm32f4xx_hal_uart.o
                0x0800833c                HAL_UART_ErrorCallback
 .text.HAL_UARTEx_RxEventCallback
                0x08008350       0x18 ./Drivers/STM32F4xx_HAL_Driver/Src/stm32f4xx_hal_uart.o
                0x08008350                HAL_UARTEx_RxEventCallback
 .text.UART_Start_Receive_IT
                0x08008368       0x74 ./Drivers/STM32F4xx_HAL_Driver/Src/stm32f4xx_hal_uart.o
                0x08008368                UART_Start_Receive_IT
 .text.UART_EndRxTransfer
                0x080083dc       0xc6 ./Drivers/STM32F4xx_HAL_Driver/Src/stm32f4xx_hal_uart.o
 .text.UART_DMAAbortOnError
                0x080084a2       0x22 ./Drivers/STM32F4xx_HAL_Driver/Src/stm32f4xx_hal_uart.o
 .text.UART_Transmit_IT
                0x080084c4       0xa0 ./Drivers/STM32F4xx_HAL_Driver/Src/stm32f4xx_hal_uart.o
 .text.UART_EndTransmit_IT
                0x08008564       0x30 ./Drivers/STM32F4xx_HAL_Driver/Src/stm32f4xx_hal_uart.o
 .text.UART_Receive_IT
                0x08008594      0x17c ./Drivers/STM32F4xx_HAL_Driver/Src/stm32f4xx_hal_uart.o
 .text.UART_SetConfig
                0x08008710      0x4e8 ./Drivers/STM32F4xx_HAL_Driver/Src/stm32f4xx_hal_uart.o
 .text.memset   0x08008bf8       0x10 C:/ST/STM32CubeIDE_2.0.0/STM32CubeIDE/plugins/com.st.stm32cube.ide.mcu.externaltools.gnu-tools-for-stm32.14.3.rel1.win32_1.0.100.202602081740/tools/bin/../lib/gcc/arm-none-eabi/14.3.1/../../../../arm-none-eabi/lib/thumb/v7e-m+fp/hard\libc_nano.a(libc_a-memset.o)
                0x08008bf8                memset
 .text.__errno  0x08008c08        0xc C:/ST/STM32CubeIDE_2.0.0/STM32CubeIDE/plugins/com.st.stm32cube.ide.mcu.externaltools.gnu-tools-for-stm32.14.3.rel1.win32_1.0.100.202602081740/tools/bin/../lib/gcc/arm-none-eabi/14.3.1/../../../../arm-none-eabi/lib/thumb/v7e-m+fp/hard\libc_nano.a(libc_a-errno.o)
                0x08008c08                __errno
 .text.__libc_init_array
                0x08008c14       0x48 C:/ST/STM32CubeIDE_2.0.0/STM32CubeIDE/plugins/com.st.stm32cube.ide.mcu.externaltools.gnu-tools-for-stm32.14.3.rel1.win32_1.0.100.202602081740/tools/bin/../lib/gcc/arm-none-eabi/14.3.1/../../../../arm-none-eabi/lib/thumb/v7e-m+fp/hard\libc_nano.a(libc_a-init.o)
                0x08008c14                __libc_init_array
 *fill*         0x08008c5c        0x4 
 .text.cos      0x08008c60       0x88 C:/ST/STM32CubeIDE_2.0.0/STM32CubeIDE/plugins/com.st.stm32cube.ide.mcu.externaltools.gnu-tools-for-stm32.14.3.rel1.win32_1.0.100.202602081740/tools/bin/../lib/gcc/arm-none-eabi/14.3.1/../../../../arm-none-eabi/lib/thumb/v7e-m+fp/hard\libm.a(libm_a-s_cos.o)
                0x08008c60                cos
 .text.atan2f   0x08008ce8        0x4 C:/ST/STM32CubeIDE_2.0.0/STM32CubeIDE/plugins/com.st.stm32cube.ide.mcu.externaltools.gnu-tools-for-stm32.14.3.rel1.win32_1.0.100.202602081740/tools/bin/../lib/gcc/arm-none-eabi/14.3.1/../../../../arm-none-eabi/lib/thumb/v7e-m+fp/hard\libm.a(libm_a-wf_atan2.o)
                0x08008ce8                atan2f
 .text.sqrtf    0x08008cec       0x44 C:/ST/STM32CubeIDE_2.0.0/STM32CubeIDE/plugins/com.st.stm32cube.ide.mcu.externaltools.gnu-tools-for-stm32.14.3.rel1.win32_1.0.100.202602081740/tools/bin/../lib/gcc/arm-none-eabi/14.3.1/../../../../arm-none-eabi/lib/thumb/v7e-m+fp/hard\libm.a(libm_a-wf_sqrt.o)
                0x08008cec                sqrtf
 .text.fmax     0x08008d30       0x58 C:/ST/STM32CubeIDE_2.0.0/STM32CubeIDE/plugins/com.st.stm32cube.ide.mcu.externaltools.gnu-tools-for-stm32.14.3.rel1.win32_1.0.100.202602081740/tools/bin/../lib/gcc/arm-none-eabi/14.3.1/../../../../arm-none-eabi/lib/thumb/v7e-m+fp/hard\libm.a(libm_a-s_fmax.o)
                0x08008d30                fmax
 .text.fmin     0x08008d88       0x58 C:/ST/STM32CubeIDE_2.0.0/STM32CubeIDE/plugins/com.st.stm32cube.ide.mcu.externaltools.gnu-tools-for-stm32.14.3.rel1.win32_1.0.100.202602081740/tools/bin/../lib/gcc/arm-none-eabi/14.3.1/../../../../arm-none-eabi/lib/thumb/v7e-m+fp/hard\libm.a(libm_a-s_fmin.o)
                0x08008d88                fmin
 .text.__fpclassifyd
                0x08008de0       0x5c C:/ST/STM32CubeIDE_2.0.0/STM32CubeIDE/plugins/com.st.stm32cube.ide.mcu.externaltools.gnu-tools-for-stm32.14.3.rel1.win32_1.0.100.202602081740/tools/bin/../lib/gcc/arm-none-eabi/14.3.1/../../../../arm-none-eabi/lib/thumb/v7e-m+fp/hard\libm.a(libm_a-s_fpclassify.o)
                0x08008de0                __fpclassifyd
 .text.__ieee754_sqrtf
                0x08008e3c        0x8 C:/ST/STM32CubeIDE_2.0.0/STM32CubeIDE/plugins/com.st.stm32cube.ide.mcu.externaltools.gnu-tools-for-stm32.14.3.rel1.win32_1.0.100.202602081740/tools/bin/../lib/gcc/arm-none-eabi/14.3.1/../../../../arm-none-eabi/lib/thumb/v7e-m+fp/hard\libm.a(libm_a-ef_sqrt.o)
                0x08008e3c                __ieee754_sqrtf
 *fill*         0x08008e44        0x4 
 .text.__kernel_cos
                0x08008e48      0x26c C:/ST/STM32CubeIDE_2.0.0/STM32CubeIDE/plugins/com.st.stm32cube.ide.mcu.externaltools.gnu-tools-for-stm32.14.3.rel1.win32_1.0.100.202602081740/tools/bin/../lib/gcc/arm-none-eabi/14.3.1/../../../../arm-none-eabi/lib/thumb/v7e-m+fp/hard\libm.a(libm_a-k_cos.o)
                0x08008e48                __kernel_cos
 *fill*         0x080090b4        0x4 
 .text.__kernel_sin
                0x080090b8      0x184 C:/ST/STM32CubeIDE_2.0.0/STM32CubeIDE/plugins/com.st.stm32cube.ide.mcu.externaltools.gnu-tools-for-stm32.14.3.rel1.win32_1.0.100.202602081740/tools/bin/../lib/gcc/arm-none-eabi/14.3.1/../../../../arm-none-eabi/lib/thumb/v7e-m+fp/hard\libm.a(libm_a-k_sin.o)
                0x080090b8                __kernel_sin
 *fill*         0x0800923c        0x4 
 .text.__ieee754_rem_pio2
                0x08009240      0x424 C:/ST/STM32CubeIDE_2.0.0/STM32CubeIDE/plugins/com.st.stm32cube.ide.mcu.externaltools.gnu-tools-for-stm32.14.3.rel1.win32_1.0.100.202602081740/tools/bin/../lib/gcc/arm-none-eabi/14.3.1/../../../../arm-none-eabi/lib/thumb/v7e-m+fp/hard\libm.a(libm_a-e_rem_pio2.o)
                0x08009240                __ieee754_rem_pio2
 .text.fabs     0x08009664       0x10 C:/ST/STM32CubeIDE_2.0.0/STM32CubeIDE/plugins/com.st.stm32cube.ide.mcu.externaltools.gnu-tools-for-stm32.14.3.rel1.win32_1.0.100.202602081740/tools/bin/../lib/gcc/arm-none-eabi/14.3.1/../../../../arm-none-eabi/lib/thumb/v7e-m+fp/hard\libm.a(libm_a-s_fabs.o)
                0x08009664                fabs
 .text.__ieee754_atan2f
                0x08009674      0x14c C:/ST/STM32CubeIDE_2.0.0/STM32CubeIDE/plugins/com.st.stm32cube.ide.mcu.externaltools.gnu-tools-for-stm32.14.3.rel1.win32_1.0.100.202602081740/tools/bin/../lib/gcc/arm-none-eabi/14.3.1/../../../../arm-none-eabi/lib/thumb/v7e-m+fp/hard\libm.a(libm_a-ef_atan2.o)
                0x08009674                __ieee754_atan2f
 .text.atanf    0x080097c0      0x1a4 C:/ST/STM32CubeIDE_2.0.0/STM32CubeIDE/plugins/com.st.stm32cube.ide.mcu.externaltools.gnu-tools-for-stm32.14.3.rel1.win32_1.0.100.202602081740/tools/bin/../lib/gcc/arm-none-eabi/14.3.1/../../../../arm-none-eabi/lib/thumb/v7e-m+fp/hard\libm.a(libm_a-sf_atan.o)
                0x080097c0                atanf
 .text.fabsf    0x08009964       0x10 C:/ST/STM32CubeIDE_2.0.0/STM32CubeIDE/plugins/com.st.stm32cube.ide.mcu.externaltools.gnu-tools-for-stm32.14.3.rel1.win32_1.0.100.202602081740/tools/bin/../lib/gcc/arm-none-eabi/14.3.1/../../../../arm-none-eabi/lib/thumb/v7e-m+fp/hard\libm.a(libm_a-sf_fabs.o)
                0x08009964                fabsf
 *fill*         0x08009974        0x4 
 .text.__kernel_rem_pio2
                0x08009978      0x888 C:/ST/STM32CubeIDE_2.0.0/STM32CubeIDE/plugins/com.st.stm32cube.ide.mcu.externaltools.gnu-tools-for-stm32.14.3.rel1.win32_1.0.100.202602081740/tools/bin/../lib/gcc/arm-none-eabi/14.3.1/../../../../arm-none-eabi/lib/thumb/v7e-m+fp/hard\libm.a(libm_a-k_rem_pio2.o)
                0x08009978                __kernel_rem_pio2
 .text.scalbn   0x0800a200      0x114 C:/ST/STM32CubeIDE_2.0.0/STM32CubeIDE/plugins/com.st.stm32cube.ide.mcu.externaltools.gnu-tools-for-stm32.14.3.rel1.win32_1.0.100.202602081740/tools/bin/../lib/gcc/arm-none-eabi/14.3.1/../../../../arm-none-eabi/lib/thumb/v7e-m+fp/hard\libm.a(libm_a-s_scalbn.o)
                0x0800a200                scalbn
 *fill*         0x0800a314        0x4 
 .text.floor    0x0800a318      0x108 C:/ST/STM32CubeIDE_2.0.0/STM32CubeIDE/plugins/com.st.stm32cube.ide.mcu.externaltools.gnu-tools-for-stm32.14.3.rel1.win32_1.0.100.202602081740/tools/bin/../lib/gcc/arm-none-eabi/14.3.1/../../../../arm-none-eabi/lib/thumb/v7e-m+fp/hard\libm.a(libm_a-s_floor.o)
                0x0800a318                floor
 *(.glue_7)
 .glue_7        0x0800a420        0x0 linker stubs
 *(.glue_7t)
 .glue_7t       0x0800a420        0x0 linker stubs
 *(.eh_frame)
 .eh_frame      0x0800a420        0x0 C:/ST/STM32CubeIDE_2.0.0/STM32CubeIDE/plugins/com.st.stm32cube.ide.mcu.externaltools.gnu-tools-for-stm32.14.3.rel1.win32_1.0.100.202602081740/tools/bin/../lib/gcc/arm-none-eabi/14.3.1/thumb/v7e-m+fp/hard/crtbegin.o
 *(.init)
 .init          0x0800a420        0x4 C:/ST/STM32CubeIDE_2.0.0/STM32CubeIDE/plugins/com.st.stm32cube.ide.mcu.externaltools.gnu-tools-for-stm32.14.3.rel1.win32_1.0.100.202602081740/tools/bin/../lib/gcc/arm-none-eabi/14.3.1/thumb/v7e-m+fp/hard/crti.o
                0x0800a420                _init
 .init          0x0800a424        0x8 C:/ST/STM32CubeIDE_2.0.0/STM32CubeIDE/plugins/com.st.stm32cube.ide.mcu.externaltools.gnu-tools-for-stm32.14.3.rel1.win32_1.0.100.202602081740/tools/bin/../lib/gcc/arm-none-eabi/14.3.1/thumb/v7e-m+fp/hard/crtn.o
 *(.fini)
 .fini          0x0800a42c        0x4 C:/ST/STM32CubeIDE_2.0.0/STM32CubeIDE/plugins/com.st.stm32cube.ide.mcu.externaltools.gnu-tools-for-stm32.14.3.rel1.win32_1.0.100.202602081740/tools/bin/../lib/gcc/arm-none-eabi/14.3.1/thumb/v7e-m+fp/hard/crti.o
                0x0800a42c                _fini
 .fini          0x0800a430        0x8 C:/ST/STM32CubeIDE_2.0.0/STM32CubeIDE/plugins/com.st.stm32cube.ide.mcu.externaltools.gnu-tools-for-stm32.14.3.rel1.win32_1.0.100.202602081740/tools/bin/../lib/gcc/arm-none-eabi/14.3.1/thumb/v7e-m+fp/hard/crtn.o
                0x0800a438                        . = ALIGN (0x4)
                0x0800a438                        _etext = .

.vfp11_veneer   0x0800a438        0x0
 .vfp11_veneer  0x0800a438        0x0 linker stubs

.v4_bx          0x0800a438        0x0
 .v4_bx         0x0800a438        0x0 linker stubs

.iplt           0x0800a438        0x0
 .iplt          0x0800a438        0x0 C:/ST/STM32CubeIDE_2.0.0/STM32CubeIDE/plugins/com.st.stm32cube.ide.mcu.externaltools.gnu-tools-for-stm32.14.3.rel1.win32_1.0.100.202602081740/tools/bin/../lib/gcc/arm-none-eabi/14.3.1/thumb/v7e-m+fp/hard/crtbegin.o

.rodata         0x0800a438      0x330
                0x0800a438                        . = ALIGN (0x4)
 *(.rodata)
 *(.rodata*)
 .rodata.crsf_crc8_table
                0x0800a438      0x100 ./Core/Src/main.o
                0x0800a438                crsf_crc8_table
 .rodata.AHBPrescTable
                0x0800a538       0x10 ./Core/Src/system_stm32f4xx.o
                0x0800a538                AHBPrescTable
 .rodata.APBPrescTable
                0x0800a548        0x8 ./Core/Src/system_stm32f4xx.o
                0x0800a548                APBPrescTable
 .rodata.flagBitshiftOffset.0
                0x0800a550        0x8 ./Drivers/STM32F4xx_HAL_Driver/Src/stm32f4xx_hal_dma.o
 .rodata.npio2_hw
                0x0800a558       0x80 C:/ST/STM32CubeIDE_2.0.0/STM32CubeIDE/plugins/com.st.stm32cube.ide.mcu.externaltools.gnu-tools-for-stm32.14.3.rel1.win32_1.0.100.202602081740/tools/bin/../lib/gcc/arm-none-eabi/14.3.1/../../../../arm-none-eabi/lib/thumb/v7e-m+fp/hard\libm.a(libm_a-e_rem_pio2.o)
 .rodata.two_over_pi
                0x0800a5d8      0x108 C:/ST/STM32CubeIDE_2.0.0/STM32CubeIDE/plugins/com.st.stm32cube.ide.mcu.externaltools.gnu-tools-for-stm32.14.3.rel1.win32_1.0.100.202602081740/tools/bin/../lib/gcc/arm-none-eabi/14.3.1/../../../../arm-none-eabi/lib/thumb/v7e-m+fp/hard\libm.a(libm_a-e_rem_pio2.o)
 .rodata.CSWTCH.9
                0x0800a6e0        0xc C:/ST/STM32CubeIDE_2.0.0/STM32CubeIDE/plugins/com.st.stm32cube.ide.mcu.externaltools.gnu-tools-for-stm32.14.3.rel1.win32_1.0.100.202602081740/tools/bin/../lib/gcc/arm-none-eabi/14.3.1/../../../../arm-none-eabi/lib/thumb/v7e-m+fp/hard\libm.a(libm_a-ef_atan2.o)
 .rodata.CSWTCH.8
                0x0800a6ec        0xc C:/ST/STM32CubeIDE_2.0.0/STM32CubeIDE/plugins/com.st.stm32cube.ide.mcu.externaltools.gnu-tools-for-stm32.14.3.rel1.win32_1.0.100.202602081740/tools/bin/../lib/gcc/arm-none-eabi/14.3.1/../../../../arm-none-eabi/lib/thumb/v7e-m+fp/hard\libm.a(libm_a-ef_atan2.o)
 .rodata.atanlo
                0x0800a6f8       0x10 C:/ST/STM32CubeIDE_2.0.0/STM32CubeIDE/plugins/com.st.stm32cube.ide.mcu.externaltools.gnu-tools-for-stm32.14.3.rel1.win32_1.0.100.202602081740/tools/bin/../lib/gcc/arm-none-eabi/14.3.1/../../../../arm-none-eabi/lib/thumb/v7e-m+fp/hard\libm.a(libm_a-sf_atan.o)
 .rodata.atanhi
                0x0800a708       0x10 C:/ST/STM32CubeIDE_2.0.0/STM32CubeIDE/plugins/com.st.stm32cube.ide.mcu.externaltools.gnu-tools-for-stm32.14.3.rel1.win32_1.0.100.202602081740/tools/bin/../lib/gcc/arm-none-eabi/14.3.1/../../../../arm-none-eabi/lib/thumb/v7e-m+fp/hard\libm.a(libm_a-sf_atan.o)
 .rodata.PIo2   0x0800a718       0x40 C:/ST/STM32CubeIDE_2.0.0/STM32CubeIDE/plugins/com.st.stm32cube.ide.mcu.externaltools.gnu-tools-for-stm32.14.3.rel1.win32_1.0.100.202602081740/tools/bin/../lib/gcc/arm-none-eabi/14.3.1/../../../../arm-none-eabi/lib/thumb/v7e-m+fp/hard\libm.a(libm_a-k_rem_pio2.o)
 .rodata.init_jk
                0x0800a758       0x10 C:/ST/STM32CubeIDE_2.0.0/STM32CubeIDE/plugins/com.st.stm32cube.ide.mcu.externaltools.gnu-tools-for-stm32.14.3.rel1.win32_1.0.100.202602081740/tools/bin/../lib/gcc/arm-none-eabi/14.3.1/../../../../arm-none-eabi/lib/thumb/v7e-m+fp/hard\libm.a(libm_a-k_rem_pio2.o)
                0x0800a768                        . = ALIGN (0x4)

.ARM.extab      0x0800a768        0x0
                0x0800a768                        . = ALIGN (0x4)
 *(.ARM.extab* .gnu.linkonce.armextab.*)
                0x0800a768                        . = ALIGN (0x4)

.ARM            0x0800a768        0x8
                0x0800a768                        . = ALIGN (0x4)
                0x0800a768                        __exidx_start = .
 *(.ARM.exidx*)
 .ARM.exidx     0x0800a768        0x8 C:/ST/STM32CubeIDE_2.0.0/STM32CubeIDE/plugins/com.st.stm32cube.ide.mcu.externaltools.gnu-tools-for-stm32.14.3.rel1.win32_1.0.100.202602081740/tools/bin/../lib/gcc/arm-none-eabi/14.3.1/thumb/v7e-m+fp/hard\libgcc.a(_udivmoddi4.o)
                0x0800a770                        __exidx_end = .
                0x0800a770                        . = ALIGN (0x4)

.preinit_array  0x0800a770        0x0
                0x0800a770                        . = ALIGN (0x4)
                0x0800a770                        PROVIDE (__preinit_array_start = .)
 *(.preinit_array*)
                0x0800a770                        PROVIDE (__preinit_array_end = .)
                0x0800a770                        . = ALIGN (0x4)

.init_array     0x0800a770        0x4
                0x0800a770                        . = ALIGN (0x4)
                0x0800a770                        PROVIDE (__init_array_start = .)
 *(SORT_BY_NAME(.init_array.*))
 *(.init_array*)
 .init_array    0x0800a770        0x4 C:/ST/STM32CubeIDE_2.0.0/STM32CubeIDE/plugins/com.st.stm32cube.ide.mcu.externaltools.gnu-tools-for-stm32.14.3.rel1.win32_1.0.100.202602081740/tools/bin/../lib/gcc/arm-none-eabi/14.3.1/thumb/v7e-m+fp/hard/crtbegin.o
                0x0800a774                        PROVIDE (__init_array_end = .)
                0x0800a774                        . = ALIGN (0x4)

.fini_array     0x0800a774        0x4
                0x0800a774                        . = ALIGN (0x4)
                [!provide]                        PROVIDE (__fini_array_start = .)
 *(SORT_BY_NAME(.fini_array.*))
 *(.fini_array*)
 .fini_array    0x0800a774        0x4 C:/ST/STM32CubeIDE_2.0.0/STM32CubeIDE/plugins/com.st.stm32cube.ide.mcu.externaltools.gnu-tools-for-stm32.14.3.rel1.win32_1.0.100.202602081740/tools/bin/../lib/gcc/arm-none-eabi/14.3.1/thumb/v7e-m+fp/hard/crtbegin.o
                [!provide]                        PROVIDE (__fini_array_end = .)
                0x0800a778                        . = ALIGN (0x4)
                0x0800a778                        _sidata = LOADADDR (.data)

.rel.dyn        0x0800a778        0x0
 .rel.iplt      0x0800a778        0x0 C:/ST/STM32CubeIDE_2.0.0/STM32CubeIDE/plugins/com.st.stm32cube.ide.mcu.externaltools.gnu-tools-for-stm32.14.3.rel1.win32_1.0.100.202602081740/tools/bin/../lib/gcc/arm-none-eabi/14.3.1/thumb/v7e-m+fp/hard/crtbegin.o

.data           0x20000000       0x70 load address 0x0800a778
                0x20000000                        . = ALIGN (0x4)
                0x20000000                        _sdata = .
 *(.data)
 *(.data*)
 .data.cameraAngle_X
                0x20000000        0x1 ./Core/Src/main.o
                0x20000000                cameraAngle_X
 .data.cameraAngle_Y
                0x20000001        0x1 ./Core/Src/main.o
                0x20000001                cameraAngle_Y
 *fill*         0x20000002        0x2 
 .data.filter_Alpha
                0x20000004        0x4 ./Core/Src/main.o
                0x20000004                filter_Alpha
 .data.filter_Beta
                0x20000008        0x4 ./Core/Src/main.o
                0x20000008                filter_Beta
 .data.Calibration_Alpha
                0x2000000c        0x4 ./Core/Src/main.o
                0x2000000c                Calibration_Alpha
 .data.UV_MODE  0x20000010        0x1 ./Core/Src/main.o
                0x20000010                UV_MODE
 *fill*         0x20000011        0x3 
 .data.SystemCoreClock
                0x20000014        0x4 ./Core/Src/system_stm32f4xx.o
                0x20000014                SystemCoreClock
 .data.uwTickPrio
                0x20000018        0x4 ./Drivers/STM32F4xx_HAL_Driver/Src/stm32f4xx_hal.o
                0x20000018                uwTickPrio
 .data.uwTickFreq
                0x2000001c        0x1 ./Drivers/STM32F4xx_HAL_Driver/Src/stm32f4xx_hal.o
                0x2000001c                uwTickFreq
 *fill*         0x2000001d        0x3 
 .data._impure_ptr
                0x20000020        0x4 C:/ST/STM32CubeIDE_2.0.0/STM32CubeIDE/plugins/com.st.stm32cube.ide.mcu.externaltools.gnu-tools-for-stm32.14.3.rel1.win32_1.0.100.202602081740/tools/bin/../lib/gcc/arm-none-eabi/14.3.1/../../../../arm-none-eabi/lib/thumb/v7e-m+fp/hard\libc_nano.a(libc_a-impure.o)
                0x20000020                _impure_ptr
 .data._impure_data
                0x20000024       0x4c C:/ST/STM32CubeIDE_2.0.0/STM32CubeIDE/plugins/com.st.stm32cube.ide.mcu.externaltools.gnu-tools-for-stm32.14.3.rel1.win32_1.0.100.202602081740/tools/bin/../lib/gcc/arm-none-eabi/14.3.1/../../../../arm-none-eabi/lib/thumb/v7e-m+fp/hard\libc_nano.a(libc_a-impure.o)
                0x20000024                _impure_data
 *(.RamFunc)
 *(.RamFunc*)
                0x20000070                        . = ALIGN (0x4)
                0x20000070                        _edata = .
                0x0800a7e8                        _siccmram = LOADADDR (.ccmram)

.igot.plt       0x20000070        0x0 load address 0x0800a7e8
 .igot.plt      0x20000070        0x0 C:/ST/STM32CubeIDE_2.0.0/STM32CubeIDE/plugins/com.st.stm32cube.ide.mcu.externaltools.gnu-tools-for-stm32.14.3.rel1.win32_1.0.100.202602081740/tools/bin/../lib/gcc/arm-none-eabi/14.3.1/thumb/v7e-m+fp/hard/crtbegin.o

.ccmram         0x10000000        0x0 load address 0x0800a7e8
                0x10000000                        . = ALIGN (0x4)
                0x10000000                        _sccmram = .
 *(.ccmram)
 *(.ccmram*)
                0x10000000                        . = ALIGN (0x4)
                0x10000000                        _eccmram = .
                0x10000000                        . = ALIGN (0x4)

.bss            0x20000070     0x24ec
                0x20000070                        _sbss = .
                0x20000070                        __bss_start__ = _sbss
 *(.bss)
 .bss           0x20000070       0x1c C:/ST/STM32CubeIDE_2.0.0/STM32CubeIDE/plugins/com.st.stm32cube.ide.mcu.externaltools.gnu-tools-for-stm32.14.3.rel1.win32_1.0.100.202602081740/tools/bin/../lib/gcc/arm-none-eabi/14.3.1/thumb/v7e-m+fp/hard/crtbegin.o
 *(.bss*)
 .bss.hadc1     0x2000008c       0x48 ./Core/Src/main.o
                0x2000008c                hadc1
 .bss.hdma_adc1
                0x200000d4       0x60 ./Core/Src/main.o
                0x200000d4                hdma_adc1
 .bss.hi2c1     0x20000134       0x54 ./Core/Src/main.o
                0x20000134                hi2c1
 .bss.hrtc      0x20000188       0x20 ./Core/Src/main.o
                0x20000188                hrtc
 .bss.htim1     0x200001a8       0x48 ./Core/Src/main.o
                0x200001a8                htim1
 .bss.htim3     0x200001f0       0x48 ./Core/Src/main.o
                0x200001f0                htim3
 .bss.htim4     0x20000238       0x48 ./Core/Src/main.o
                0x20000238                htim4
 .bss.htim5     0x20000280       0x48 ./Core/Src/main.o
                0x20000280                htim5
 .bss.huart4    0x200002c8       0x48 ./Core/Src/main.o
                0x200002c8                huart4
 .bss.MPU_Data  0x20000310       0x18 ./Core/Src/main.o
                0x20000310                MPU_Data
 .bss.UGV_Controls
                0x20000328        0x6 ./Core/Src/main.o
                0x20000328                UGV_Controls
 *fill*         0x2000032e        0x2 
 .bss.ELRS_Data
                0x20000330        0x2 ./Core/Src/main.o
                0x20000330                ELRS_Data
 .bss.status    0x20000332        0x1 ./Core/Src/main.o
                0x20000332                status
 .bss.MPUstatus
                0x20000333        0x1 ./Core/Src/main.o
                0x20000333                MPUstatus
 .bss.ADC_reading
                0x20000334        0x2 ./Core/Src/main.o
                0x20000334                ADC_reading
 *fill*         0x20000336        0x2 
 .bss.ADCsum    0x20000338        0x4 ./Core/Src/main.o
                0x20000338                ADCsum
 .bss.cameraMove
                0x2000033c        0x1 ./Core/Src/main.o
                0x2000033c                cameraMove
 *fill*         0x2000033d        0x3 
 .bss.error     0x20000340        0x4 ./Core/Src/main.o
                0x20000340                error
 .bss.ADC_buffer
                0x20000344     0x2000 ./Core/Src/main.o
                0x20000344                ADC_buffer
 .bss.UGV_rightVelocity
                0x20002344        0x2 ./Core/Src/main.o
                0x20002344                UGV_rightVelocity
 .bss.UGV_leftVelocity
                0x20002346        0x2 ./Core/Src/main.o
                0x20002346                UGV_leftVelocity
 .bss.rawThrust
                0x20002348        0x4 ./Core/Src/main.o
                0x20002348                rawThrust
 .bss.rawRoll   0x2000234c        0x4 ./Core/Src/main.o
                0x2000234c                rawRoll
 .bss.rawPitch  0x20002350        0x4 ./Core/Src/main.o
                0x20002350                rawPitch
 .bss.rawYaw    0x20002354        0x4 ./Core/Src/main.o
                0x20002354                rawYaw
 .bss.Thrust    0x20002358        0x4 ./Core/Src/main.o
                0x20002358                Thrust
 .bss.Roll      0x2000235c        0x4 ./Core/Src/main.o
                0x2000235c                Roll
 .bss.Pitch     0x20002360        0x4 ./Core/Src/main.o
                0x20002360                Pitch
 .bss.Yaw       0x20002364        0x4 ./Core/Src/main.o
                0x20002364                Yaw
 .bss.Filtered_Roll_Angle
                0x20002368        0x4 ./Core/Src/main.o
                0x20002368                Filtered_Roll_Angle
 .bss.Filtered_Pitch_Angle
                0x2000236c        0x4 ./Core/Src/main.o
                0x2000236c                Filtered_Pitch_Angle
 .bss.Last_Filtered_Roll_Angle
                0x20002370        0x4 ./Core/Src/main.o
                0x20002370                Last_Filtered_Roll_Angle
 .bss.Last_Filtered_Pitch_Angle
                0x20002374        0x4 ./Core/Src/main.o
                0x20002374                Last_Filtered_Pitch_Angle
 .bss.RollError
                0x20002378        0x4 ./Core/Src/main.o
                0x20002378                RollError
 .bss.PitchError
                0x2000237c        0x4 ./Core/Src/main.o
                0x2000237c                PitchError
 .bss.YawError  0x20002380        0x4 ./Core/Src/main.o
                0x20002380                YawError
 .bss.last_gX   0x20002384        0x4 ./Core/Src/main.o
                0x20002384                last_gX
 .bss.last_gY   0x20002388        0x4 ./Core/Src/main.o
                0x20002388                last_gY
 .bss.last_gZ   0x2000238c        0x4 ./Core/Src/main.o
                0x2000238c                last_gZ
 .bss.Last_Roll_I
                0x20002390        0x4 ./Core/Src/main.o
                0x20002390                Last_Roll_I
 .bss.Last_Pitch_I
                0x20002394        0x4 ./Core/Src/main.o
                0x20002394                Last_Pitch_I
 .bss.Last_Yaw_I
                0x20002398        0x4 ./Core/Src/main.o
                0x20002398                Last_Yaw_I
 .bss.Total_Roll
                0x2000239c        0x4 ./Core/Src/main.o
                0x2000239c                Total_Roll
 .bss.Total_Pitch
                0x200023a0        0x4 ./Core/Src/main.o
                0x200023a0                Total_Pitch
 .bss.Total_Yaw
                0x200023a4        0x4 ./Core/Src/main.o
                0x200023a4                Total_Yaw
 .bss.Total_Thrust
                0x200023a8        0x4 ./Core/Src/main.o
                0x200023a8                Total_Thrust
 .bss.calibrationMode
                0x200023ac        0x1 ./Core/Src/main.o
                0x200023ac                calibrationMode
 *fill*         0x200023ad        0x3 
 .bss.Calibrated_Hover
                0x200023b0        0x4 ./Core/Src/main.o
                0x200023b0                Calibrated_Hover
 .bss.massRatio
                0x200023b4        0x4 ./Core/Src/main.o
                0x200023b4                massRatio
 .bss.M1raw     0x200023b8        0x4 ./Core/Src/main.o
                0x200023b8                M1raw
 .bss.M2raw     0x200023bc        0x4 ./Core/Src/main.o
                0x200023bc                M2raw
 .bss.M3raw     0x200023c0        0x4 ./Core/Src/main.o
                0x200023c0                M3raw
 .bss.M4raw     0x200023c4        0x4 ./Core/Src/main.o
                0x200023c4                M4raw
 .bss.ELRS_buffer
                0x200023c8       0x1a ./Core/Src/main.o
                0x200023c8                ELRS_buffer
 *fill*         0x200023e2        0x2 
 .bss.ELRS_packet
                0x200023e4       0x1a ./Core/Src/main.o
                0x200023e4                ELRS_packet
 .bss.rx_byte   0x200023fe        0x1 ./Core/Src/main.o
                0x200023fe                rx_byte
 .bss.rx_index  0x200023ff        0x1 ./Core/Src/main.o
                0x200023ff                rx_index
 .bss.channels  0x20002400       0x20 ./Core/Src/main.o
                0x20002400                channels
 .bss.uwTick    0x20002420        0x4 ./Drivers/STM32F4xx_HAL_Driver/Src/stm32f4xx_hal.o
                0x20002420                uwTick
 .bss.__sf      0x20002424      0x138 C:/ST/STM32CubeIDE_2.0.0/STM32CubeIDE/plugins/com.st.stm32cube.ide.mcu.externaltools.gnu-tools-for-stm32.14.3.rel1.win32_1.0.100.202602081740/tools/bin/../lib/gcc/arm-none-eabi/14.3.1/../../../../arm-none-eabi/lib/thumb/v7e-m+fp/hard\libc_nano.a(libc_a-findfp.o)
                0x20002424                __sf
 *(COMMON)
                0x2000255c                        . = ALIGN (0x4)
                0x2000255c                        _ebss = .
                0x2000255c                        __bss_end__ = _ebss

._user_heap_stack
                0x2000255c      0x604
                0x20002560                        . = ALIGN (0x8)
 *fill*         0x2000255c        0x4 
                [!provide]                        PROVIDE (end = .)
                0x20002560                        PROVIDE (_end = .)
                0x20002760                        . = (. + _Min_Heap_Size)
 *fill*         0x20002560      0x200 
                0x20002b60                        . = (. + _Min_Stack_Size)
 *fill*         0x20002760      0x400 
                0x20002b60                        . = ALIGN (0x8)

/DISCARD/
 libc.a(*)
 libm.a(*)
 libgcc.a(*)

.ARM.attributes
                0x00000000       0x30
 *(.ARM.attributes)
 .ARM.attributes
                0x00000000       0x22 C:/ST/STM32CubeIDE_2.0.0/STM32CubeIDE/plugins/com.st.stm32cube.ide.mcu.externaltools.gnu-tools-for-stm32.14.3.rel1.win32_1.0.100.202602081740/tools/bin/../lib/gcc/arm-none-eabi/14.3.1/thumb/v7e-m+fp/hard/crti.o
 .ARM.attributes
                0x00000022       0x34 C:/ST/STM32CubeIDE_2.0.0/STM32CubeIDE/plugins/com.st.stm32cube.ide.mcu.externaltools.gnu-tools-for-stm32.14.3.rel1.win32_1.0.100.202602081740/tools/bin/../lib/gcc/arm-none-eabi/14.3.1/thumb/v7e-m+fp/hard/crtbegin.o
 .ARM.attributes
                0x00000056       0x34 ./Core/Src/main.o
 .ARM.attributes
                0x0000008a       0x34 ./Core/Src/stm32f4xx_hal_msp.o
 .ARM.attributes
                0x000000be       0x34 ./Core/Src/stm32f4xx_it.o
 .ARM.attributes
                0x000000f2       0x34 ./Core/Src/system_stm32f4xx.o
 .ARM.attributes
                0x00000126       0x21 ./Core/Startup/startup_stm32f407vetx.o
 .ARM.attributes
                0x00000147       0x34 ./Drivers/MPU6500/mpu6500.o
 .ARM.attributes
                0x0000017b       0x34 ./Drivers/STM32F4xx_HAL_Driver/Src/stm32f4xx_hal.o
 .ARM.attributes
                0x000001af       0x34 ./Drivers/STM32F4xx_HAL_Driver/Src/stm32f4xx_hal_adc.o
 .ARM.attributes
                0x000001e3       0x34 ./Drivers/STM32F4xx_HAL_Driver/Src/stm32f4xx_hal_cortex.o
 .ARM.attributes
                0x00000217       0x34 ./Drivers/STM32F4xx_HAL_Driver/Src/stm32f4xx_hal_dma.o
 .ARM.attributes
                0x0000024b       0x34 ./Drivers/STM32F4xx_HAL_Driver/Src/stm32f4xx_hal_gpio.o
 .ARM.attributes
                0x0000027f       0x34 ./Drivers/STM32F4xx_HAL_Driver/Src/stm32f4xx_hal_i2c.o
 .ARM.attributes
                0x000002b3       0x34 ./Drivers/STM32F4xx_HAL_Driver/Src/stm32f4xx_hal_rcc.o
 .ARM.attributes
                0x000002e7       0x34 ./Drivers/STM32F4xx_HAL_Driver/Src/stm32f4xx_hal_rcc_ex.o
 .ARM.attributes
                0x0000031b       0x34 ./Drivers/STM32F4xx_HAL_Driver/Src/stm32f4xx_hal_rtc.o
 .ARM.attributes
                0x0000034f       0x34 ./Drivers/STM32F4xx_HAL_Driver/Src/stm32f4xx_hal_rtc_ex.o
 .ARM.attributes
                0x00000383       0x34 ./Drivers/STM32F4xx_HAL_Driver/Src/stm32f4xx_hal_tim.o
 .ARM.attributes
                0x000003b7       0x34 ./Drivers/STM32F4xx_HAL_Driver/Src/stm32f4xx_hal_tim_ex.o
 .ARM.attributes
                0x000003eb       0x34 ./Drivers/STM32F4xx_HAL_Driver/Src/stm32f4xx_hal_uart.o
 .ARM.attributes
                0x0000041f       0x34 C:/ST/STM32CubeIDE_2.0.0/STM32CubeIDE/plugins/com.st.stm32cube.ide.mcu.externaltools.gnu-tools-for-stm32.14.3.rel1.win32_1.0.100.202602081740/tools/bin/../lib/gcc/arm-none-eabi/14.3.1/../../../../arm-none-eabi/lib/thumb/v7e-m+fp/hard\libc_nano.a(libc_a-findfp.o)
 .ARM.attributes
                0x00000453       0x34 C:/ST/STM32CubeIDE_2.0.0/STM32CubeIDE/plugins/com.st.stm32cube.ide.mcu.externaltools.gnu-tools-for-stm32.14.3.rel1.win32_1.0.100.202602081740/tools/bin/../lib/gcc/arm-none-eabi/14.3.1/../../../../arm-none-eabi/lib/thumb/v7e-m+fp/hard\libc_nano.a(libc_a-memset.o)
 .ARM.attributes
                0x00000487       0x34 C:/ST/STM32CubeIDE_2.0.0/STM32CubeIDE/plugins/com.st.stm32cube.ide.mcu.externaltools.gnu-tools-for-stm32.14.3.rel1.win32_1.0.100.202602081740/tools/bin/../lib/gcc/arm-none-eabi/14.3.1/../../../../arm-none-eabi/lib/thumb/v7e-m+fp/hard\libc_nano.a(libc_a-impure.o)
 .ARM.attributes
                0x000004bb       0x34 C:/ST/STM32CubeIDE_2.0.0/STM32CubeIDE/plugins/com.st.stm32cube.ide.mcu.externaltools.gnu-tools-for-stm32.14.3.rel1.win32_1.0.100.202602081740/tools/bin/../lib/gcc/arm-none-eabi/14.3.1/../../../../arm-none-eabi/lib/thumb/v7e-m+fp/hard\libc_nano.a(libc_a-errno.o)
 .ARM.attributes
                0x000004ef       0x34 C:/ST/STM32CubeIDE_2.0.0/STM32CubeIDE/plugins/com.st.stm32cube.ide.mcu.externaltools.gnu-tools-for-stm32.14.3.rel1.win32_1.0.100.202602081740/tools/bin/../lib/gcc/arm-none-eabi/14.3.1/../../../../arm-none-eabi/lib/thumb/v7e-m+fp/hard\libc_nano.a(libc_a-init.o)
 .ARM.attributes
                0x00000523       0x34 C:/ST/STM32CubeIDE_2.0.0/STM32CubeIDE/plugins/com.st.stm32cube.ide.mcu.externaltools.gnu-tools-for-stm32.14.3.rel1.win32_1.0.100.202602081740/tools/bin/../lib/gcc/arm-none-eabi/14.3.1/../../../../arm-none-eabi/lib/thumb/v7e-m+fp/hard\libm.a(libm_a-s_cos.o)
 .ARM.attributes
                0x00000557       0x34 C:/ST/STM32CubeIDE_2.0.0/STM32CubeIDE/plugins/com.st.stm32cube.ide.mcu.externaltools.gnu-tools-for-stm32.14.3.rel1.win32_1.0.100.202602081740/tools/bin/../lib/gcc/arm-none-eabi/14.3.1/../../../../arm-none-eabi/lib/thumb/v7e-m+fp/hard\libm.a(libm_a-wf_atan2.o)
 .ARM.attributes
                0x0000058b       0x34 C:/ST/STM32CubeIDE_2.0.0/STM32CubeIDE/plugins/com.st.stm32cube.ide.mcu.externaltools.gnu-tools-for-stm32.14.3.rel1.win32_1.0.100.202602081740/tools/bin/../lib/gcc/arm-none-eabi/14.3.1/../../../../arm-none-eabi/lib/thumb/v7e-m+fp/hard\libm.a(libm_a-wf_sqrt.o)
 .ARM.attributes
                0x000005bf       0x34 C:/ST/STM32CubeIDE_2.0.0/STM32CubeIDE/plugins/com.st.stm32cube.ide.mcu.externaltools.gnu-tools-for-stm32.14.3.rel1.win32_1.0.100.202602081740/tools/bin/../lib/gcc/arm-none-eabi/14.3.1/../../../../arm-none-eabi/lib/thumb/v7e-m+fp/hard\libm.a(libm_a-s_fmax.o)
 .ARM.attributes
                0x000005f3       0x34 C:/ST/STM32CubeIDE_2.0.0/STM32CubeIDE/plugins/com.st.stm32cube.ide.mcu.externaltools.gnu-tools-for-stm32.14.3.rel1.win32_1.0.100.202602081740/tools/bin/../lib/gcc/arm-none-eabi/14.3.1/../../../../arm-none-eabi/lib/thumb/v7e-m+fp/hard\libm.a(libm_a-s_fmin.o)
 .ARM.attributes
                0x00000627       0x34 C:/ST/STM32CubeIDE_2.0.0/STM32CubeIDE/plugins/com.st.stm32cube.ide.mcu.externaltools.gnu-tools-for-stm32.14.3.rel1.win32_1.0.100.202602081740/tools/bin/../lib/gcc/arm-none-eabi/14.3.1/../../../../arm-none-eabi/lib/thumb/v7e-m+fp/hard\libm.a(libm_a-s_fpclassify.o)
 .ARM.attributes
                0x0000065b       0x34 C:/ST/STM32CubeIDE_2.0.0/STM32CubeIDE/plugins/com.st.stm32cube.ide.mcu.externaltools.gnu-tools-for-stm32.14.3.rel1.win32_1.0.100.202602081740/tools/bin/../lib/gcc/arm-none-eabi/14.3.1/../../../../arm-none-eabi/lib/thumb/v7e-m+fp/hard\libm.a(libm_a-ef_sqrt.o)
 .ARM.attributes
                0x0000068f       0x34 C:/ST/STM32CubeIDE_2.0.0/STM32CubeIDE/plugins/com.st.stm32cube.ide.mcu.externaltools.gnu-tools-for-stm32.14.3.rel1.win32_1.0.100.202602081740/tools/bin/../lib/gcc/arm-none-eabi/14.3.1/../../../../arm-none-eabi/lib/thumb/v7e-m+fp/hard\libm.a(libm_a-k_cos.o)
 .ARM.attributes
                0x000006c3       0x34 C:/ST/STM32CubeIDE_2.0.0/STM32CubeIDE/plugins/com.st.stm32cube.ide.mcu.externaltools.gnu-tools-for-stm32.14.3.rel1.win32_1.0.100.202602081740/tools/bin/../lib/gcc/arm-none-eabi/14.3.1/../../../../arm-none-eabi/lib/thumb/v7e-m+fp/hard\libm.a(libm_a-k_sin.o)
 .ARM.attributes
                0x000006f7       0x34 C:/ST/STM32CubeIDE_2.0.0/STM32CubeIDE/plugins/com.st.stm32cube.ide.mcu.externaltools.gnu-tools-for-stm32.14.3.rel1.win32_1.0.100.202602081740/tools/bin/../lib/gcc/arm-none-eabi/14.3.1/../../../../arm-none-eabi/lib/thumb/v7e-m+fp/hard\libm.a(libm_a-e_rem_pio2.o)
 .ARM.attributes
                0x0000072b       0x34 C:/ST/STM32CubeIDE_2.0.0/STM32CubeIDE/plugins/com.st.stm32cube.ide.mcu.externaltools.gnu-tools-for-stm32.14.3.rel1.win32_1.0.100.202602081740/tools/bin/../lib/gcc/arm-none-eabi/14.3.1/../../../../arm-none-eabi/lib/thumb/v7e-m+fp/hard\libm.a(libm_a-s_fabs.o)
 .ARM.attributes
                0x0000075f       0x34 C:/ST/STM32CubeIDE_2.0.0/STM32CubeIDE/plugins/com.st.stm32cube.ide.mcu.externaltools.gnu-tools-for-stm32.14.3.rel1.win32_1.0.100.202602081740/tools/bin/../lib/gcc/arm-none-eabi/14.3.1/../../../../arm-none-eabi/lib/thumb/v7e-m+fp/hard\libm.a(libm_a-ef_atan2.o)
 .ARM.attributes
                0x00000793       0x34 C:/ST/STM32CubeIDE_2.0.0/STM32CubeIDE/plugins/com.st.stm32cube.ide.mcu.externaltools.gnu-tools-for-stm32.14.3.rel1.win32_1.0.100.202602081740/tools/bin/../lib/gcc/arm-none-eabi/14.3.1/../../../../arm-none-eabi/lib/thumb/v7e-m+fp/hard\libm.a(libm_a-sf_atan.o)
 .ARM.attributes
                0x000007c7       0x34 C:/ST/STM32CubeIDE_2.0.0/STM32CubeIDE/plugins/com.st.stm32cube.ide.mcu.externaltools.gnu-tools-for-stm32.14.3.rel1.win32_1.0.100.202602081740/tools/bin/../lib/gcc/arm-none-eabi/14.3.1/../../../../arm-none-eabi/lib/thumb/v7e-m+fp/hard\libm.a(libm_a-sf_fabs.o)
 .ARM.attributes
                0x000007fb       0x34 C:/ST/STM32CubeIDE_2.0.0/STM32CubeIDE/plugins/com.st.stm32cube.ide.mcu.externaltools.gnu-tools-for-stm32.14.3.rel1.win32_1.0.100.202602081740/tools/bin/../lib/gcc/arm-none-eabi/14.3.1/../../../../arm-none-eabi/lib/thumb/v7e-m+fp/hard\libm.a(libm_a-k_rem_pio2.o)
 .ARM.attributes
                0x0000082f       0x34 C:/ST/STM32CubeIDE_2.0.0/STM32CubeIDE/plugins/com.st.stm32cube.ide.mcu.externaltools.gnu-tools-for-stm32.14.3.rel1.win32_1.0.100.202602081740/tools/bin/../lib/gcc/arm-none-eabi/14.3.1/../../../../arm-none-eabi/lib/thumb/v7e-m+fp/hard\libm.a(libm_a-s_scalbn.o)
 .ARM.attributes
                0x00000863       0x34 C:/ST/STM32CubeIDE_2.0.0/STM32CubeIDE/plugins/com.st.stm32cube.ide.mcu.externaltools.gnu-tools-for-stm32.14.3.rel1.win32_1.0.100.202602081740/tools/bin/../lib/gcc/arm-none-eabi/14.3.1/../../../../arm-none-eabi/lib/thumb/v7e-m+fp/hard\libm.a(libm_a-s_floor.o)
 .ARM.attributes
                0x00000897       0x22 C:/ST/STM32CubeIDE_2.0.0/STM32CubeIDE/plugins/com.st.stm32cube.ide.mcu.externaltools.gnu-tools-for-stm32.14.3.rel1.win32_1.0.100.202602081740/tools/bin/../lib/gcc/arm-none-eabi/14.3.1/thumb/v7e-m+fp/hard\libgcc.a(_arm_addsubdf3.o)
 .ARM.attributes
                0x000008b9       0x22 C:/ST/STM32CubeIDE_2.0.0/STM32CubeIDE/plugins/com.st.stm32cube.ide.mcu.externaltools.gnu-tools-for-stm32.14.3.rel1.win32_1.0.100.202602081740/tools/bin/../lib/gcc/arm-none-eabi/14.3.1/thumb/v7e-m+fp/hard\libgcc.a(_arm_muldivdf3.o)
 .ARM.attributes
                0x000008db       0x22 C:/ST/STM32CubeIDE_2.0.0/STM32CubeIDE/plugins/com.st.stm32cube.ide.mcu.externaltools.gnu-tools-for-stm32.14.3.rel1.win32_1.0.100.202602081740/tools/bin/../lib/gcc/arm-none-eabi/14.3.1/thumb/v7e-m+fp/hard\libgcc.a(_arm_cmpdf2.o)
 .ARM.attributes
                0x000008fd       0x22 C:/ST/STM32CubeIDE_2.0.0/STM32CubeIDE/plugins/com.st.stm32cube.ide.mcu.externaltools.gnu-tools-for-stm32.14.3.rel1.win32_1.0.100.202602081740/tools/bin/../lib/gcc/arm-none-eabi/14.3.1/thumb/v7e-m+fp/hard\libgcc.a(_arm_fixdfsi.o)
 .ARM.attributes
                0x0000091f       0x22 C:/ST/STM32CubeIDE_2.0.0/STM32CubeIDE/plugins/com.st.stm32cube.ide.mcu.externaltools.gnu-tools-for-stm32.14.3.rel1.win32_1.0.100.202602081740/tools/bin/../lib/gcc/arm-none-eabi/14.3.1/thumb/v7e-m+fp/hard\libgcc.a(_arm_truncdfsf2.o)
 .ARM.attributes
                0x00000941       0x22 C:/ST/STM32CubeIDE_2.0.0/STM32CubeIDE/plugins/com.st.stm32cube.ide.mcu.externaltools.gnu-tools-for-stm32.14.3.rel1.win32_1.0.100.202602081740/tools/bin/../lib/gcc/arm-none-eabi/14.3.1/thumb/v7e-m+fp/hard\libgcc.a(_aeabi_uldivmod.o)
 .ARM.attributes
                0x00000963       0x34 C:/ST/STM32CubeIDE_2.0.0/STM32CubeIDE/plugins/com.st.stm32cube.ide.mcu.externaltools.gnu-tools-for-stm32.14.3.rel1.win32_1.0.100.202602081740/tools/bin/../lib/gcc/arm-none-eabi/14.3.1/thumb/v7e-m+fp/hard\libgcc.a(_udivmoddi4.o)
 .ARM.attributes
                0x00000997       0x22 C:/ST/STM32CubeIDE_2.0.0/STM32CubeIDE/plugins/com.st.stm32cube.ide.mcu.externaltools.gnu-tools-for-stm32.14.3.rel1.win32_1.0.100.202602081740/tools/bin/../lib/gcc/arm-none-eabi/14.3.1/thumb/v7e-m+fp/hard\libgcc.a(_dvmd_tls.o)
 .ARM.attributes
                0x000009b9       0x22 C:/ST/STM32CubeIDE_2.0.0/STM32CubeIDE/plugins/com.st.stm32cube.ide.mcu.externaltools.gnu-tools-for-stm32.14.3.rel1.win32_1.0.100.202602081740/tools/bin/../lib/gcc/arm-none-eabi/14.3.1/thumb/v7e-m+fp/hard/crtn.o
OUTPUT(ATLAS-M3.elf elf32-littlearm)
LOAD linker stubs
LOAD C:/ST/STM32CubeIDE_2.0.0/STM32CubeIDE/plugins/com.st.stm32cube.ide.mcu.externaltools.gnu-tools-for-stm32.14.3.rel1.win32_1.0.100.202602081740/tools/bin/../lib/gcc/arm-none-eabi/14.3.1/../../../../arm-none-eabi/lib/thumb/v7e-m+fp/hard\libc.a
LOAD C:/ST/STM32CubeIDE_2.0.0/STM32CubeIDE/plugins/com.st.stm32cube.ide.mcu.externaltools.gnu-tools-for-stm32.14.3.rel1.win32_1.0.100.202602081740/tools/bin/../lib/gcc/arm-none-eabi/14.3.1/../../../../arm-none-eabi/lib/thumb/v7e-m+fp/hard\libm.a
LOAD C:/ST/STM32CubeIDE_2.0.0/STM32CubeIDE/plugins/com.st.stm32cube.ide.mcu.externaltools.gnu-tools-for-stm32.14.3.rel1.win32_1.0.100.202602081740/tools/bin/../lib/gcc/arm-none-eabi/14.3.1/thumb/v7e-m+fp/hard\libgcc.a

.debug_info     0x00000000    0x15340
 .debug_info    0x00000000     0x2e41 ./Core/Src/main.o
 .debug_info    0x00002e41     0x1a99 ./Core/Src/stm32f4xx_hal_msp.o
 .debug_info    0x000048da      0xd36 ./Core/Src/stm32f4xx_it.o
 .debug_info    0x00005610      0x512 ./Core/Src/system_stm32f4xx.o
 .debug_info    0x00005b22       0x30 ./Core/Startup/startup_stm32f407vetx.o
 .debug_info    0x00005b52      0x9da ./Drivers/MPU6500/mpu6500.o
 .debug_info    0x0000652c      0x944 ./Drivers/STM32F4xx_HAL_Driver/Src/stm32f4xx_hal.o
 .debug_info    0x00006e70      0xce3 ./Drivers/STM32F4xx_HAL_Driver/Src/stm32f4xx_hal_adc.o
 .debug_info    0x00007b53      0xd8c ./Drivers/STM32F4xx_HAL_Driver/Src/stm32f4xx_hal_cortex.o
 .debug_info    0x000088df      0x8e7 ./Drivers/STM32F4xx_HAL_Driver/Src/stm32f4xx_hal_dma.o
 .debug_info    0x000091c6      0x6c3 ./Drivers/STM32F4xx_HAL_Driver/Src/stm32f4xx_hal_gpio.o
 .debug_info    0x00009889     0x2415 ./Drivers/STM32F4xx_HAL_Driver/Src/stm32f4xx_hal_i2c.o
 .debug_info    0x0000bc9e      0x8c3 ./Drivers/STM32F4xx_HAL_Driver/Src/stm32f4xx_hal_rcc.o
 .debug_info    0x0000c561      0x536 ./Drivers/STM32F4xx_HAL_Driver/Src/stm32f4xx_hal_rcc_ex.o
 .debug_info    0x0000ca97      0xc20 ./Drivers/STM32F4xx_HAL_Driver/Src/stm32f4xx_hal_rtc.o
 .debug_info    0x0000d6b7      0xec2 ./Drivers/STM32F4xx_HAL_Driver/Src/stm32f4xx_hal_rtc_ex.o
 .debug_info    0x0000e579     0x299d ./Drivers/STM32F4xx_HAL_Driver/Src/stm32f4xx_hal_tim.o
 .debug_info    0x00010f16     0x14db ./Drivers/STM32F4xx_HAL_Driver/Src/stm32f4xx_hal_tim_ex.o
 .debug_info    0x000123f1     0x2f4f ./Drivers/STM32F4xx_HAL_Driver/Src/stm32f4xx_hal_uart.o

.debug_abbrev   0x00000000     0x2a06
 .debug_abbrev  0x00000000      0x381 ./Core/Src/main.o
 .debug_abbrev  0x00000381      0x25d ./Core/Src/stm32f4xx_hal_msp.o
 .debug_abbrev  0x000005de      0x1c9 ./Core/Src/stm32f4xx_it.o
 .debug_abbrev  0x000007a7      0x11a ./Core/Src/system_stm32f4xx.o
 .debug_abbrev  0x000008c1       0x24 ./Core/Startup/startup_stm32f407vetx.o
 .debug_abbrev  0x000008e5      0x265 ./Drivers/MPU6500/mpu6500.o
 .debug_abbrev  0x00000b4a      0x214 ./Drivers/STM32F4xx_HAL_Driver/Src/stm32f4xx_hal.o
 .debug_abbrev  0x00000d5e      0x252 ./Drivers/STM32F4xx_HAL_Driver/Src/stm32f4xx_hal_adc.o
 .debug_abbrev  0x00000fb0      0x31d ./Drivers/STM32F4xx_HAL_Driver/Src/stm32f4xx_hal_cortex.o
 .debug_abbrev  0x000012cd      0x264 ./Drivers/STM32F4xx_HAL_Driver/Src/stm32f4xx_hal_dma.o
 .debug_abbrev  0x00001531      0x1d4 ./Drivers/STM32F4xx_HAL_Driver/Src/stm32f4xx_hal_gpio.o
 .debug_abbrev  0x00001705      0x2ad ./Drivers/STM32F4xx_HAL_Driver/Src/stm32f4xx_hal_i2c.o
 .debug_abbrev  0x000019b2      0x2b7 ./Drivers/STM32F4xx_HAL_Driver/Src/stm32f4xx_hal_rcc.o
 .debug_abbrev  0x00001c69      0x1b0 ./Drivers/STM32F4xx_HAL_Driver/Src/stm32f4xx_hal_rcc_ex.o
 .debug_abbrev  0x00001e19      0x1dd ./Drivers/STM32F4xx_HAL_Driver/Src/stm32f4xx_hal_rtc.o
 .debug_abbrev  0x00001ff6      0x207 ./Drivers/STM32F4xx_HAL_Driver/Src/stm32f4xx_hal_rtc_ex.o
 .debug_abbrev  0x000021fd      0x278 ./Drivers/STM32F4xx_HAL_Driver/Src/stm32f4xx_hal_tim.o
 .debug_abbrev  0x00002475      0x283 ./Drivers/STM32F4xx_HAL_Driver/Src/stm32f4xx_hal_tim_ex.o
 .debug_abbrev  0x000026f8      0x30e ./Drivers/STM32F4xx_HAL_Driver/Src/stm32f4xx_hal_uart.o

.debug_aranges  0x00000000     0x13e8
 .debug_aranges
                0x00000000      0x138 ./Core/Src/main.o
 .debug_aranges
                0x00000138       0x78 ./Core/Src/stm32f4xx_hal_msp.o
 .debug_aranges
                0x000001b0       0x88 ./Core/Src/stm32f4xx_it.o
 .debug_aranges
                0x00000238       0x28 ./Core/Src/system_stm32f4xx.o
 .debug_aranges
                0x00000260       0x28 ./Core/Startup/startup_stm32f407vetx.o
 .debug_aranges
                0x00000288       0xa0 ./Drivers/MPU6500/mpu6500.o
 .debug_aranges
                0x00000328       0xf0 ./Drivers/STM32F4xx_HAL_Driver/Src/stm32f4xx_hal.o
 .debug_aranges
                0x00000418       0xe8 ./Drivers/STM32F4xx_HAL_Driver/Src/stm32f4xx_hal_adc.o
 .debug_aranges
                0x00000500      0x130 ./Drivers/STM32F4xx_HAL_Driver/Src/stm32f4xx_hal_cortex.o
 .debug_aranges
                0x00000630       0x90 ./Drivers/STM32F4xx_HAL_Driver/Src/stm32f4xx_hal_dma.o
 .debug_aranges
                0x000006c0       0x58 ./Drivers/STM32F4xx_HAL_Driver/Src/stm32f4xx_hal_gpio.o
 .debug_aranges
                0x00000718      0x2a8 ./Drivers/STM32F4xx_HAL_Driver/Src/stm32f4xx_hal_i2c.o
 .debug_aranges
                0x000009c0       0x88 ./Drivers/STM32F4xx_HAL_Driver/Src/stm32f4xx_hal_rcc.o
 .debug_aranges
                0x00000a48       0x48 ./Drivers/STM32F4xx_HAL_Driver/Src/stm32f4xx_hal_rcc_ex.o
 .debug_aranges
                0x00000a90       0xe8 ./Drivers/STM32F4xx_HAL_Driver/Src/stm32f4xx_hal_rtc.o
 .debug_aranges
                0x00000b78      0x130 ./Drivers/STM32F4xx_HAL_Driver/Src/stm32f4xx_hal_rtc_ex.o
 .debug_aranges
                0x00000ca8      0x3d0 ./Drivers/STM32F4xx_HAL_Driver/Src/stm32f4xx_hal_tim.o
 .debug_aranges
                0x00001078      0x168 ./Drivers/STM32F4xx_HAL_Driver/Src/stm32f4xx_hal_tim_ex.o
 .debug_aranges
                0x000011e0      0x208 ./Drivers/STM32F4xx_HAL_Driver/Src/stm32f4xx_hal_uart.o

.debug_rnglists
                0x00000000      0xfc6
 .debug_rnglists
                0x00000000       0xfb ./Core/Src/main.o
 .debug_rnglists
                0x000000fb       0x5b ./Core/Src/stm32f4xx_hal_msp.o
 .debug_rnglists
                0x00000156       0x61 ./Core/Src/stm32f4xx_it.o
 .debug_rnglists
                0x000001b7       0x1a ./Core/Src/system_stm32f4xx.o
 .debug_rnglists
                0x000001d1       0x19 ./Core/Startup/startup_stm32f407vetx.o
 .debug_rnglists
                0x000001ea       0x76 ./Drivers/MPU6500/mpu6500.o
 .debug_rnglists
                0x00000260       0xaf ./Drivers/STM32F4xx_HAL_Driver/Src/stm32f4xx_hal.o
 .debug_rnglists
                0x0000030f       0xb5 ./Drivers/STM32F4xx_HAL_Driver/Src/stm32f4xx_hal_adc.o
 .debug_rnglists
                0x000003c4       0xe0 ./Drivers/STM32F4xx_HAL_Driver/Src/stm32f4xx_hal_cortex.o
 .debug_rnglists
                0x000004a4       0x70 ./Drivers/STM32F4xx_HAL_Driver/Src/stm32f4xx_hal_dma.o
 .debug_rnglists
                0x00000514       0x3f ./Drivers/STM32F4xx_HAL_Driver/Src/stm32f4xx_hal_gpio.o
 .debug_rnglists
                0x00000553      0x23c ./Drivers/STM32F4xx_HAL_Driver/Src/stm32f4xx_hal_i2c.o
 .debug_rnglists
                0x0000078f       0x66 ./Drivers/STM32F4xx_HAL_Driver/Src/stm32f4xx_hal_rcc.o
 .debug_rnglists
                0x000007f5       0x35 ./Drivers/STM32F4xx_HAL_Driver/Src/stm32f4xx_hal_rcc_ex.o
 .debug_rnglists
                0x0000082a       0xb4 ./Drivers/STM32F4xx_HAL_Driver/Src/stm32f4xx_hal_rtc.o
 .debug_rnglists
                0x000008de       0xed ./Drivers/STM32F4xx_HAL_Driver/Src/stm32f4xx_hal_rtc_ex.o
 .debug_rnglists
                0x000009cb      0x31a ./Drivers/STM32F4xx_HAL_Driver/Src/stm32f4xx_hal_tim.o
 .debug_rnglists
                0x00000ce5      0x125 ./Drivers/STM32F4xx_HAL_Driver/Src/stm32f4xx_hal_tim_ex.o
 .debug_rnglists
                0x00000e0a      0x1bc ./Drivers/STM32F4xx_HAL_Driver/Src/stm32f4xx_hal_uart.o

.debug_macro    0x00000000    0x23dad
 .debug_macro   0x00000000      0x35b ./Core/Src/main.o
 .debug_macro   0x0000035b      0xade ./Core/Src/main.o
 .debug_macro   0x00000e39      0x2ad ./Core/Src/main.o
 .debug_macro   0x000010e6       0x2e ./Core/Src/main.o
 .debug_macro   0x00001114       0x2f ./Core/Src/main.o
 .debug_macro   0x00001143       0x22 ./Core/Src/main.o
 .debug_macro   0x00001165       0x8e ./Core/Src/main.o
 .debug_macro   0x000011f3       0x51 ./Core/Src/main.o
 .debug_macro   0x00001244      0x103 ./Core/Src/main.o
 .debug_macro   0x00001347       0x6a ./Core/Src/main.o
 .debug_macro   0x000013b1      0x1df ./Core/Src/main.o
 .debug_macro   0x00001590       0x1c ./Core/Src/main.o
 .debug_macro   0x000015ac       0x22 ./Core/Src/main.o
 .debug_macro   0x000015ce       0xfb ./Core/Src/main.o
 .debug_macro   0x000016c9     0x1011 ./Core/Src/main.o
 .debug_macro   0x000026da      0x11f ./Core/Src/main.o
 .debug_macro   0x000027f9    0x15ea5 ./Core/Src/main.o
 .debug_macro   0x0001869e       0x6d ./Core/Src/main.o
 .debug_macro   0x0001870b     0x3693 ./Core/Src/main.o
 .debug_macro   0x0001bd9e      0x190 ./Core/Src/main.o
 .debug_macro   0x0001bf2e       0x5c ./Core/Src/main.o
 .debug_macro   0x0001bf8a      0x980 ./Core/Src/main.o
 .debug_macro   0x0001c90a      0x9e9 ./Core/Src/main.o
 .debug_macro   0x0001d2f3      0x115 ./Core/Src/main.o
 .debug_macro   0x0001d408      0x13e ./Core/Src/main.o
 .debug_macro   0x0001d546       0xa5 ./Core/Src/main.o
 .debug_macro   0x0001d5eb      0x174 ./Core/Src/main.o
 .debug_macro   0x0001d75f      0x287 ./Core/Src/main.o
 .debug_macro   0x0001d9e6       0x5f ./Core/Src/main.o
 .debug_macro   0x0001da45      0x236 ./Core/Src/main.o
 .debug_macro   0x0001dc7b      0xb5b ./Core/Src/main.o
 .debug_macro   0x0001e7d6      0x38b ./Core/Src/main.o
 .debug_macro   0x0001eb61      0x176 ./Core/Src/main.o
 .debug_macro   0x0001ecd7       0xf9 ./Core/Src/main.o
 .debug_macro   0x0001edd0      0x12c ./Core/Src/main.o
 .debug_macro   0x0001eefc      0x21e ./Core/Src/main.o
 .debug_macro   0x0001f11a       0x2e ./Core/Src/main.o
 .debug_macro   0x0001f148      0x1b5 ./Core/Src/main.o
 .debug_macro   0x0001f2fd       0xd6 ./Core/Src/main.o
 .debug_macro   0x0001f3d3      0x127 ./Core/Src/main.o
 .debug_macro   0x0001f4fa       0x7e ./Core/Src/main.o
 .debug_macro   0x0001f578       0x89 ./Core/Src/main.o
 .debug_macro   0x0001f601      0x30c ./Core/Src/main.o
 .debug_macro   0x0001f90d      0x44b ./Core/Src/main.o
 .debug_macro   0x0001fd58       0xeb ./Core/Src/main.o
 .debug_macro   0x0001fe43      0x8ed ./Core/Src/main.o
 .debug_macro   0x00020730       0x4d ./Core/Src/main.o
 .debug_macro   0x0002077d      0x2aa ./Core/Src/main.o
 .debug_macro   0x00020a27      0x12d ./Core/Src/main.o
 .debug_macro   0x00020b54       0xfa ./Core/Src/main.o
 .debug_macro   0x00020c4e       0x61 ./Core/Src/main.o
 .debug_macro   0x00020caf       0x2a ./Core/Src/main.o
 .debug_macro   0x00020cd9       0x43 ./Core/Src/main.o
 .debug_macro   0x00020d1c       0x34 ./Core/Src/main.o
 .debug_macro   0x00020d50      0x364 ./Core/Src/main.o
 .debug_macro   0x000210b4       0x16 ./Core/Src/main.o
 .debug_macro   0x000210ca       0x4a ./Core/Src/main.o
 .debug_macro   0x00021114       0x34 ./Core/Src/main.o
 .debug_macro   0x00021148       0x10 ./Core/Src/main.o
 .debug_macro   0x00021158       0x58 ./Core/Src/main.o
 .debug_macro   0x000211b0       0x8e ./Core/Src/main.o
 .debug_macro   0x0002123e       0x1c ./Core/Src/main.o
 .debug_macro   0x0002125a      0x17e ./Core/Src/main.o
 .debug_macro   0x000213d8      0x19b ./Core/Src/main.o
 .debug_macro   0x00021573      0x238 ./Core/Src/stm32f4xx_hal_msp.o
 .debug_macro   0x000217ab      0x242 ./Core/Src/stm32f4xx_it.o
 .debug_macro   0x000219ed      0x229 ./Core/Src/system_stm32f4xx.o
 .debug_macro   0x00021c16      0x4a0 ./Drivers/MPU6500/mpu6500.o
 .debug_macro   0x000220b6      0x289 ./Drivers/STM32F4xx_HAL_Driver/Src/stm32f4xx_hal.o
 .debug_macro   0x0002233f      0x22a ./Drivers/STM32F4xx_HAL_Driver/Src/stm32f4xx_hal_adc.o
 .debug_macro   0x00022569      0x229 ./Drivers/STM32F4xx_HAL_Driver/Src/stm32f4xx_hal_cortex.o
 .debug_macro   0x00022792      0x22f ./Drivers/STM32F4xx_HAL_Driver/Src/stm32f4xx_hal_dma.o
 .debug_macro   0x000229c1      0x22f ./Drivers/STM32F4xx_HAL_Driver/Src/stm32f4xx_hal_gpio.o
 .debug_macro   0x00022bf0      0x277 ./Drivers/STM32F4xx_HAL_Driver/Src/stm32f4xx_hal_i2c.o
 .debug_macro   0x00022e67      0x24d ./Drivers/STM32F4xx_HAL_Driver/Src/stm32f4xx_hal_rcc.o
 .debug_macro   0x000230b4      0x229 ./Drivers/STM32F4xx_HAL_Driver/Src/stm32f4xx_hal_rcc_ex.o
 .debug_macro   0x000232dd      0x22a ./Drivers/STM32F4xx_HAL_Driver/Src/stm32f4xx_hal_rtc.o
 .debug_macro   0x00023507      0x229 ./Drivers/STM32F4xx_HAL_Driver/Src/stm32f4xx_hal_rtc_ex.o
 .debug_macro   0x00023730      0x22a ./Drivers/STM32F4xx_HAL_Driver/Src/stm32f4xx_hal_tim.o
 .debug_macro   0x0002395a      0x229 ./Drivers/STM32F4xx_HAL_Driver/Src/stm32f4xx_hal_tim_ex.o
 .debug_macro   0x00023b83      0x22a ./Drivers/STM32F4xx_HAL_Driver/Src/stm32f4xx_hal_uart.o

.debug_line     0x00000000    0x17c0d
 .debug_line    0x00000000     0x1893 ./Core/Src/main.o
 .debug_line    0x00001893      0xa61 ./Core/Src/stm32f4xx_hal_msp.o
 .debug_line    0x000022f4      0x91a ./Core/Src/stm32f4xx_it.o
 .debug_line    0x00002c0e      0x869 ./Core/Src/system_stm32f4xx.o
 .debug_line    0x00003477       0x7a ./Core/Startup/startup_stm32f407vetx.o
 .debug_line    0x000034f1      0xb02 ./Drivers/MPU6500/mpu6500.o
 .debug_line    0x00003ff3      0xae8 ./Drivers/STM32F4xx_HAL_Driver/Src/stm32f4xx_hal.o
 .debug_line    0x00004adb     0x12fc ./Drivers/STM32F4xx_HAL_Driver/Src/stm32f4xx_hal_adc.o