Archive member included to satisfy reference by file (symbol)

C:/ST/STM32CubeIDE_2.0.0/STM32CubeIDE/plugins/com.st.stm32cube.ide.mcu.externaltools.gnu-tools-for-stm32.14.3.rel1.win32_1.0.100.202602081740/tools/bin/../lib/gcc/arm-none-eabi/14.3.1/../../../../arm-none-eabi/lib/thumb/v7e-m+fp/hard\libc_nano.a(libc_a-exit.o)
                              C:/ST/STM32CubeIDE_2.0.0/STM32CubeIDE/plugins/com.st.stm32cube.ide.mcu.externaltools.gnu-tools-for-stm32.14.3.rel1.win32_1.0.100.202602081740/tools/bin/../lib/gcc/arm-none-eabi/14.3.1/../../../../arm-none-eabi/lib/thumb/v7e-m+fp/hard/crt0.o (exit)
C:/ST/STM32CubeIDE_2.0.0/STM32CubeIDE/plugins/com.st.stm32cube.ide.mcu.externaltools.gnu-tools-for-stm32.14.3.rel1.win32_1.0.100.202602081740/tools/bin/../lib/gcc/arm-none-eabi/14.3.1/../../../../arm-none-eabi/lib/thumb/v7e-m+fp/hard\libc_nano.a(libc_a-findfp.o)
                              C:/ST/STM32CubeIDE_2.0.0/STM32CubeIDE/plugins/com.st.stm32cube.ide.mcu.externaltools.gnu-tools-for-stm32.14.3.rel1.win32_1.0.100.202602081740/tools/bin/../lib/gcc/arm-none-eabi/14.3.1/../../../../arm-none-eabi/lib/thumb/v7e-m+fp/hard\libc_nano.a(libc_a-exit.o) (__stdio_exit_handler)
C:/ST/STM32CubeIDE_2.0.0/STM32CubeIDE/plugins/com.st.stm32cube.ide.mcu.externaltools.gnu-tools-for-stm32.14.3.rel1.win32_1.0.100.202602081740/tools/bin/../lib/gcc/arm-none-eabi/14.3.1/../../../../arm-none-eabi/lib/thumb/v7e-m+fp/hard\libc_nano.a(libc_a-fwalk.o)
                              C:/ST/STM32CubeIDE_2.0.0/STM32CubeIDE/plugins/com.st.stm32cube.ide.mcu.externaltools.gnu-tools-for-stm32.14.3.rel1.win32_1.0.100.202602081740/tools/bin/../lib/gcc/arm-none-eabi/14.3.1/../../../../arm-none-eabi/lib/thumb/v7e-m+fp/hard\libc_nano.a(libc_a-findfp.o) (_fwalk_sglue)
C:/ST/STM32CubeIDE_2.0.0/STM32CubeIDE/plugins/com.st.stm32cube.ide.mcu.externaltools.gnu-tools-for-stm32.14.3.rel1.win32_1.0.100.202602081740/tools/bin/../lib/gcc/arm-none-eabi/14.3.1/../../../../arm-none-eabi/lib/thumb/v7e-m+fp/hard\libc_nano.a(libc_a-stdio.o)
                              C:/ST/STM32CubeIDE_2.0.0/STM32CubeIDE/plugins/com.st.stm32cube.ide.mcu.externaltools.gnu-tools-for-stm32.14.3.rel1.win32_1.0.100.202602081740/tools/bin/../lib/gcc/arm-none-eabi/14.3.1/../../../../arm-none-eabi/lib/thumb/v7e-m+fp/hard\libc_nano.a(libc_a-findfp.o) (__sread)
C:/ST/STM32CubeIDE_2.0.0/STM32CubeIDE/plugins/com.st.stm32cube.ide.mcu.externaltools.gnu-tools-for-stm32.14.3.rel1.win32_1.0.100.202602081740/tools/bin/../lib/gcc/arm-none-eabi/14.3.1/../../../../arm-none-eabi/lib/thumb/v7e-m+fp/hard\libc_nano.a(libc_a-memset.o)
                              C:/ST/STM32CubeIDE_2.0.0/STM32CubeIDE/plugins/com.st.stm32cube.ide.mcu.externaltools.gnu-tools-for-stm32.14.3.rel1.win32_1.0.100.202602081740/tools/bin/../lib/gcc/arm-none-eabi/14.3.1/../../../../arm-none-eabi/lib/thumb/v7e-m+fp/hard/crt0.o (memset)
C:/ST/STM32CubeIDE_2.0.0/STM32CubeIDE/plugins/com.st.stm32cube.ide.mcu.externaltools.gnu-tools-for-stm32.14.3.rel1.win32_1.0.100.202602081740/tools/bin/../lib/gcc/arm-none-eabi/14.3.1/../../../../arm-none-eabi/lib/thumb/v7e-m+fp/hard\libc_nano.a(libc_a-closer.o)
                              C:/ST/STM32CubeIDE_2.0.0/STM32CubeIDE/plugins/com.st.stm32cube.ide.mcu.externaltools.gnu-tools-for-stm32.14.3.rel1.win32_1.0.100.202602081740/tools/bin/../lib/gcc/arm-none-eabi/14.3.1/../../../../arm-none-eabi/lib/thumb/v7e-m+fp/hard\libc_nano.a(libc_a-stdio.o) (_close_r)
C:/ST/STM32CubeIDE_2.0.0/STM32CubeIDE/plugins/com.st.stm32cube.ide.mcu.externaltools.gnu-tools-for-stm32.14.3.rel1.win32_1.0.100.202602081740/tools/bin/../lib/gcc/arm-none-eabi/14.3.1/../../../../arm-none-eabi/lib/thumb/v7e-m+fp/hard\libc_nano.a(libc_a-reent.o)
                              C:/ST/STM32CubeIDE_2.0.0/STM32CubeIDE/plugins/com.st.stm32cube.ide.mcu.externaltools.gnu-tools-for-stm32.14.3.rel1.win32_1.0.100.202602081740/tools/bin/../lib/gcc/arm-none-eabi/14.3.1/../../../../arm-none-eabi/lib/thumb/v7e-m+fp/hard\libc_nano.a(libc_a-closer.o) (errno)
C:/ST/STM32CubeIDE_2.0.0/STM32CubeIDE/plugins/com.st.stm32cube.ide.mcu.externaltools.gnu-tools-for-stm32.14.3.rel1.win32_1.0.100.202602081740/tools/bin/../lib/gcc/arm-none-eabi/14.3.1/../../../../arm-none-eabi/lib/thumb/v7e-m+fp/hard\libc_nano.a(libc_a-impure.o)
                              C:/ST/STM32CubeIDE_2.0.0/STM32CubeIDE/plugins/com.st.stm32cube.ide.mcu.externaltools.gnu-tools-for-stm32.14.3.rel1.win32_1.0.100.202602081740/tools/bin/../lib/gcc/arm-none-eabi/14.3.1/../../../../arm-none-eabi/lib/thumb/v7e-m+fp/hard\libc_nano.a(libc_a-reent.o) (_impure_ptr)
C:/ST/STM32CubeIDE_2.0.0/STM32CubeIDE/plugins/com.st.stm32cube.ide.mcu.externaltools.gnu-tools-for-stm32.14.3.rel1.win32_1.0.100.202602081740/tools/bin/../lib/gcc/arm-none-eabi/14.3.1/../../../../arm-none-eabi/lib/thumb/v7e-m+fp/hard\libc_nano.a(libc_a-lseekr.o)
[...]
Memory Configuration

Name             Origin             Length             Attributes
CCMRAM           0x10000000         0x00010000         xrw
RAM              0x20000000         0x00020000         xrw
FLASH            0x08000000         0x00080000         xr
*default*        0x00000000         0xffffffff

Linker script and memory map

LOAD C:/ST/STM32CubeIDE_2.0.0/STM32CubeIDE/plugins/com.st.stm32cube.ide.mcu.externaltools.gnu-tools-for-stm32.14.3.rel1.win32_1.0.100.202602081740/tools/bin/../lib/gcc/arm-none-eabi/14.3.1/thumb/v7e-m+fp/hard/crti.o
LOAD C:/ST/STM32CubeIDE_2.0.0/STM32CubeIDE/plugins/com.st.stm32cube.ide.mcu.externaltools.gnu-tools-for-stm32.14.3.rel1.win32_1.0.100.202602081740/tools/bin/../lib/gcc/arm-none-eabi/14.3.1/thumb/v7e-m+fp/hard/crtbegin.o
LOAD C:/ST/STM32CubeIDE_2.0.0/STM32CubeIDE/plugins/com.st.stm32cube.ide.mcu.externaltools.gnu-tools-for-stm32.14.3.rel1.win32_1.0.100.202602081740/tools/bin/../lib/gcc/arm-none-eabi/14.3.1/../../../../arm-none-eabi/lib/thumb/v7e-m+fp/hard/crt0.o
LOAD ./Core/Src/main.o
LOAD ./Core/Src/stm32f4xx_hal_msp.o
LOAD ./Core/Src/stm32f4xx_it.o
LOAD ./Core/Src/syscalls.o
LOAD ./Core/Src/sysmem.o
LOAD ./Core/Src/system_stm32f4xx.o
LOAD ./Core/Startup/startup_stm32f407vetx.o
LOAD ./Drivers/MPU6500/mpu6500.o
LOAD ./Drivers/STM32F4xx_HAL_Driver/Src/stm32f4xx_hal.o
LOAD ./Drivers/STM32F4xx_HAL_Driver/Src/stm32f4xx_hal_adc.o
LOAD ./Drivers/STM32F4xx_HAL_Driver/Src/stm32f4xx_hal_adc_ex.o
LOAD ./Drivers/STM32F4xx_HAL_Driver/Src/stm32f4xx_hal_cortex.o
LOAD ./Drivers/STM32F4xx_HAL_Driver/Src/stm32f4xx_hal_dma.o
LOAD ./Drivers/STM32F4xx_HAL_Driver/Src/stm32f4xx_hal_dma_ex.o
LOAD ./Drivers/STM32F4xx_HAL_Driver/Src/stm32f4xx_hal_exti.o
LOAD ./Drivers/STM32F4xx_HAL_Driver/Src/stm32f4xx_hal_flash.o
LOAD ./Drivers/STM32F4xx_HAL_Driver/Src/stm32f4xx_hal_flash_ex.o
LOAD ./Drivers/STM32F4xx_HAL_Driver/Src/stm32f4xx_hal_flash_ramfunc.o
LOAD ./Drivers/STM32F4xx_HAL_Driver/Src/stm32f4xx_hal_gpio.o
LOAD ./Drivers/STM32F4xx_HAL_Driver/Src/stm32f4xx_hal_i2c.o
LOAD ./Drivers/STM32F4xx_HAL_Driver/Src/stm32f4xx_hal_i2c_ex.o
LOAD ./Drivers/STM32F4xx_HAL_Driver/Src/stm32f4xx_hal_pwr.o
LOAD ./Drivers/STM32F4xx_HAL_Driver/Src/stm32f4xx_hal_pwr_ex.o
LOAD ./Drivers/STM32F4xx_HAL_Driver/Src/stm32f4xx_hal_rcc.o
LOAD ./Drivers/STM32F4xx_HAL_Driver/Src/stm32f4xx_hal_rcc_ex.o
LOAD ./Drivers/STM32F4xx_HAL_Driver/Src/stm32f4xx_hal_rtc.o
LOAD ./Drivers/STM32F4xx_HAL_Driver/Src/stm32f4xx_hal_rtc_ex.o
LOAD ./Drivers/STM32F4xx_HAL_Driver/Src/stm32f4xx_hal_tim.o
LOAD ./Drivers/STM32F4xx_HAL_Driver/Src/stm32f4xx_hal_tim_ex.o
LOAD ./Drivers/STM32F4xx_HAL_Driver/Src/stm32f4xx_hal_uart.o
START GROUP
LOAD C:/ST/STM32CubeIDE_2.0.0/STM32CubeIDE/plugins/com.st.stm32cube.ide.mcu.externaltools.gnu-tools-for-stm32.14.3.rel1.win32_1.0.100.202602081740/tools/bin/../lib/gcc/arm-none-eabi/14.3.1/../../../../arm-none-eabi/lib/thumb/v7e-m+fp/hard\libc_nano.a
LOAD C:/ST/STM32CubeIDE_2.0.0/STM32CubeIDE/plugins/com.st.stm32cube.ide.mcu.externaltools.gnu-tools-for-stm32.14.3.rel1.win32_1.0.100.202602081740/tools/bin/../lib/gcc/arm-none-eabi/14.3.1/../../../../arm-none-eabi/lib/thumb/v7e-m+fp/hard\libm.a
END GROUP
START GROUP
LOAD C:/ST/STM32CubeIDE_2.0.0/STM32CubeIDE/plugins/com.st.stm32cube.ide.mcu.externaltools.gnu-tools-for-stm32.14.3.rel1.win32_1.0.100.202602081740/tools/bin/../lib/gcc/arm-none-eabi/14.3.1/thumb/v7e-m+fp/hard\libgcc.a
LOAD C:/ST/STM32CubeIDE_2.0.0/STM32CubeIDE/plugins/com.st.stm32cube.ide.mcu.externaltools.gnu-tools-for-stm32.14.3.rel1.win32_1.0.100.202602081740/tools/bin/../lib/gcc/arm-none-eabi/14.3.1/../../../../arm-none-eabi/lib/thumb/v7e-m+fp/hard\libc_nano.a
END GROUP
START GROUP
LOAD C:/ST/STM32CubeIDE_2.0.0/STM32CubeIDE/plugins/com.st.stm32cube.ide.mcu.externaltools.gnu-tools-for-stm32.14.3.rel1.win32_1.0.100.202602081740/tools/bin/../lib/gcc/arm-none-eabi/14.3.1/thumb/v7e-m+fp/hard\libgcc.a
LOAD C:/ST/STM32CubeIDE_2.0.0/STM32CubeIDE/plugins/com.st.stm32cube.ide.mcu.externaltools.gnu-tools-for-stm32.14.3.rel1.win32_1.0.100.202602081740/tools/bin/../lib/gcc/arm-none-eabi/14.3.1/../../../../arm-none-eabi/lib/thumb/v7e-m+fp/hard\libc_nano.a
LOAD C:/ST/STM32CubeIDE_2.0.0/STM32CubeIDE/plugins/com.st.stm32cube.ide.mcu.externaltools.gnu-tools-for-stm32.14.3.rel1.win32_1.0.100.202602081740/tools/bin/../lib/gcc/arm-none-eabi/14.3.1/../../../../arm-none-eabi/lib/thumb/v7e-m+fp/hard\libnosys.a
END GROUP
START GROUP
LOAD C:/ST/STM32CubeIDE_2.0.0/STM32CubeIDE/plugins/com.st.stm32cube.ide.mcu.externaltools.gnu-tools-for-stm32.14.3.rel1.win32_1.0.100.202602081740/tools/bin/../lib/gcc/arm-none-eabi/14.3.1/thumb/v7e-m+fp/hard\libgcc.a
LOAD C:/ST/STM32CubeIDE_2.0.0/STM32CubeIDE/plugins/com.st.stm32cube.ide.mcu.externaltools.gnu-tools-for-stm32.14.3.rel1.win32_1.0.100.202602081740/tools/bin/../lib/gcc/arm-none-eabi/14.3.1/../../../../arm-none-eabi/lib/thumb/v7e-m+fp/hard\libc_nano.a
LOAD C:/ST/STM32CubeIDE_2.0.0/STM32CubeIDE/plugins/com.st.stm32cube.ide.mcu.externaltools.gnu-tools-for-stm32.14.3.rel1.win32_1.0.100.202602081740/tools/bin/../lib/gcc/arm-none-eabi/14.3.1/../../../../arm-none-eabi/lib/thumb/v7e-m+fp/hard\libnosys.a
END GROUP
LOAD C:/ST/STM32CubeIDE_2.0.0/STM32CubeIDE/plugins/com.st.stm32cube.ide.mcu.externaltools.gnu-tools-for-stm32.14.3.rel1.win32_1.0.100.202602081740/tools/bin/../lib/gcc/arm-none-eabi/14.3.1/thumb/v7e-m+fp/hard/crtend.o
LOAD C:/ST/STM32CubeIDE_2.0.0/STM32CubeIDE/plugins/com.st.stm32cube.ide.mcu.externaltools.gnu-tools-for-stm32.14.3.rel1.win32_1.0.100.202602081740/tools/bin/../lib/gcc/arm-none-eabi/14.3.1/thumb/v7e-m+fp/hard/crtn.o
                0x20020000                        _estack = (ORIGIN (RAM) + LENGTH (RAM))
                0x00000200                        _Min_Heap_Size = 0x200
                0x00000400                        _Min_Stack_Size = 0x400

.isr_vector     0x08000000      0x188
                0x08000000                        . = ALIGN (0x4)
 *(.isr_vector)
 .isr_vector    0x08000000      0x188 ./Core/Startup/startup_stm32f407vetx.o
                0x08000000                g_pfnVectors
                0x08000188                        . = ALIGN (0x4)

.text           0x08000188     0xb408
                0x08000188                        . = ALIGN (0x4)
 *(.text)
 .text          0x08000188       0x40 C:/ST/STM32CubeIDE_2.0.0/STM32CubeIDE/plugins/com.st.stm32cube.ide.mcu.externaltools.gnu-tools-for-stm32.14.3.rel1.win32_1.0.100.202602081740/tools/bin/../lib/gcc/arm-none-eabi/14.3.1/thumb/v7e-m+fp/hard/crtbegin.o
 .text          0x080001c8      0x378 C:/ST/STM32CubeIDE_2.0.0/STM32CubeIDE/plugins/com.st.stm32cube.ide.mcu.externaltools.gnu-tools-for-stm32.14.3.rel1.win32_1.0.100.202602081740/tools/bin/../lib/gcc/arm-none-eabi/14.3.1/thumb/v7e-m+fp/hard\libgcc.a(_arm_addsubdf3.o)
                0x080001c8                __aeabi_drsub
                0x080001d0                __aeabi_dsub
                0x080001d0                __subdf3
                0x080001d4                __aeabi_dadd
                0x080001d4                __adddf3
                0x0800044c                __floatunsidf
                0x0800044c                __aeabi_ui2d
                0x0800046c                __floatsidf
                0x0800046c                __aeabi_i2d
                0x08000490                __aeabi_f2d
                0x08000490                __extendsfdf2
                0x080004d4                __floatundidf
                0x080004d4                __aeabi_ul2d
                0x080004e4                __floatdidf
                0x080004e4                __aeabi_l2d
 .text          0x08000540      0x424 C:/ST/STM32CubeIDE_2.0.0/STM32CubeIDE/plugins/com.st.stm32cube.ide.mcu.externaltools.gnu-tools-for-stm32.14.3.rel1.win32_1.0.100.202602081740/tools/bin/../lib/gcc/arm-none-eabi/14.3.1/thumb/v7e-m+fp/hard\libgcc.a(_arm_muldivdf3.o)
                0x08000540                __aeabi_dmul
                0x08000540                __muldf3
                0x08000794                __divdf3
                0x08000794                __aeabi_ddiv
 .text          0x08000964      0x110 C:/ST/STM32CubeIDE_2.0.0/STM32CubeIDE/plugins/com.st.stm32cube.ide.mcu.externaltools.gnu-tools-for-stm32.14.3.rel1.win32_1.0.100.202602081740/tools/bin/../lib/gcc/arm-none-eabi/14.3.1/thumb/v7e-m+fp/hard\libgcc.a(_arm_cmpdf2.o)
                0x08000964                __gtdf2
                0x08000964                __gedf2
                0x0800096c                __ltdf2
                0x0800096c                __ledf2
                0x08000974                __nedf2
                0x08000974                __eqdf2
                0x08000974                __cmpdf2
                0x080009f0                __aeabi_cdrcmple
                0x08000a00                __aeabi_cdcmpeq
                0x08000a00                __aeabi_cdcmple
                0x08000a10                __aeabi_dcmpeq
                0x08000a24                __aeabi_dcmplt
                0x08000a38                __aeabi_dcmple
                0x08000a4c                __aeabi_dcmpge
                0x08000a60                __aeabi_dcmpgt
 .text          0x08000a74       0x50 C:/ST/STM32CubeIDE_2.0.0/STM32CubeIDE/plugins/com.st.stm32cube.ide.mcu.externaltools.gnu-tools-for-stm32.14.3.rel1.win32_1.0.100.202602081740/tools/bin/../lib/gcc/arm-none-eabi/14.3.1/thumb/v7e-m+fp/hard\libgcc.a(_arm_fixdfsi.o)
                0x08000a74                __aeabi_d2iz
                0x08000a74                __fixdfsi
 .text          0x08000ac4       0xa0 C:/ST/STM32CubeIDE_2.0.0/STM32CubeIDE/plugins/com.st.stm32cube.ide.mcu.externaltools.gnu-tools-for-stm32.14.3.rel1.win32_1.0.100.202602081740/tools/bin/../lib/gcc/arm-none-eabi/14.3.1/thumb/v7e-m+fp/hard\libgcc.a(_arm_truncdfsf2.o)
                0x08000ac4                __truncdfsf2
                0x08000ac4                __aeabi_d2f
 .text          0x08000b64       0x30 C:/ST/STM32CubeIDE_2.0.0/STM32CubeIDE/plugins/com.st.stm32cube.ide.mcu.externaltools.gnu-tools-for-stm32.14.3.rel1.win32_1.0.100.202602081740/tools/bin/../lib/gcc/arm-none-eabi/14.3.1/thumb/v7e-m+fp/hard\libgcc.a(_aeabi_uldivmod.o)
                0x08000b64                __aeabi_uldivmod
 .text          0x08000b94      0x2f8 C:/ST/STM32CubeIDE_2.0.0/STM32CubeIDE/plugins/com.st.stm32cube.ide.mcu.externaltools.gnu-tools-for-stm32.14.3.rel1.win32_1.0.100.202602081740/tools/bin/../lib/gcc/arm-none-eabi/14.3.1/thumb/v7e-m+fp/hard\libgcc.a(_udivmoddi4.o)
                0x08000b94                __udivmoddi4
 .text          0x08000e8c        0x4 C:/ST/STM32CubeIDE_2.0.0/STM32CubeIDE/plugins/com.st.stm32cube.ide.mcu.externaltools.gnu-tools-for-stm32.14.3.rel1.win32_1.0.100.202602081740/tools/bin/../lib/gcc/arm-none-eabi/14.3.1/thumb/v7e-m+fp/hard\libgcc.a(_dvmd_tls.o)
                0x08000e8c                __aeabi_idiv0
                0x08000e8c                __aeabi_ldiv0
 *(.text*)
 .text.main     0x08000e90      0x394 ./Core/Src/main.o
                0x08000e90                main
 .text.SystemClock_Config
                0x08001224       0xd8 ./Core/Src/main.o
                0x08001224                SystemClock_Config
 .text.MX_ADC1_Init
                0x080012fc       0xa4 ./Core/Src/main.o
 .text.MX_I2C1_Init
                0x080013a0       0x5c ./Core/Src/main.o
 .text.MX_RTC_Init
                0x080013fc       0xc8 ./Core/Src/main.o
 .text.MX_TIM1_Init
                0x080014c4      0x158 ./Core/Src/main.o
 .text.MX_TIM3_Init
                0x0800161c      0x130 ./Core/Src/main.o
 .text.MX_TIM4_Init
                0x0800174c      0x104 ./Core/Src/main.o
 .text.MX_UART4_Init
                0x08001850       0x54 ./Core/Src/main.o
 .text.MX_DMA_Init
                0x080018a4       0x9c ./Core/Src/main.o
 .text.MX_GPIO_Init
                0x08001940      0x198 ./Core/Src/main.o
 .text.map      0x08001ad8       0x74 ./Core/Src/main.o
                0x08001ad8                map
 .text.moveServo
                0x08001b4c       0x44 ./Core/Src/main.o
                0x08001b4c                moveServo
 .text.setServoAngle
                0x08001b90       0x74 ./Core/Src/main.o
                0x08001b90                setServoAngle
 .text.readMPU  0x08001c04      0x160 ./Core/Src/main.o
                0x08001c04                readMPU
 .text.readBattery
                0x08001d64       0xe0 ./Core/Src/main.o
                0x08001d64                readBattery
 .text.UGV_setSpeed
                0x08001e44       0xc0 ./Core/Src/main.o
                0x08001e44                UGV_setSpeed
 .text.UGV_setDirection
                0x08001f04       0x58 ./Core/Src/main.o
                0x08001f04                UGV_setDirection
 .text.CRSF_Parser
                0x08001f5c      0x25a ./Core/Src/main.o
                0x08001f5c                CRSF_Parser
 .text.extractELRS
                0x080021b6      0x2ec ./Core/Src/main.o
                0x080021b6                extractELRS
 *fill*         0x080024a2        0x2 
 .text.crsf_crc8
                0x080024a4       0x44 ./Core/Src/main.o
                0x080024a4                crsf_crc8
 .text.bitMask  0x080024e8       0x74 ./Core/Src/main.o
                0x080024e8                bitMask
 .text.DSHOT_PreparePacket
                0x0800255c      0x134 ./Core/Src/main.o
                0x0800255c                DSHOT_PreparePacket
 .text.DSHOT_Fire
                0x08002690       0x4c ./Core/Src/main.o
                0x08002690                DSHOT_Fire
 .text.complementaryFilter
                0x080026dc      0x12c ./Core/Src/main.o
                0x080026dc                complementaryFilter
 .text.UAV_error
                0x08002808       0xa0 ./Core/Src/main.o
                0x08002808                UAV_error
 .text.UAV_PID  0x080028a8      0x110 ./Core/Src/main.o
                0x080028a8                UAV_PID
 .text.UAV_convertThrust
                0x080029b8       0xf4 ./Core/Src/main.o
                0x080029b8                UAV_convertThrust
 *fill*         0x08002aac        0x4 
 .text.UAV_normalizeMotor
                0x08002ab0      0x458 ./Core/Src/main.o
                0x08002ab0                UAV_normalizeMotor
 .text.UAV_convertTilt
                0x08002f08       0xc0 ./Core/Src/main.o
                0x08002f08                UAV_convertTilt
 .text.UAV_convertYaw
                0x08002fc8       0xc0 ./Core/Src/main.o
                0x08002fc8                UAV_convertYaw
 .text.HAL_UART_RxCpltCallback
                0x08003088      0x174 ./Core/Src/main.o
                0x08003088                HAL_UART_RxCpltCallback
 .text.HAL_TIM_PeriodElapsedCallback
                0x080031fc       0x90 ./Core/Src/main.o
                0x080031fc                HAL_TIM_PeriodElapsedCallback
 .text.HAL_RTCEx_WakeUpTimerEventCallback
                0x0800328c       0x5c ./Core/Src/main.o
                0x0800328c                HAL_RTCEx_WakeUpTimerEventCallback
 .text.HAL_GPIO_EXTI_Callback
                0x080032e8       0x28 ./Core/Src/main.o
                0x080032e8                HAL_GPIO_EXTI_Callback
 .text.HAL_TIM_PWM_PulseFinishedCallback
                0x08003310       0x64 ./Core/Src/main.o
                0x08003310                HAL_TIM_PWM_PulseFinishedCallback
 .text.Error_Handler
                0x08003374        0x8 ./Core/Src/main.o
                0x08003374                Error_Handler
 .text.HAL_MspInit
                0x0800337c       0x50 ./Core/Src/stm32f4xx_hal_msp.o
                0x0800337c                HAL_MspInit
 .text.HAL_ADC_MspInit
                0x080033cc       0xf0 ./Core/Src/stm32f4xx_hal_msp.o
                0x080033cc                HAL_ADC_MspInit
 .text.HAL_I2C_MspInit
                0x080034bc       0x90 ./Core/Src/stm32f4xx_hal_msp.o
                0x080034bc                HAL_I2C_MspInit
 .text.HAL_RTC_MspInit
                0x0800354c       0x64 ./Core/Src/stm32f4xx_hal_msp.o
                0x0800354c                HAL_RTC_MspInit
 .text.HAL_TIM_Base_MspInit
                0x080035b0      0x268 ./Core/Src/stm32f4xx_hal_msp.o
                0x080035b0                HAL_TIM_Base_MspInit
 .text.HAL_TIM_MspPostInit
                0x08003818      0x158 ./Core/Src/stm32f4xx_hal_msp.o
                0x08003818                HAL_TIM_MspPostInit
 .text.HAL_UART_MspInit
                0x08003970       0xa0 ./Core/Src/stm32f4xx_hal_msp.o
                0x08003970                HAL_UART_MspInit
 .text.NMI_Handler
                0x08003a10        0x8 ./Core/Src/stm32f4xx_it.o
                0x08003a10                NMI_Handler
 .text.HardFault_Handler
                0x08003a18        0x8 ./Core/Src/stm32f4xx_it.o
                0x08003a18                HardFault_Handler
 .text.MemManage_Handler
                0x08003a20        0x8 ./Core/Src/stm32f4xx_it.o
                0x08003a20                MemManage_Handler
 .text.BusFault_Handler
                0x08003a28        0x8 ./Core/Src/stm32f4xx_it.o
                0x08003a28                BusFault_Handler
 .text.UsageFault_Handler
                0x08003a30        0x8 ./Core/Src/stm32f4xx_it.o
                0x08003a30                UsageFault_Handler
 .text.SVC_Handler
                0x08003a38        0xe ./Core/Src/stm32f4xx_it.o
                0x08003a38                SVC_Handler
 .text.DebugMon_Handler
                0x08003a46        0xe ./Core/Src/stm32f4xx_it.o
                0x08003a46                DebugMon_Handler
 .text.PendSV_Handler
                0x08003a54        0xe ./Core/Src/stm32f4xx_it.o
                0x08003a54                PendSV_Handler
 .text.SysTick_Handler
                0x08003a62        0xc ./Core/Src/stm32f4xx_it.o
                0x08003a62                SysTick_Handler
 *fill*         0x08003a6e        0x2 
 .text.RTC_WKUP_IRQHandler
                0x08003a70       0x14 ./Core/Src/stm32f4xx_it.o
                0x08003a70                RTC_WKUP_IRQHandler
 .text.DMA1_Stream2_IRQHandler
                0x08003a84       0x14 ./Core/Src/stm32f4xx_it.o
                0x08003a84                DMA1_Stream2_IRQHandler
 .text.DMA1_Stream4_IRQHandler
                0x08003a98       0x14 ./Core/Src/stm32f4xx_it.o
                0x08003a98                DMA1_Stream4_IRQHandler
 .text.DMA1_Stream5_IRQHandler
                0x08003aac       0x14 ./Core/Src/stm32f4xx_it.o
                0x08003aac                DMA1_Stream5_IRQHandler
 .text.EXTI9_5_IRQHandler
                0x08003ac0       0x10 ./Core/Src/stm32f4xx_it.o
                0x08003ac0                EXTI9_5_IRQHandler
 .text.TIM3_IRQHandler
                0x08003ad0       0x14 ./Core/Src/stm32f4xx_it.o
                0x08003ad0                TIM3_IRQHandler
 .text.DMA1_Stream7_IRQHandler
                0x08003ae4       0x14 ./Core/Src/stm32f4xx_it.o
                0x08003ae4                DMA1_Stream7_IRQHandler
 .text.UART4_IRQHandler
                0x08003af8       0x14 ./Core/Src/stm32f4xx_it.o
                0x08003af8                UART4_IRQHandler
 .text.DMA2_Stream0_IRQHandler
                0x08003b0c       0x14 ./Core/Src/stm32f4xx_it.o
                0x08003b0c                DMA2_Stream0_IRQHandler
 .text.SystemInit
                0x08003b20       0x24 ./Core/Src/system_stm32f4xx.o
                0x08003b20                SystemInit
 .text.Reset_Handler
                0x08003b44       0x50 ./Core/Startup/startup_stm32f407vetx.o
                0x08003b44                Reset_Handler
 .text.Default_Handler
                0x08003b94        0x2 ./Core/Startup/startup_stm32f407vetx.o
                0x08003b94                RTC_Alarm_IRQHandler
                0x08003b94                HASH_RNG_IRQHandler
                0x08003b94                EXTI2_IRQHandler
                0x08003b94                TIM8_CC_IRQHandler
                0x08003b94                TIM1_CC_IRQHandler
                0x08003b94                DMA2_Stream5_IRQHandler
                0x08003b94                PVD_IRQHandler
                0x08003b94                SDIO_IRQHandler
                0x08003b94                TAMP_STAMP_IRQHandler
                0x08003b94                CAN2_RX1_IRQHandler
                0x08003b94                EXTI3_IRQHandler
                0x08003b94                TIM8_TRG_COM_TIM14_IRQHandler
                0x08003b94                TIM1_UP_TIM10_IRQHandler
                0x08003b94                TIM8_UP_TIM13_IRQHandler
                0x08003b94                I2C3_ER_IRQHandler
                0x08003b94                EXTI0_IRQHandler
                0x08003b94                I2C2_EV_IRQHandler
                0x08003b94                CAN1_RX0_IRQHandler
                0x08003b94                FPU_IRQHandler
                0x08003b94                OTG_HS_WKUP_IRQHandler
                0x08003b94                CAN2_SCE_IRQHandler
                0x08003b94                DMA2_Stream2_IRQHandler
                0x08003b94                SPI1_IRQHandler
                0x08003b94                TIM6_DAC_IRQHandler
                0x08003b94                TIM1_BRK_TIM9_IRQHandler
                0x08003b94                DCMI_IRQHandler
                0x08003b94                CAN2_RX0_IRQHandler
                0x08003b94                DMA2_Stream3_IRQHandler
                0x08003b94                USART6_IRQHandler
                0x08003b94                USART3_IRQHandler
                0x08003b94                CAN1_RX1_IRQHandler
                0x08003b94                UART5_IRQHandler
                0x08003b94                TIM4_IRQHandler
                0x08003b94                I2C1_EV_IRQHandler
                0x08003b94                DMA1_Stream6_IRQHandler
                0x08003b94                DMA1_Stream1_IRQHandler
                0x08003b94                RCC_IRQHandler
                0x08003b94                TIM8_BRK_TIM12_IRQHandler
                0x08003b94                Default_Handler
                0x08003b94                EXTI15_10_IRQHandler
                0x08003b94                ADC_IRQHandler
                0x08003b94                TIM7_IRQHandler
                0x08003b94                CAN2_TX_IRQHandler
                0x08003b94                TIM5_IRQHandler
                0x08003b94                DMA2_Stream7_IRQHandler
                0x08003b94                I2C3_EV_IRQHandler
                0x08003b94                ETH_WKUP_IRQHandler
                0x08003b94                SPI2_IRQHandler
                0x08003b94                OTG_HS_EP1_IN_IRQHandler
                0x08003b94                DMA1_Stream0_IRQHandler
                0x08003b94                CAN1_TX_IRQHandler
                0x08003b94                EXTI4_IRQHandler
                0x08003b94                FSMC_IRQHandler
                0x08003b94                ETH_IRQHandler
                0x08003b94                OTG_HS_EP1_OUT_IRQHandler
                0x08003b94                WWDG_IRQHandler
                0x08003b94                TIM2_IRQHandler
                0x08003b94                OTG_FS_WKUP_IRQHandler
                0x08003b94                TIM1_TRG_COM_TIM11_IRQHandler
                0x08003b94                OTG_HS_IRQHandler
                0x08003b94                EXTI1_IRQHandler
                0x08003b94                USART2_IRQHandler
                0x08003b94                I2C2_ER_IRQHandler
                0x08003b94                DMA2_Stream1_IRQHandler
                0x08003b94                CAN1_SCE_IRQHandler
                0x08003b94                FLASH_IRQHandler
                0x08003b94                DMA2_Stream4_IRQHandler
                0x08003b94                USART1_IRQHandler
                0x08003b94                OTG_FS_IRQHandler
                0x08003b94                SPI3_IRQHandler
                0x08003b94                I2C1_ER_IRQHandler
                0x08003b94                DMA2_Stream6_IRQHandler
                0x08003b94                DMA1_Stream3_IRQHandler
 *fill*         0x08003b96        0x2 
 .text.MPU6500_WriteRegister
                0x08003b98       0x3c ./Drivers/MPU6500/mpu6500.o
 .text.MPU6500_ReadRegister
                0x08003bd4       0x38 ./Drivers/MPU6500/mpu6500.o
 .text.MPU6500_Reset
                0x08003c0c       0x12 ./Drivers/MPU6500/mpu6500.o
 .text.MPU6500_ConfigureClock
                0x08003c1e       0x12 ./Drivers/MPU6500/mpu6500.o
 .text.MPU6500_ConfigureAccel
                0x08003c30       0x3c ./Drivers/MPU6500/mpu6500.o
 .text.MPU6500_ConfigureGyro
                0x08003c6c       0x3c ./Drivers/MPU6500/mpu6500.o
 .text.MPU6500_EnableTemperatureSensor
                0x08003ca8       0x3c ./Drivers/MPU6500/mpu6500.o
 .text.MPU6500_ConfigureInterrupts
                0x08003ce4       0x26 ./Drivers/MPU6500/mpu6500.o
 .text.MPU6500_Init
                0x08003d0a       0x82 ./Drivers/MPU6500/mpu6500.o
                0x08003d0a                MPU6500_Init
 .text.MPU6500_EnableDataReadyInterrupts
                0x08003d8c       0x12 ./Drivers/MPU6500/mpu6500.o
                0x08003d8c                MPU6500_EnableDataReadyInterrupts
 *fill*         0x08003d9e        0x2 
 .text.MPU6500_ReadAccel
                0x08003da0       0x80 ./Drivers/MPU6500/mpu6500.o
                0x08003da0                MPU6500_ReadAccel
 .text.MPU6500_ReadGyro
                0x08003e20       0x80 ./Drivers/MPU6500/mpu6500.o
                0x08003e20                MPU6500_ReadGyro
 .text.HAL_Init
                0x08003ea0       0x44 ./Drivers/STM32F4xx_HAL_Driver/Src/stm32f4xx_hal.o
                0x08003ea0                HAL_Init
 .text.HAL_InitTick
                0x08003ee4       0x60 ./Drivers/STM32F4xx_HAL_Driver/Src/stm32f4xx_hal.o
                0x08003ee4                HAL_InitTick
 .text.HAL_IncTick
                0x08003f44       0x28 ./Drivers/STM32F4xx_HAL_Driver/Src/stm32f4xx_hal.o
                0x08003f44                HAL_IncTick
 .text.HAL_GetTick
                0x08003f6c       0x18 ./Drivers/STM32F4xx_HAL_Driver/Src/stm32f4xx_hal.o
                0x08003f6c                HAL_GetTick
 .text.HAL_Delay
                0x08003f84       0x48 ./Drivers/STM32F4xx_HAL_Driver/Src/stm32f4xx_hal.o
                0x08003f84                HAL_Delay
 .text.HAL_ADC_Init
                0x08003fcc       0x86 ./Drivers/STM32F4xx_HAL_Driver/Src/stm32f4xx_hal_adc.o
                0x08003fcc                HAL_ADC_Init
 *fill*         0x08004052        0x2 
 .text.HAL_ADC_Start_DMA
                0x08004054      0x228 ./Drivers/STM32F4xx_HAL_Driver/Src/stm32f4xx_hal_adc.o
                0x08004054                HAL_ADC_Start_DMA
 .text.HAL_ADC_ConvCpltCallback
                0x0800427c       0x14 ./Drivers/STM32F4xx_HAL_Driver/Src/stm32f4xx_hal_adc.o
                0x0800427c                HAL_ADC_ConvCpltCallback
 .text.HAL_ADC_ConvHalfCpltCallback
                0x08004290       0x14 ./Drivers/STM32F4xx_HAL_Driver/Src/stm32f4xx_hal_adc.o
                0x08004290                HAL_ADC_ConvHalfCpltCallback
 .text.HAL_ADC_ErrorCallback
                0x080042a4       0x14 ./Drivers/STM32F4xx_HAL_Driver/Src/stm32f4xx_hal_adc.o
                0x080042a4                HAL_ADC_ErrorCallback
 .text.HAL_ADC_ConfigChannel
                0x080042b8      0x244 ./Drivers/STM32F4xx_HAL_Driver/Src/stm32f4xx_hal_adc.o
                0x080042b8                HAL_ADC_ConfigChannel
 .text.ADC_Init
                0x080044fc      0x1f8 ./Drivers/STM32F4xx_HAL_Driver/Src/stm32f4xx_hal_adc.o
 .text.ADC_DMAConvCplt
                0x080046f4       0xba ./Drivers/STM32F4xx_HAL_Driver/Src/stm32f4xx_hal_adc.o
 .text.ADC_DMAHalfConvCplt
                0x080047ae       0x1c ./Drivers/STM32F4xx_HAL_Driver/Src/stm32f4xx_hal_adc.o
 .text.ADC_DMAError
                0x080047ca       0x2e ./Drivers/STM32F4xx_HAL_Driver/Src/stm32f4xx_hal_adc.o
 .text.__NVIC_SetPriorityGrouping
                0x080047f8       0x48 ./Drivers/STM32F4xx_HAL_Driver/Src/stm32f4xx_hal_cortex.o
 .text.__NVIC_GetPriorityGrouping
                0x08004840       0x1c ./Drivers/STM32F4xx_HAL_Driver/Src/stm32f4xx_hal_cortex.o
 .text.__NVIC_EnableIRQ
                0x0800485c       0x3c ./Drivers/STM32F4xx_HAL_Driver/Src/stm32f4xx_hal_cortex.o
 .text.__NVIC_SetPriority
                0x08004898       0x54 ./Drivers/STM32F4xx_HAL_Driver/Src/stm32f4xx_hal_cortex.o
 .text.NVIC_EncodePriority
                0x080048ec       0x66 ./Drivers/STM32F4xx_HAL_Driver/Src/stm32f4xx_hal_cortex.o
 *fill*         0x08004952        0x2 
 .text.SysTick_Config
                0x08004954       0x44 ./Drivers/STM32F4xx_HAL_Driver/Src/stm32f4xx_hal_cortex.o
 .text.HAL_NVIC_SetPriorityGrouping
                0x08004998       0x16 ./Drivers/STM32F4xx_HAL_Driver/Src/stm32f4xx_hal_cortex.o
                0x08004998                HAL_NVIC_SetPriorityGrouping
 .text.HAL_NVIC_SetPriority
                0x080049ae       0x38 ./Drivers/STM32F4xx_HAL_Driver/Src/stm32f4xx_hal_cortex.o
                0x080049ae                HAL_NVIC_SetPriority
 .text.HAL_NVIC_EnableIRQ
                0x080049e6       0x1c ./Drivers/STM32F4xx_HAL_Driver/Src/stm32f4xx_hal_cortex.o
                0x080049e6                HAL_NVIC_EnableIRQ
 .text.HAL_SYSTICK_Config
                0x08004a02       0x18 ./Drivers/STM32F4xx_HAL_Driver/Src/stm32f4xx_hal_cortex.o
                0x08004a02                HAL_SYSTICK_Config
 *fill*         0x08004a1a        0x2 
 .text.HAL_DMA_Init
                0x08004a1c      0x15c ./Drivers/STM32F4xx_HAL_Driver/Src/stm32f4xx_hal_dma.o
                0x08004a1c                HAL_DMA_Init
 .text.HAL_DMA_Start_IT
                0x08004b78       0xb0 ./Drivers/STM32F4xx_HAL_Driver/Src/stm32f4xx_hal_dma.o
                0x08004b78                HAL_DMA_Start_IT
 .text.HAL_DMA_Abort
                0x08004c28       0xe0 ./Drivers/STM32F4xx_HAL_Driver/Src/stm32f4xx_hal_dma.o
                0x08004c28                HAL_DMA_Abort
 .text.HAL_DMA_Abort_IT
                0x08004d08       0x44 ./Drivers/STM32F4xx_HAL_Driver/Src/stm32f4xx_hal_dma.o
                0x08004d08                HAL_DMA_Abort_IT
 .text.HAL_DMA_IRQHandler
                0x08004d4c      0x314 ./Drivers/STM32F4xx_HAL_Driver/Src/stm32f4xx_hal_dma.o
                0x08004d4c                HAL_DMA_IRQHandler
 .text.DMA_SetConfig
                0x08005060       0x5c ./Drivers/STM32F4xx_HAL_Driver/Src/stm32f4xx_hal_dma.o
 .text.DMA_CalcBaseAndBitshift
                0x080050bc       0x6c ./Drivers/STM32F4xx_HAL_Driver/Src/stm32f4xx_hal_dma.o
 .text.DMA_CheckFifoParam
                0x08005128       0xf8 ./Drivers/STM32F4xx_HAL_Driver/Src/stm32f4xx_hal_dma.o
 .text.HAL_GPIO_Init
                0x08005220      0x338 ./Drivers/STM32F4xx_HAL_Driver/Src/stm32f4xx_hal_gpio.o
                0x08005220                HAL_GPIO_Init
 .text.HAL_GPIO_WritePin
                0x08005558       0x32 ./Drivers/STM32F4xx_HAL_Driver/Src/stm32f4xx_hal_gpio.o
                0x08005558                HAL_GPIO_WritePin
 *fill*         0x0800558a        0x2 
 .text.HAL_GPIO_EXTI_IRQHandler
                0x0800558c       0x30 ./Drivers/STM32F4xx_HAL_Driver/Src/stm32f4xx_hal_gpio.o
                0x0800558c                HAL_GPIO_EXTI_IRQHandler
 .text.HAL_I2C_Init
                0x080055bc      0x288 ./Drivers/STM32F4xx_HAL_Driver/Src/stm32f4xx_hal_i2c.o
                0x080055bc                HAL_I2C_Init
 .text.HAL_I2C_Mem_Write
                0x08005844      0x1f4 ./Drivers/STM32F4xx_HAL_Driver/Src/stm32f4xx_hal_i2c.o
                0x08005844                HAL_I2C_Mem_Write
 .text.HAL_I2C_Mem_Read
                0x08005a38      0x464 ./Drivers/STM32F4xx_HAL_Driver/Src/stm32f4xx_hal_i2c.o
                0x08005a38                HAL_I2C_Mem_Read
 .text.I2C_RequestMemoryWrite
                0x08005e9c      0x12c ./Drivers/STM32F4xx_HAL_Driver/Src/stm32f4xx_hal_i2c.o
 .text.I2C_RequestMemoryRead
                0x08005fc8      0x1d0 ./Drivers/STM32F4xx_HAL_Driver/Src/stm32f4xx_hal_i2c.o
 .text.I2C_WaitOnFlagUntilTimeout
                0x08006198       0xf4 ./Drivers/STM32F4xx_HAL_Driver/Src/stm32f4xx_hal_i2c.o
 .text.I2C_WaitOnMasterAddressFlagUntilTimeout
                0x0800628c      0x140 ./Drivers/STM32F4xx_HAL_Driver/Src/stm32f4xx_hal_i2c.o
 .text.I2C_WaitOnTXEFlagUntilTimeout
                0x080063cc       0x90 ./Drivers/STM32F4xx_HAL_Driver/Src/stm32f4xx_hal_i2c.o
 .text.I2C_WaitOnBTFFlagUntilTimeout
                0x0800645c       0x90 ./Drivers/STM32F4xx_HAL_Driver/Src/stm32f4xx_hal_i2c.o
 .text.I2C_WaitOnRXNEFlagUntilTimeout
                0x080064ec       0xba ./Drivers/STM32F4xx_HAL_Driver/Src/stm32f4xx_hal_i2c.o
 .text.I2C_IsAcknowledgeFailed
                0x080065a6       0x5e ./Drivers/STM32F4xx_HAL_Driver/Src/stm32f4xx_hal_i2c.o
 .text.HAL_RCC_OscConfig
                0x08006604      0x4f0 ./Drivers/STM32F4xx_HAL_Driver/Src/stm32f4xx_hal_rcc.o
                0x08006604                HAL_RCC_OscConfig
 .text.HAL_RCC_ClockConfig
                0x08006af4      0x1cc ./Drivers/STM32F4xx_HAL_Driver/Src/stm32f4xx_hal_rcc.o
                0x08006af4                HAL_RCC_ClockConfig
 .text.HAL_RCC_GetSysClockFreq
                0x08006cc0      0x20c ./Drivers/STM32F4xx_HAL_Driver/Src/stm32f4xx_hal_rcc.o
                0x08006cc0                HAL_RCC_GetSysClockFreq
 .text.HAL_RCC_GetHCLKFreq
                0x08006ecc       0x18 ./Drivers/STM32F4xx_HAL_Driver/Src/stm32f4xx_hal_rcc.o
                0x08006ecc                HAL_RCC_GetHCLKFreq
 .text.HAL_RCC_GetPCLK1Freq
                0x08006ee4       0x28 ./Drivers/STM32F4xx_HAL_Driver/Src/stm32f4xx_hal_rcc.o
                0x08006ee4                HAL_RCC_GetPCLK1Freq
 .text.HAL_RCC_GetPCLK2Freq
                0x08006f0c       0x28 ./Drivers/STM32F4xx_HAL_Driver/Src/stm32f4xx_hal_rcc.o
                0x08006f0c                HAL_RCC_GetPCLK2Freq
 .text.HAL_RCCEx_PeriphCLKConfig
                0x08006f34      0x1c4 ./Drivers/STM32F4xx_HAL_Driver/Src/stm32f4xx_hal_rcc_ex.o
                0x08006f34                HAL_RCCEx_PeriphCLKConfig
 .text.HAL_RTC_Init
                0x080070f8      0x102 ./Drivers/STM32F4xx_HAL_Driver/Src/stm32f4xx_hal_rtc.o
                0x080070f8                HAL_RTC_Init
 .text.HAL_RTC_SetTime
                0x080071fa      0x134 ./Drivers/STM32F4xx_HAL_Driver/Src/stm32f4xx_hal_rtc.o
                0x080071fa                HAL_RTC_SetTime
 .text.HAL_RTC_SetDate
                0x0800732e      0x108 ./Drivers/STM32F4xx_HAL_Driver/Src/stm32f4xx_hal_rtc.o
                0x0800732e                HAL_RTC_SetDate
 *fill*         0x08007436        0x2 
 .text.HAL_RTC_WaitForSynchro
                0x08007438       0x4c ./Drivers/STM32F4xx_HAL_Driver/Src/stm32f4xx_hal_rtc.o
                0x08007438                HAL_RTC_WaitForSynchro
 .text.RTC_EnterInitMode
                0x08007484       0x6e ./Drivers/STM32F4xx_HAL_Driver/Src/stm32f4xx_hal_rtc.o
                0x08007484                RTC_EnterInitMode
 .text.RTC_ExitInitMode
                0x080074f2       0x4a ./Drivers/STM32F4xx_HAL_Driver/Src/stm32f4xx_hal_rtc.o
                0x080074f2                RTC_ExitInitMode
 .text.RTC_ByteToBcd2
                0x0800753c       0x3c ./Drivers/STM32F4xx_HAL_Driver/Src/stm32f4xx_hal_rtc.o
                0x0800753c                RTC_ByteToBcd2
 .text.HAL_RTCEx_SetWakeUpTimer_IT
                0x08007578      0x184 ./Drivers/STM32F4xx_HAL_Driver/Src/stm32f4xx_hal_rtc_ex.o
                0x08007578                HAL_RTCEx_SetWakeUpTimer_IT
 .text.HAL_RTCEx_WakeUpTimerIRQHandler
                0x080076fc       0x48 ./Drivers/STM32F4xx_HAL_Driver/Src/stm32f4xx_hal_rtc_ex.o
                0x080076fc                HAL_RTCEx_WakeUpTimerIRQHandler
 .text.HAL_TIM_Base_Init
                0x08007744       0x9e ./Drivers/STM32F4xx_HAL_Driver/Src/stm32f4xx_hal_tim.o
                0x08007744                HAL_TIM_Base_Init
 .text.HAL_TIM_PWM_Init
                0x080077e2       0x9e ./Drivers/STM32F4xx_HAL_Driver/Src/stm32f4xx_hal_tim.o
                0x080077e2                HAL_TIM_PWM_Init
 .text.HAL_TIM_PWM_MspInit
                0x08007880       0x14 ./Drivers/STM32F4xx_HAL_Driver/Src/stm32f4xx_hal_tim.o
                0x08007880                HAL_TIM_PWM_MspInit
 .text.HAL_TIM_PWM_Start
                0x08007894      0x190 ./Drivers/STM32F4xx_HAL_Driver/Src/stm32f4xx_hal_tim.o
                0x08007894                HAL_TIM_PWM_Start
 .text.HAL_TIM_PWM_Start_DMA
                0x08007a24      0x390 ./Drivers/STM32F4xx_HAL_Driver/Src/stm32f4xx_hal_tim.o
                0x08007a24                HAL_TIM_PWM_Start_DMA
 .text.HAL_TIM_PWM_Stop_DMA
                0x08007db4      0x1a4 ./Drivers/STM32F4xx_HAL_Driver/Src/stm32f4xx_hal_tim.o
                0x08007db4                HAL_TIM_PWM_Stop_DMA
 .text.HAL_TIM_IRQHandler
                0x08007f58      0x1e0 ./Drivers/STM32F4xx_HAL_Driver/Src/stm32f4xx_hal_tim.o
                0x08007f58                HAL_TIM_IRQHandler
 .text.HAL_TIM_PWM_ConfigChannel
                0x08008138      0x184 ./Drivers/STM32F4xx_HAL_Driver/Src/stm32f4xx_hal_tim.o
                0x08008138                HAL_TIM_PWM_ConfigChannel
 .text.HAL_TIM_ConfigClockSource
                0x080082bc      0x18e ./Drivers/STM32F4xx_HAL_Driver/Src/stm32f4xx_hal_tim.o
                0x080082bc                HAL_TIM_ConfigClockSource
 .text.HAL_TIM_OC_DelayElapsedCallback
                0x0800844a       0x14 ./Drivers/STM32F4xx_HAL_Driver/Src/stm32f4xx_hal_tim.o
                0x0800844a                HAL_TIM_OC_DelayElapsedCallback
 .text.HAL_TIM_IC_CaptureCallback
                0x0800845e       0x14 ./Drivers/STM32F4xx_HAL_Driver/Src/stm32f4xx_hal_tim.o
                0x0800845e                HAL_TIM_IC_CaptureCallback
 .text.HAL_TIM_PWM_PulseFinishedHalfCpltCallback
                0x08008472       0x14 ./Drivers/STM32F4xx_HAL_Driver/Src/stm32f4xx_hal_tim.o
                0x08008472                HAL_TIM_PWM_PulseFinishedHalfCpltCallback
 .text.HAL_TIM_TriggerCallback
                0x08008486       0x14 ./Drivers/STM32F4xx_HAL_Driver/Src/stm32f4xx_hal_tim.o
                0x08008486                HAL_TIM_TriggerCallback
 .text.HAL_TIM_ErrorCallback
                0x0800849a       0x14 ./Drivers/STM32F4xx_HAL_Driver/Src/stm32f4xx_hal_tim.o
                0x0800849a                HAL_TIM_ErrorCallback
 .text.TIM_DMAError
                0x080084ae       0x92 ./Drivers/STM32F4xx_HAL_Driver/Src/stm32f4xx_hal_tim.o
                0x080084ae                TIM_DMAError
 .text.TIM_DMADelayPulseCplt
                0x08008540       0xa8 ./Drivers/STM32F4xx_HAL_Driver/Src/stm32f4xx_hal_tim.o
 .text.TIM_DMADelayPulseHalfCplt
                0x080085e8       0x68 ./Drivers/STM32F4xx_HAL_Driver/Src/stm32f4xx_hal_tim.o
                0x080085e8                TIM_DMADelayPulseHalfCplt
 .text.TIM_Base_SetConfig
                0x08008650      0x14c ./Drivers/STM32F4xx_HAL_Driver/Src/stm32f4xx_hal_tim.o
                0x08008650                TIM_Base_SetConfig
 .text.TIM_OC1_SetConfig
                0x0800879c       0xe0 ./Drivers/STM32F4xx_HAL_Driver/Src/stm32f4xx_hal_tim.o
 .text.TIM_OC2_SetConfig
                0x0800887c       0xec ./Drivers/STM32F4xx_HAL_Driver/Src/stm32f4xx_hal_tim.o
                0x0800887c                TIM_OC2_SetConfig
 .text.TIM_OC3_SetConfig
                0x08008968       0xe8 ./Drivers/STM32F4xx_HAL_Driver/Src/stm32f4xx_hal_tim.o
 .text.TIM_OC4_SetConfig
                0x08008a50       0xac ./Drivers/STM32F4xx_HAL_Driver/Src/stm32f4xx_hal_tim.o
 .text.TIM_TI1_ConfigInputStage
                0x08008afc       0x5e ./Drivers/STM32F4xx_HAL_Driver/Src/stm32f4xx_hal_tim.o
 .text.TIM_TI2_ConfigInputStage
                0x08008b5a       0x60 ./Drivers/STM32F4xx_HAL_Driver/Src/stm32f4xx_hal_tim.o
 .text.TIM_ITRx_SetConfig
                0x08008bba       0x36 ./Drivers/STM32F4xx_HAL_Driver/Src/stm32f4xx_hal_tim.o
 .text.TIM_ETR_SetConfig
                0x08008bf0       0x40 ./Drivers/STM32F4xx_HAL_Driver/Src/stm32f4xx_hal_tim.o
                0x08008bf0                TIM_ETR_SetConfig
 .text.TIM_CCxChannelCmd
                0x08008c30       0x4a ./Drivers/STM32F4xx_HAL_Driver/Src/stm32f4xx_hal_tim.o
                0x08008c30                TIM_CCxChannelCmd
 *fill*         0x08008c7a        0x2 
 .text.HAL_TIMEx_MasterConfigSynchronization
                0x08008c7c       0xf8 ./Drivers/STM32F4xx_HAL_Driver/Src/stm32f4xx_hal_tim_ex.o
                0x08008c7c                HAL_TIMEx_MasterConfigSynchronization
 .text.HAL_TIMEx_ConfigBreakDeadTime
                0x08008d74       0xa4 ./Drivers/STM32F4xx_HAL_Driver/Src/stm32f4xx_hal_tim_ex.o
                0x08008d74                HAL_TIMEx_ConfigBreakDeadTime
 .text.HAL_TIMEx_CommutCallback
                0x08008e18       0x14 ./Drivers/STM32F4xx_HAL_Driver/Src/stm32f4xx_hal_tim_ex.o
                0x08008e18                HAL_TIMEx_CommutCallback
 .text.HAL_TIMEx_BreakCallback
                0x08008e2c       0x14 ./Drivers/STM32F4xx_HAL_Driver/Src/stm32f4xx_hal_tim_ex.o
                0x08008e2c                HAL_TIMEx_BreakCallback
 .text.HAL_UART_Init
                0x08008e40       0xa0 ./Drivers/STM32F4xx_HAL_Driver/Src/stm32f4xx_hal_uart.o
                0x08008e40                HAL_UART_Init
 .text.HAL_UART_Receive_IT
                0x08008ee0       0x4a ./Drivers/STM32F4xx_HAL_Driver/Src/stm32f4xx_hal_uart.o
                0x08008ee0                HAL_UART_Receive_IT
 *fill*         0x08008f2a        0x2 
 .text.HAL_UART_IRQHandler
                0x08008f2c      0x554 ./Drivers/STM32F4xx_HAL_Driver/Src/stm32f4xx_hal_uart.o
                0x08008f2c                HAL_UART_IRQHandler
 .text.HAL_UART_TxCpltCallback
                0x08009480       0x14 ./Drivers/STM32F4xx_HAL_Driver/Src/stm32f4xx_hal_uart.o
                0x08009480                HAL_UART_TxCpltCallback
 .text.HAL_UART_ErrorCallback
                0x08009494       0x14 ./Drivers/STM32F4xx_HAL_Driver/Src/stm32f4xx_hal_uart.o
                0x08009494                HAL_UART_ErrorCallback
 .text.HAL_UARTEx_RxEventCallback
                0x080094a8       0x18 ./Drivers/STM32F4xx_HAL_Driver/Src/stm32f4xx_hal_uart.o
                0x080094a8                HAL_UARTEx_RxEventCallback
 .text.UART_Start_Receive_IT
                0x080094c0       0x74 ./Drivers/STM32F4xx_HAL_Driver/Src/stm32f4xx_hal_uart.o
                0x080094c0                UART_Start_Receive_IT
 .text.UART_EndRxTransfer
                0x08009534       0xc6 ./Drivers/STM32F4xx_HAL_Driver/Src/stm32f4xx_hal_uart.o
 .text.UART_DMAAbortOnError
                0x080095fa       0x22 ./Drivers/STM32F4xx_HAL_Driver/Src/stm32f4xx_hal_uart.o
 .text.UART_Transmit_IT
                0x0800961c       0xa0 ./Drivers/STM32F4xx_HAL_Driver/Src/stm32f4xx_hal_uart.o
 .text.UART_EndTransmit_IT
                0x080096bc       0x30 ./Drivers/STM32F4xx_HAL_Driver/Src/stm32f4xx_hal_uart.o
 .text.UART_Receive_IT
                0x080096ec      0x17c ./Drivers/STM32F4xx_HAL_Driver/Src/stm32f4xx_hal_uart.o
 .text.UART_SetConfig
                0x08009868      0x4e8 ./Drivers/STM32F4xx_HAL_Driver/Src/stm32f4xx_hal_uart.o
 .text.memset   0x08009d50       0x10 C:/ST/STM32CubeIDE_2.0.0/STM32CubeIDE/plugins/com.st.stm32cube.ide.mcu.externaltools.gnu-tools-for-stm32.14.3.rel1.win32_1.0.100.202602081740/tools/bin/../lib/gcc/arm-none-eabi/14.3.1/../../../../arm-none-eabi/lib/thumb/v7e-m+fp/hard\libc_nano.a(libc_a-memset.o)
                0x08009d50                memset
 .text.__errno  0x08009d60        0xc C:/ST/STM32CubeIDE_2.0.0/STM32CubeIDE/plugins/com.st.stm32cube.ide.mcu.externaltools.gnu-tools-for-stm32.14.3.rel1.win32_1.0.100.202602081740/tools/bin/../lib/gcc/arm-none-eabi/14.3.1/../../../../arm-none-eabi/lib/thumb/v7e-m+fp/hard\libc_nano.a(libc_a-errno.o)
                0x08009d60                __errno
 .text.__libc_init_array
                0x08009d6c       0x48 C:/ST/STM32CubeIDE_2.0.0/STM32CubeIDE/plugins/com.st.stm32cube.ide.mcu.externaltools.gnu-tools-for-stm32.14.3.rel1.win32_1.0.100.202602081740/tools/bin/../lib/gcc/arm-none-eabi/14.3.1/../../../../arm-none-eabi/lib/thumb/v7e-m+fp/hard\libc_nano.a(libc_a-init.o)
                0x08009d6c                __libc_init_array
 *fill*         0x08009db4        0x4 
 .text.cos      0x08009db8       0x88 C:/ST/STM32CubeIDE_2.0.0/STM32CubeIDE/plugins/com.st.stm32cube.ide.mcu.externaltools.gnu-tools-for-stm32.14.3.rel1.win32_1.0.100.202602081740/tools/bin/../lib/gcc/arm-none-eabi/14.3.1/../../../../arm-none-eabi/lib/thumb/v7e-m+fp/hard\libm.a(libm_a-s_cos.o)
                0x08009db8                cos
 .text.atan2f   0x08009e40        0x4 C:/ST/STM32CubeIDE_2.0.0/STM32CubeIDE/plugins/com.st.stm32cube.ide.mcu.externaltools.gnu-tools-for-stm32.14.3.rel1.win32_1.0.100.202602081740/tools/bin/../lib/gcc/arm-none-eabi/14.3.1/../../../../arm-none-eabi/lib/thumb/v7e-m+fp/hard\libm.a(libm_a-wf_atan2.o)
                0x08009e40                atan2f
 .text.sqrtf    0x08009e44       0x44 C:/ST/STM32CubeIDE_2.0.0/STM32CubeIDE/plugins/com.st.stm32cube.ide.mcu.externaltools.gnu-tools-for-stm32.14.3.rel1.win32_1.0.100.202602081740/tools/bin/../lib/gcc/arm-none-eabi/14.3.1/../../../../arm-none-eabi/lib/thumb/v7e-m+fp/hard\libm.a(libm_a-wf_sqrt.o)
                0x08009e44                sqrtf
 .text.fmax     0x08009e88       0x58 C:/ST/STM32CubeIDE_2.0.0/STM32CubeIDE/plugins/com.st.stm32cube.ide.mcu.externaltools.gnu-tools-for-stm32.14.3.rel1.win32_1.0.100.202602081740/tools/bin/../lib/gcc/arm-none-eabi/14.3.1/../../../../arm-none-eabi/lib/thumb/v7e-m+fp/hard\libm.a(libm_a-s_fmax.o)
                0x08009e88                fmax
 .text.fmin     0x08009ee0       0x58 C:/ST/STM32CubeIDE_2.0.0/STM32CubeIDE/plugins/com.st.stm32cube.ide.mcu.externaltools.gnu-tools-for-stm32.14.3.rel1.win32_1.0.100.202602081740/tools/bin/../lib/gcc/arm-none-eabi/14.3.1/../../../../arm-none-eabi/lib/thumb/v7e-m+fp/hard\libm.a(libm_a-s_fmin.o)
                0x08009ee0                fmin
 .text.__fpclassifyd
                0x08009f38       0x5c C:/ST/STM32CubeIDE_2.0.0/STM32CubeIDE/plugins/com.st.stm32cube.ide.mcu.externaltools.gnu-tools-for-stm32.14.3.rel1.win32_1.0.100.202602081740/tools/bin/../lib/gcc/arm-none-eabi/14.3.1/../../../../arm-none-eabi/lib/thumb/v7e-m+fp/hard\libm.a(libm_a-s_fpclassify.o)
                0x08009f38                __fpclassifyd
 .text.__ieee754_sqrtf
                0x08009f94        0x8 C:/ST/STM32CubeIDE_2.0.0/STM32CubeIDE/plugins/com.st.stm32cube.ide.mcu.externaltools.gnu-tools-for-stm32.14.3.rel1.win32_1.0.100.202602081740/tools/bin/../lib/gcc/arm-none-eabi/14.3.1/../../../../arm-none-eabi/lib/thumb/v7e-m+fp/hard\libm.a(libm_a-ef_sqrt.o)
                0x08009f94                __ieee754_sqrtf
 *fill*         0x08009f9c        0x4 
 .text.__kernel_cos
                0x08009fa0      0x26c C:/ST/STM32CubeIDE_2.0.0/STM32CubeIDE/plugins/com.st.stm32cube.ide.mcu.externaltools.gnu-tools-for-stm32.14.3.rel1.win32_1.0.100.202602081740/tools/bin/../lib/gcc/arm-none-eabi/14.3.1/../../../../arm-none-eabi/lib/thumb/v7e-m+fp/hard\libm.a(libm_a-k_cos.o)
                0x08009fa0                __kernel_cos
 *fill*         0x0800a20c        0x4 
 .text.__kernel_sin
                0x0800a210      0x184 C:/ST/STM32CubeIDE_2.0.0/STM32CubeIDE/plugins/com.st.stm32cube.ide.mcu.externaltools.gnu-tools-for-stm32.14.3.rel1.win32_1.0.100.202602081740/tools/bin/../lib/gcc/arm-none-eabi/14.3.1/../../../../arm-none-eabi/lib/thumb/v7e-m+fp/hard\libm.a(libm_a-k_sin.o)
                0x0800a210                __kernel_sin
 *fill*         0x0800a394        0x4 
 .text.__ieee754_rem_pio2
                0x0800a398      0x424 C:/ST/STM32CubeIDE_2.0.0/STM32CubeIDE/plugins/com.st.stm32cube.ide.mcu.externaltools.gnu-tools-for-stm32.14.3.rel1.win32_1.0.100.202602081740/tools/bin/../lib/gcc/arm-none-eabi/14.3.1/../../../../arm-none-eabi/lib/thumb/v7e-m+fp/hard\libm.a(libm_a-e_rem_pio2.o)
                0x0800a398                __ieee754_rem_pio2
 .text.fabs     0x0800a7bc       0x10 C:/ST/STM32CubeIDE_2.0.0/STM32CubeIDE/plugins/com.st.stm32cube.ide.mcu.externaltools.gnu-tools-for-stm32.14.3.rel1.win32_1.0.100.202602081740/tools/bin/../lib/gcc/arm-none-eabi/14.3.1/../../../../arm-none-eabi/lib/thumb/v7e-m+fp/hard\libm.a(libm_a-s_fabs.o)
                0x0800a7bc                fabs
 .text.__ieee754_atan2f
                0x0800a7cc      0x14c C:/ST/STM32CubeIDE_2.0.0/STM32CubeIDE/plugins/com.st.stm32cube.ide.mcu.externaltools.gnu-tools-for-stm32.14.3.rel1.win32_1.0.100.202602081740/tools/bin/../lib/gcc/arm-none-eabi/14.3.1/../../../../arm-none-eabi/lib/thumb/v7e-m+fp/hard\libm.a(libm_a-ef_atan2.o)
                0x0800a7cc                __ieee754_atan2f
 .text.atanf    0x0800a918      0x1a4 C:/ST/STM32CubeIDE_2.0.0/STM32CubeIDE/plugins/com.st.stm32cube.ide.mcu.externaltools.gnu-tools-for-stm32.14.3.rel1.win32_1.0.100.202602081740/tools/bin/../lib/gcc/arm-none-eabi/14.3.1/../../../../arm-none-eabi/lib/thumb/v7e-m+fp/hard\libm.a(libm_a-sf_atan.o)
                0x0800a918                atanf
 .text.fabsf    0x0800aabc       0x10 C:/ST/STM32CubeIDE_2.0.0/STM32CubeIDE/plugins/com.st.stm32cube.ide.mcu.externaltools.gnu-tools-for-stm32.14.3.rel1.win32_1.0.100.202602081740/tools/bin/../lib/gcc/arm-none-eabi/14.3.1/../../../../arm-none-eabi/lib/thumb/v7e-m+fp/hard\libm.a(libm_a-sf_fabs.o)
                0x0800aabc                fabsf
 *fill*         0x0800aacc        0x4 
 .text.__kernel_rem_pio2
                0x0800aad0      0x888 C:/ST/STM32CubeIDE_2.0.0/STM32CubeIDE/plugins/com.st.stm32cube.ide.mcu.externaltools.gnu-tools-for-stm32.14.3.rel1.win32_1.0.100.202602081740/tools/bin/../lib/gcc/arm-none-eabi/14.3.1/../../../../arm-none-eabi/lib/thumb/v7e-m+fp/hard\libm.a(libm_a-k_rem_pio2.o)
                0x0800aad0                __kernel_rem_pio2
 .text.scalbn   0x0800b358      0x114 C:/ST/STM32CubeIDE_2.0.0/STM32CubeIDE/plugins/com.st.stm32cube.ide.mcu.externaltools.gnu-tools-for-stm32.14.3.rel1.win32_1.0.100.202602081740/tools/bin/../lib/gcc/arm-none-eabi/14.3.1/../../../../arm-none-eabi/lib/thumb/v7e-m+fp/hard\libm.a(libm_a-s_scalbn.o)
                0x0800b358                scalbn
 *fill*         0x0800b46c        0x4 
 .text.floor    0x0800b470      0x108 C:/ST/STM32CubeIDE_2.0.0/STM32CubeIDE/plugins/com.st.stm32cube.ide.mcu.externaltools.gnu-tools-for-stm32.14.3.rel1.win32_1.0.100.202602081740/tools/bin/../lib/gcc/arm-none-eabi/14.3.1/../../../../arm-none-eabi/lib/thumb/v7e-m+fp/hard\libm.a(libm_a-s_floor.o)
                0x0800b470                floor
 *(.glue_7)
 .glue_7        0x0800b578        0x0 linker stubs
 *(.glue_7t)
 .glue_7t       0x0800b578        0x0 linker stubs
 *(.eh_frame)
 .eh_frame      0x0800b578        0x0 C:/ST/STM32CubeIDE_2.0.0/STM32CubeIDE/plugins/com.st.stm32cube.ide.mcu.externaltools.gnu-tools-for-stm32.14.3.rel1.win32_1.0.100.202602081740/tools/bin/../lib/gcc/arm-none-eabi/14.3.1/thumb/v7e-m+fp/hard/crtbegin.o
 *(.init)
 .init          0x0800b578        0x4 C:/ST/STM32CubeIDE_2.0.0/STM32CubeIDE/plugins/com.st.stm32cube.ide.mcu.externaltools.gnu-tools-for-stm32.14.3.rel1.win32_1.0.100.202602081740/tools/bin/../lib/gcc/arm-none-eabi/14.3.1/thumb/v7e-m+fp/hard/crti.o
                0x0800b578                _init
 .init          0x0800b57c        0x8 C:/ST/STM32CubeIDE_2.0.0/STM32CubeIDE/plugins/com.st.stm32cube.ide.mcu.externaltools.gnu-tools-for-stm32.14.3.rel1.win32_1.0.100.202602081740/tools/bin/../lib/gcc/arm-none-eabi/14.3.1/thumb/v7e-m+fp/hard/crtn.o
 *(.fini)
 .fini          0x0800b584        0x4 C:/ST/STM32CubeIDE_2.0.0/STM32CubeIDE/plugins/com.st.stm32cube.ide.mcu.externaltools.gnu-tools-for-stm32.14.3.rel1.win32_1.0.100.202602081740/tools/bin/../lib/gcc/arm-none-eabi/14.3.1/thumb/v7e-m+fp/hard/crti.o
                0x0800b584                _fini
 .fini          0x0800b588        0x8 C:/ST/STM32CubeIDE_2.0.0/STM32CubeIDE/plugins/com.st.stm32cube.ide.mcu.externaltools.gnu-tools-for-stm32.14.3.rel1.win32_1.0.100.202602081740/tools/bin/../lib/gcc/arm-none-eabi/14.3.1/thumb/v7e-m+fp/hard/crtn.o
                0x0800b590                        . = ALIGN (0x4)
                0x0800b590                        _etext = .

.vfp11_veneer   0x0800b590        0x0
 .vfp11_veneer  0x0800b590        0x0 linker stubs

.v4_bx          0x0800b590        0x0
 .v4_bx         0x0800b590        0x0 linker stubs

.iplt           0x0800b590        0x0
 .iplt          0x0800b590        0x0 C:/ST/STM32CubeIDE_2.0.0/STM32CubeIDE/plugins/com.st.stm32cube.ide.mcu.externaltools.gnu-tools-for-stm32.14.3.rel1.win32_1.0.100.202602081740/tools/bin/../lib/gcc/arm-none-eabi/14.3.1/thumb/v7e-m+fp/hard/crtbegin.o

.rodata         0x0800b590      0x330
                0x0800b590                        . = ALIGN (0x4)
 *(.rodata)
 *(.rodata*)
 .rodata.crsf_crc8_table
                0x0800b590      0x100 ./Core/Src/main.o
                0x0800b590                crsf_crc8_table
 .rodata.AHBPrescTable
                0x0800b690       0x10 ./Core/Src/system_stm32f4xx.o
                0x0800b690                AHBPrescTable
 .rodata.APBPrescTable
                0x0800b6a0        0x8 ./Core/Src/system_stm32f4xx.o
                0x0800b6a0                APBPrescTable
 .rodata.flagBitshiftOffset.0
                0x0800b6a8        0x8 ./Drivers/STM32F4xx_HAL_Driver/Src/stm32f4xx_hal_dma.o
 .rodata.npio2_hw
                0x0800b6b0       0x80 C:/ST/STM32CubeIDE_2.0.0/STM32CubeIDE/plugins/com.st.stm32cube.ide.mcu.externaltools.gnu-tools-for-stm32.14.3.rel1.win32_1.0.100.202602081740/tools/bin/../lib/gcc/arm-none-eabi/14.3.1/../../../../arm-none-eabi/lib/thumb/v7e-m+fp/hard\libm.a(libm_a-e_rem_pio2.o)
 .rodata.two_over_pi
                0x0800b730      0x108 C:/ST/STM32CubeIDE_2.0.0/STM32CubeIDE/plugins/com.st.stm32cube.ide.mcu.externaltools.gnu-tools-for-stm32.14.3.rel1.win32_1.0.100.202602081740/tools/bin/../lib/gcc/arm-none-eabi/14.3.1/../../../../arm-none-eabi/lib/thumb/v7e-m+fp/hard\libm.a(libm_a-e_rem_pio2.o)
 .rodata.CSWTCH.9
                0x0800b838        0xc C:/ST/STM32CubeIDE_2.0.0/STM32CubeIDE/plugins/com.st.stm32cube.ide.mcu.externaltools.gnu-tools-for-stm32.14.3.rel1.win32_1.0.100.202602081740/tools/bin/../lib/gcc/arm-none-eabi/14.3.1/../../../../arm-none-eabi/lib/thumb/v7e-m+fp/hard\libm.a(libm_a-ef_atan2.o)
 .rodata.CSWTCH.8
                0x0800b844        0xc C:/ST/STM32CubeIDE_2.0.0/STM32CubeIDE/plugins/com.st.stm32cube.ide.mcu.externaltools.gnu-tools-for-stm32.14.3.rel1.win32_1.0.100.202602081740/tools/bin/../lib/gcc/arm-none-eabi/14.3.1/../../../../arm-none-eabi/lib/thumb/v7e-m+fp/hard\libm.a(libm_a-ef_atan2.o)
 .rodata.atanlo
                0x0800b850       0x10 C:/ST/STM32CubeIDE_2.0.0/STM32CubeIDE/plugins/com.st.stm32cube.ide.mcu.externaltools.gnu-tools-for-stm32.14.3.rel1.win32_1.0.100.202602081740/tools/bin/../lib/gcc/arm-none-eabi/14.3.1/../../../../arm-none-eabi/lib/thumb/v7e-m+fp/hard\libm.a(libm_a-sf_atan.o)
 .rodata.atanhi
                0x0800b860       0x10 C:/ST/STM32CubeIDE_2.0.0/STM32CubeIDE/plugins/com.st.stm32cube.ide.mcu.externaltools.gnu-tools-for-stm32.14.3.rel1.win32_1.0.100.202602081740/tools/bin/../lib/gcc/arm-none-eabi/14.3.1/../../../../arm-none-eabi/lib/thumb/v7e-m+fp/hard\libm.a(libm_a-sf_atan.o)
 .rodata.PIo2   0x0800b870       0x40 C:/ST/STM32CubeIDE_2.0.0/STM32CubeIDE/plugins/com.st.stm32cube.ide.mcu.externaltools.gnu-tools-for-stm32.14.3.rel1.win32_1.0.100.202602081740/tools/bin/../lib/gcc/arm-none-eabi/14.3.1/../../../../arm-none-eabi/lib/thumb/v7e-m+fp/hard\libm.a(libm_a-k_rem_pio2.o)
 .rodata.init_jk
                0x0800b8b0       0x10 C:/ST/STM32CubeIDE_2.0.0/STM32CubeIDE/plugins/com.st.stm32cube.ide.mcu.externaltools.gnu-tools-for-stm32.14.3.rel1.win32_1.0.100.202602081740/tools/bin/../lib/gcc/arm-none-eabi/14.3.1/../../../../arm-none-eabi/lib/thumb/v7e-m+fp/hard\libm.a(libm_a-k_rem_pio2.o)
                0x0800b8c0                        . = ALIGN (0x4)

.ARM.extab      0x0800b8c0        0x0
                0x0800b8c0                        . = ALIGN (0x4)
 *(.ARM.extab* .gnu.linkonce.armextab.*)
                0x0800b8c0                        . = ALIGN (0x4)

.ARM            0x0800b8c0        0x8
                0x0800b8c0                        . = ALIGN (0x4)
                0x0800b8c0                        __exidx_start = .
 *(.ARM.exidx*)
 .ARM.exidx     0x0800b8c0        0x8 C:/ST/STM32CubeIDE_2.0.0/STM32CubeIDE/plugins/com.st.stm32cube.ide.mcu.externaltools.gnu-tools-for-stm32.14.3.rel1.win32_1.0.100.202602081740/tools/bin/../lib/gcc/arm-none-eabi/14.3.1/thumb/v7e-m+fp/hard\libgcc.a(_udivmoddi4.o)
                0x0800b8c8                        __exidx_end = .
                0x0800b8c8                        . = ALIGN (0x4)

.preinit_array  0x0800b8c8        0x0
                0x0800b8c8                        . = ALIGN (0x4)
                0x0800b8c8                        PROVIDE (__preinit_array_start = .)
 *(.preinit_array*)
                0x0800b8c8                        PROVIDE (__preinit_array_end = .)
                0x0800b8c8                        . = ALIGN (0x4)

.init_array     0x0800b8c8        0x4
                0x0800b8c8                        . = ALIGN (0x4)
                0x0800b8c8                        PROVIDE (__init_array_start = .)
 *(SORT_BY_NAME(.init_array.*))
 *(.init_array*)
 .init_array    0x0800b8c8        0x4 C:/ST/STM32CubeIDE_2.0.0/STM32CubeIDE/plugins/com.st.stm32cube.ide.mcu.externaltools.gnu-tools-for-stm32.14.3.rel1.win32_1.0.100.202602081740/tools/bin/../lib/gcc/arm-none-eabi/14.3.1/thumb/v7e-m+fp/hard/crtbegin.o
                0x0800b8cc                        PROVIDE (__init_array_end = .)
                0x0800b8cc                        . = ALIGN (0x4)

.fini_array     0x0800b8cc        0x4
                0x0800b8cc                        . = ALIGN (0x4)
                [!provide]                        PROVIDE (__fini_array_start = .)
 *(SORT_BY_NAME(.fini_array.*))
 *(.fini_array*)
 .fini_array    0x0800b8cc        0x4 C:/ST/STM32CubeIDE_2.0.0/STM32CubeIDE/plugins/com.st.stm32cube.ide.mcu.externaltools.gnu-tools-for-stm32.14.3.rel1.win32_1.0.100.202602081740/tools/bin/../lib/gcc/arm-none-eabi/14.3.1/thumb/v7e-m+fp/hard/crtbegin.o
                [!provide]                        PROVIDE (__fini_array_end = .)
                0x0800b8d0                        . = ALIGN (0x4)
                0x0800b8d0                        _sidata = LOADADDR (.data)

.rel.dyn        0x0800b8d0        0x0
 .rel.iplt      0x0800b8d0        0x0 C:/ST/STM32CubeIDE_2.0.0/STM32CubeIDE/plugins/com.st.stm32cube.ide.mcu.externaltools.gnu-tools-for-stm32.14.3.rel1.win32_1.0.100.202602081740/tools/bin/../lib/gcc/arm-none-eabi/14.3.1/thumb/v7e-m+fp/hard/crtbegin.o

.data           0x20000000       0x7c load address 0x0800b8d0
                0x20000000                        . = ALIGN (0x4)
                0x20000000                        _sdata = .
 *(.data)
 *(.data*)
 .data.maxVoltage
                0x20000000        0x4 ./Core/Src/main.o
                0x20000000                maxVoltage
 .data.minVoltage
                0x20000004        0x4 ./Core/Src/main.o
                0x20000004                minVoltage
 .data.maxADC   0x20000008        0x2 ./Core/Src/main.o
                0x20000008                maxADC
 .data.cameraAngle_X
                0x2000000a        0x1 ./Core/Src/main.o
                0x2000000a                cameraAngle_X
 .data.cameraAngle_Y
                0x2000000b        0x1 ./Core/Src/main.o
                0x2000000b                cameraAngle_Y
 .data.timer_channels
                0x2000000c       0x10 ./Core/Src/main.o
                0x2000000c                timer_channels
 .data.UV_MODE  0x2000001c        0x1 ./Core/Src/main.o
                0x2000001c                UV_MODE
 *fill*         0x2000001d        0x3 
 .data.SystemCoreClock
                0x20000020        0x4 ./Core/Src/system_stm32f4xx.o
                0x20000020                SystemCoreClock
 .data.uwTickPrio
                0x20000024        0x4 ./Drivers/STM32F4xx_HAL_Driver/Src/stm32f4xx_hal.o
                0x20000024                uwTickPrio
 .data.uwTickFreq
                0x20000028        0x1 ./Drivers/STM32F4xx_HAL_Driver/Src/stm32f4xx_hal.o
                0x20000028                uwTickFreq
 *fill*         0x20000029        0x3 
 .data._impure_ptr
                0x2000002c        0x4 C:/ST/STM32CubeIDE_2.0.0/STM32CubeIDE/plugins/com.st.stm32cube.ide.mcu.externaltools.gnu-tools-for-stm32.14.3.rel1.win32_1.0.100.202602081740/tools/bin/../lib/gcc/arm-none-eabi/14.3.1/../../../../arm-none-eabi/lib/thumb/v7e-m+fp/hard\libc_nano.a(libc_a-impure.o)
                0x2000002c                _impure_ptr
 .data._impure_data
                0x20000030       0x4c C:/ST/STM32CubeIDE_2.0.0/STM32CubeIDE/plugins/com.st.stm32cube.ide.mcu.externaltools.gnu-tools-for-stm32.14.3.rel1.win32_1.0.100.202602081740/tools/bin/../lib/gcc/arm-none-eabi/14.3.1/../../../../arm-none-eabi/lib/thumb/v7e-m+fp/hard\libc_nano.a(libc_a-impure.o)
                0x20000030                _impure_data
 *(.RamFunc)
 *(.RamFunc*)
                0x2000007c                        . = ALIGN (0x4)
                0x2000007c                        _edata = .
                0x0800b94c                        _siccmram = LOADADDR (.ccmram)

.igot.plt       0x2000007c        0x0 load address 0x0800b94c
 .igot.plt      0x2000007c        0x0 C:/ST/STM32CubeIDE_2.0.0/STM32CubeIDE/plugins/com.st.stm32cube.ide.mcu.externaltools.gnu-tools-for-stm32.14.3.rel1.win32_1.0.100.202602081740/tools/bin/../lib/gcc/arm-none-eabi/14.3.1/thumb/v7e-m+fp/hard/crtbegin.o

.ccmram         0x10000000        0x0 load address 0x0800b94c
                0x10000000                        . = ALIGN (0x4)
                0x10000000                        _sccmram = .
 *(.ccmram)
 *(.ccmram*)
                0x10000000                        . = ALIGN (0x4)
                0x10000000                        _eccmram = .
                0x10000000                        . = ALIGN (0x4)

.bss            0x2000007c     0x276c
                0x2000007c                        _sbss = .
                0x2000007c                        __bss_start__ = _sbss
 *(.bss)
 .bss           0x2000007c       0x1c C:/ST/STM32CubeIDE_2.0.0/STM32CubeIDE/plugins/com.st.stm32cube.ide.mcu.externaltools.gnu-tools-for-stm32.14.3.rel1.win32_1.0.100.202602081740/tools/bin/../lib/gcc/arm-none-eabi/14.3.1/thumb/v7e-m+fp/hard/crtbegin.o
 *(.bss*)
 .bss.hadc1     0x20000098       0x48 ./Core/Src/main.o
                0x20000098                hadc1
 .bss.hdma_adc1
                0x200000e0       0x60 ./Core/Src/main.o
                0x200000e0                hdma_adc1
 .bss.hi2c1     0x20000140       0x54 ./Core/Src/main.o
                0x20000140                hi2c1
 .bss.hrtc      0x20000194       0x20 ./Core/Src/main.o
                0x20000194                hrtc
 .bss.htim1     0x200001b4       0x48 ./Core/Src/main.o
                0x200001b4                htim1
 .bss.htim3     0x200001fc       0x48 ./Core/Src/main.o
                0x200001fc                htim3
 .bss.htim4     0x20000244       0x48 ./Core/Src/main.o
                0x20000244                htim4
 .bss.hdma_tim3_ch1_trig
                0x2000028c       0x60 ./Core/Src/main.o
                0x2000028c                hdma_tim3_ch1_trig
 .bss.hdma_tim3_ch2
                0x200002ec       0x60 ./Core/Src/main.o
                0x200002ec                hdma_tim3_ch2
 .bss.hdma_tim3_ch3
                0x2000034c       0x60 ./Core/Src/main.o
                0x2000034c                hdma_tim3_ch3
 .bss.hdma_tim3_ch4_up
                0x200003ac       0x60 ./Core/Src/main.o
                0x200003ac                hdma_tim3_ch4_up
 .bss.huart4    0x2000040c       0x48 ./Core/Src/main.o
                0x2000040c                huart4
 .bss.ADC_reading
                0x20000454        0x2 ./Core/Src/main.o
                0x20000454                ADC_reading
 *fill*         0x20000456        0x2 
 .bss.ADCsum    0x20000458        0x4 ./Core/Src/main.o
                0x20000458                ADCsum
 .bss.minADC    0x2000045c        0x2 ./Core/Src/main.o
                0x2000045c                minADC
 *fill*         0x2000045e        0x2 
 .bss.ADC_buffer
                0x20000460     0x2000 ./Core/Src/main.o
                0x20000460                ADC_buffer
 .bss.MPU_Data  0x20002460       0x18 ./Core/Src/main.o
                0x20002460                MPU_Data
 .bss.status    0x20002478        0x1 ./Core/Src/main.o
                0x20002478                status
 .bss.MPUstatus
                0x20002479        0x1 ./Core/Src/main.o
                0x20002479                MPUstatus
 .bss.int_status
                0x2000247a        0x1 ./Core/Src/main.o
                0x2000247a                int_status
 *fill*         0x2000247b        0x1 
 .bss.accel_x   0x2000247c        0x2 ./Core/Src/main.o
                0x2000247c                accel_x
 .bss.accel_y   0x2000247e        0x2 ./Core/Src/main.o
                0x2000247e                accel_y
 .bss.accel_z   0x20002480        0x2 ./Core/Src/main.o
                0x20002480                accel_z
 .bss.gyro_x    0x20002482        0x2 ./Core/Src/main.o
                0x20002482                gyro_x
 .bss.gyro_y    0x20002484        0x2 ./Core/Src/main.o
                0x20002484                gyro_y
 .bss.gyro_z    0x20002486        0x2 ./Core/Src/main.o
                0x20002486                gyro_z
 .bss.cameraMove
                0x20002488        0x1 ./Core/Src/main.o
                0x20002488                cameraMove
 *fill*         0x20002489        0x3 
 .bss.UGV_Controls
                0x2000248c        0x6 ./Core/Src/main.o
                0x2000248c                UGV_Controls
 .bss.UGV_rightVelocity
                0x20002492        0x2 ./Core/Src/main.o
                0x20002492                UGV_rightVelocity
 .bss.UGV_leftVelocity
                0x20002494        0x2 ./Core/Src/main.o
                0x20002494                UGV_leftVelocity
 *fill*         0x20002496        0x2 
 .bss.rawThrust
                0x20002498        0x4 ./Core/Src/main.o
                0x20002498                rawThrust
 .bss.rawRoll   0x2000249c        0x4 ./Core/Src/main.o
                0x2000249c                rawRoll
 .bss.rawPitch  0x200024a0        0x4 ./Core/Src/main.o
                0x200024a0                rawPitch
 .bss.rawYaw    0x200024a4        0x4 ./Core/Src/main.o
                0x200024a4                rawYaw
 .bss.Thrust    0x200024a8        0x4 ./Core/Src/main.o
                0x200024a8                Thrust
 .bss.Roll      0x200024ac        0x4 ./Core/Src/main.o
                0x200024ac                Roll
 .bss.Pitch     0x200024b0        0x4 ./Core/Src/main.o
                0x200024b0                Pitch
 .bss.Yaw       0x200024b4        0x4 ./Core/Src/main.o
                0x200024b4                Yaw
 .bss.Filtered_Roll_Angle
                0x200024b8        0x4 ./Core/Src/main.o
                0x200024b8                Filtered_Roll_Angle
 .bss.Filtered_Pitch_Angle
                0x200024bc        0x4 ./Core/Src/main.o
                0x200024bc                Filtered_Pitch_Angle
 .bss.Last_Filtered_Roll_Angle
                0x200024c0        0x4 ./Core/Src/main.o
                0x200024c0                Last_Filtered_Roll_Angle
 .bss.Last_Filtered_Pitch_Angle
                0x200024c4        0x4 ./Core/Src/main.o
                0x200024c4                Last_Filtered_Pitch_Angle
 .bss.RollError
                0x200024c8        0x4 ./Core/Src/main.o
                0x200024c8                RollError
 .bss.PitchError
                0x200024cc        0x4 ./Core/Src/main.o
                0x200024cc                PitchError
 .bss.YawError  0x200024d0        0x4 ./Core/Src/main.o
                0x200024d0                YawError
 .bss.last_gX   0x200024d4        0x4 ./Core/Src/main.o
                0x200024d4                last_gX
 .bss.last_gY   0x200024d8        0x4 ./Core/Src/main.o
                0x200024d8                last_gY
 .bss.last_gZ   0x200024dc        0x4 ./Core/Src/main.o
                0x200024dc                last_gZ
 .bss.Last_Roll_I
                0x200024e0        0x4 ./Core/Src/main.o
                0x200024e0                Last_Roll_I
 .bss.Last_Pitch_I
                0x200024e4        0x4 ./Core/Src/main.o
                0x200024e4                Last_Pitch_I
 .bss.Last_Yaw_I
                0x200024e8        0x4 ./Core/Src/main.o
                0x200024e8                Last_Yaw_I
 .bss.Total_Roll
                0x200024ec        0x4 ./Core/Src/main.o
                0x200024ec                Total_Roll
 .bss.Total_Pitch
                0x200024f0        0x4 ./Core/Src/main.o
                0x200024f0                Total_Pitch
 .bss.Total_Yaw
                0x200024f4        0x4 ./Core/Src/main.o
                0x200024f4                Total_Yaw
 .bss.Total_Thrust
                0x200024f8        0x4 ./Core/Src/main.o
                0x200024f8                Total_Thrust
 .bss.UAVloop   0x200024fc        0x1 ./Core/Src/main.o
                0x200024fc                UAVloop
 .bss.calibrationMode
                0x200024fd        0x1 ./Core/Src/main.o
                0x200024fd                calibrationMode
 *fill*         0x200024fe        0x2 
 .bss.Calibrated_Hover
                0x20002500        0x4 ./Core/Src/main.o
                0x20002500                Calibrated_Hover
 .bss.massRatio
                0x20002504        0x4 ./Core/Src/main.o
                0x20002504                massRatio
 .bss.Motor1    0x20002508        0x4 ./Core/Src/main.o
                0x20002508                Motor1
 .bss.Motor2    0x2000250c        0x4 ./Core/Src/main.o
                0x2000250c                Motor2
 .bss.Motor3    0x20002510        0x4 ./Core/Src/main.o
                0x20002510                Motor3
 .bss.Motor4    0x20002514        0x4 ./Core/Src/main.o
                0x20002514                Motor4
 .bss.M1raw     0x20002518        0x4 ./Core/Src/main.o
                0x20002518                M1raw
 .bss.M2raw     0x2000251c        0x4 ./Core/Src/main.o
                0x2000251c                M2raw
 .bss.M3raw     0x20002520        0x4 ./Core/Src/main.o
                0x20002520                M3raw
 .bss.M4raw     0x20002524        0x4 ./Core/Src/main.o
                0x20002524                M4raw
 .bss.dshot_value
                0x20002528        0x2 ./Core/Src/main.o
                0x20002528                dshot_value
 .bss.DSHOT_packet
                0x2000252a        0x2 ./Core/Src/main.o
                0x2000252a                DSHOT_packet
 .bss.dma_buffer
                0x2000252c      0x120 ./Core/Src/main.o
                0x2000252c                dma_buffer
 .bss.ELRS_Data
                0x2000264c        0x2 ./Core/Src/main.o
                0x2000264c                ELRS_Data
 *fill*         0x2000264e        0x2 
 .bss.ELRS_buffer
                0x20002650       0x1a ./Core/Src/main.o
                0x20002650                ELRS_buffer
 *fill*         0x2000266a        0x2 
 .bss.ELRS_packet
                0x2000266c       0x1a ./Core/Src/main.o
                0x2000266c                ELRS_packet
 .bss.rx_byte   0x20002686        0x1 ./Core/Src/main.o
                0x20002686                rx_byte
 .bss.rx_index  0x20002687        0x1 ./Core/Src/main.o
                0x20002687                rx_index
 .bss.channels  0x20002688       0x20 ./Core/Src/main.o
                0x20002688                channels
 .bss.error     0x200026a8        0x4 ./Core/Src/main.o
                0x200026a8                error
 .bss.uwTick    0x200026ac        0x4 ./Drivers/STM32F4xx_HAL_Driver/Src/stm32f4xx_hal.o
                0x200026ac                uwTick
 .bss.__sf      0x200026b0      0x138 C:/ST/STM32CubeIDE_2.0.0/STM32CubeIDE/plugins/com.st.stm32cube.ide.mcu.externaltools.gnu-tools-for-stm32.14.3.rel1.win32_1.0.100.202602081740/tools/bin/../lib/gcc/arm-none-eabi/14.3.1/../../../../arm-none-eabi/lib/thumb/v7e-m+fp/hard\libc_nano.a(libc_a-findfp.o)
                0x200026b0                __sf
 *(COMMON)
                0x200027e8                        . = ALIGN (0x4)
                0x200027e8                        _ebss = .
                0x200027e8                        __bss_end__ = _ebss

._user_heap_stack
                0x200027e8      0x600
                0x200027e8                        . = ALIGN (0x8)
                [!provide]                        PROVIDE (end = .)
                0x200027e8                        PROVIDE (_end = .)
                0x200029e8                        . = (. + _Min_Heap_Size)
 *fill*         0x200027e8      0x200 
                0x20002de8                        . = (. + _Min_Stack_Size)
 *fill*         0x200029e8      0x400 
                0x20002de8                        . = ALIGN (0x8)

/DISCARD/
 libc.a(*)
 libm.a(*)
 libgcc.a(*)

.ARM.attributes
                0x00000000       0x30
 *(.ARM.attributes)
 .ARM.attributes
                0x00000000       0x22 C:/ST/STM32CubeIDE_2.0.0/STM32CubeIDE/plugins/com.st.stm32cube.ide.mcu.externaltools.gnu-tools-for-stm32.14.3.rel1.win32_1.0.100.202602081740/tools/bin/../lib/gcc/arm-none-eabi/14.3.1/thumb/v7e-m+fp/hard/crti.o
 .ARM.attributes
                0x00000022       0x34 C:/ST/STM32CubeIDE_2.0.0/STM32CubeIDE/plugins/com.st.stm32cube.ide.mcu.externaltools.gnu-tools-for-stm32.14.3.rel1.win32_1.0.100.202602081740/tools/bin/../lib/gcc/arm-none-eabi/14.3.1/thumb/v7e-m+fp/hard/crtbegin.o
 .ARM.attributes
                0x00000056       0x34 ./Core/Src/main.o
 .ARM.attributes
                0x0000008a       0x34 ./Core/Src/stm32f4xx_hal_msp.o
 .ARM.attributes
                0x000000be       0x34 ./Core/Src/stm32f4xx_it.o
 .ARM.attributes
                0x000000f2       0x34 ./Core/Src/system_stm32f4xx.o
 .ARM.attributes
                0x00000126       0x21 ./Core/Startup/startup_stm32f407vetx.o
 .ARM.attributes
                0x00000147       0x34 ./Drivers/MPU6500/mpu6500.o
 .ARM.attributes
                0x0000017b       0x34 ./Drivers/STM32F4xx_HAL_Driver/Src/stm32f4xx_hal.o
 .ARM.attributes
                0x000001af       0x34 ./Drivers/STM32F4xx_HAL_Driver/Src/stm32f4xx_hal_adc.o
 .ARM.attributes
                0x000001e3       0x34 ./Drivers/STM32F4xx_HAL_Driver/Src/stm32f4xx_hal_cortex.o
 .ARM.attributes
                0x00000217       0x34 ./Drivers/STM32F4xx_HAL_Driver/Src/stm32f4xx_hal_dma.o
 .ARM.attributes
                0x0000024b       0x34 ./Drivers/STM32F4xx_HAL_Driver/Src/stm32f4xx_hal_gpio.o
 .ARM.attributes
                0x0000027f       0x34 ./Drivers/STM32F4xx_HAL_Driver/Src/stm32f4xx_hal_i2c.o
 .ARM.attributes
                0x000002b3       0x34 ./Drivers/STM32F4xx_HAL_Driver/Src/stm32f4xx_hal_rcc.o
 .ARM.attributes
                0x000002e7       0x34 ./Drivers/STM32F4xx_HAL_Driver/Src/stm32f4xx_hal_rcc_ex.o
 .ARM.attributes
                0x0000031b       0x34 ./Drivers/STM32F4xx_HAL_Driver/Src/stm32f4xx_hal_rtc.o
 .ARM.attributes
                0x0000034f       0x34 ./Drivers/STM32F4xx_HAL_Driver/Src/stm32f4xx_hal_rtc_ex.o
 .ARM.attributes
                0x00000383       0x34 ./Drivers/STM32F4xx_HAL_Driver/Src/stm32f4xx_hal_tim.o
 .ARM.attributes
                0x000003b7       0x34 ./Drivers/STM32F4xx_HAL_Driver/Src/stm32f4xx_hal_tim_ex.o
 .ARM.attributes
                0x000003eb       0x34 ./Drivers/STM32F4xx_HAL_Driver/Src/stm32f4xx_hal_uart.o
 .ARM.attributes
                0x0000041f       0x34 C:/ST/STM32CubeIDE_2.0.0/STM32CubeIDE/plugins/com.st.stm32cube.ide.mcu.externaltools.gnu-tools-for-stm32.14.3.rel1.win32_1.0.100.202602081740/tools/bin/../lib/gcc/arm-none-eabi/14.3.1/../../../../arm-none-eabi/lib/thumb/v7e-m+fp/hard\libc_nano.a(libc_a-findfp.o)
 .ARM.attributes
                0x00000453       0x34 C:/ST/STM32CubeIDE_2.0.0/STM32CubeIDE/plugins/com.st.stm32cube.ide.mcu.externaltools.gnu-tools-for-stm32.14.3.rel1.win32_1.0.100.202602081740/tools/bin/../lib/gcc/arm-none-eabi/14.3.1/../../../../arm-none-eabi/lib/thumb/v7e-m+fp/hard\libc_nano.a(libc_a-memset.o)
 .ARM.attributes
                0x00000487       0x34 C:/ST/STM32CubeIDE_2.0.0/STM32CubeIDE/plugins/com.st.stm32cube.ide.mcu.externaltools.gnu-tools-for-stm32.14.3.rel1.win32_1.0.100.202602081740/tools/bin/../lib/gcc/arm-none-eabi/14.3.1/../../../../arm-none-eabi/lib/thumb/v7e-m+fp/hard\libc_nano.a(libc_a-impure.o)
 .ARM.attributes
                0x000004bb       0x34 C:/ST/STM32CubeIDE_2.0.0/STM32CubeIDE/plugins/com.st.stm32cube.ide.mcu.externaltools.gnu-tools-for-stm32.14.3.rel1.win32_1.0.100.202602081740/tools/bin/../lib/gcc/arm-none-eabi/14.3.1/../../../../arm-none-eabi/lib/thumb/v7e-m+fp/hard\libc_nano.a(libc_a-errno.o)
 .ARM.attributes
                0x000004ef       0x34 C:/ST/STM32CubeIDE_2.0.0/STM32CubeIDE/plugins/com.st.stm32cube.ide.mcu.externaltools.gnu-tools-for-stm32.14.3.rel1.win32_1.0.100.202602081740/tools/bin/../lib/gcc/arm-none-eabi/14.3.1/../../../../arm-none-eabi/lib/thumb/v7e-m+fp/hard\libc_nano.a(libc_a-init.o)
 .ARM.attributes
                0x00000523       0x34 C:/ST/STM32CubeIDE_2.0.0/STM32CubeIDE/plugins/com.st.stm32cube.ide.mcu.externaltools.gnu-tools-for-stm32.14.3.rel1.win32_1.0.100.202602081740/tools/bin/../lib/gcc/arm-none-eabi/14.3.1/../../../../arm-none-eabi/lib/thumb/v7e-m+fp/hard\libm.a(libm_a-s_cos.o)
 .ARM.attributes
                0x00000557       0x34 C:/ST/STM32CubeIDE_2.0.0/STM32CubeIDE/plugins/com.st.stm32cube.ide.mcu.externaltools.gnu-tools-for-stm32.14.3.rel1.win32_1.0.100.202602081740/tools/bin/../lib/gcc/arm-none-eabi/14.3.1/../../../../arm-none-eabi/lib/thumb/v7e-m+fp/hard\libm.a(libm_a-wf_atan2.o)
 .ARM.attributes
                0x0000058b       0x34 C:/ST/STM32CubeIDE_2.0.0/STM32CubeIDE/plugins/com.st.stm32cube.ide.mcu.externaltools.gnu-tools-for-stm32.14.3.rel1.win32_1.0.100.202602081740/tools/bin/../lib/gcc/arm-none-eabi/14.3.1/../../../../arm-none-eabi/lib/thumb/v7e-m+fp/hard\libm.a(libm_a-wf_sqrt.o)
 .ARM.attributes
                0x000005bf       0x34 C:/ST/STM32CubeIDE_2.0.0/STM32CubeIDE/plugins/com.st.stm32cube.ide.mcu.externaltools.gnu-tools-for-stm32.14.3.rel1.win32_1.0.100.202602081740/tools/bin/../lib/gcc/arm-none-eabi/14.3.1/../../../../arm-none-eabi/lib/thumb/v7e-m+fp/hard\libm.a(libm_a-s_fmax.o)
 .ARM.attributes
                0x000005f3       0x34 C:/ST/STM32CubeIDE_2.0.0/STM32CubeIDE/plugins/com.st.stm32cube.ide.mcu.externaltools.gnu-tools-for-stm32.14.3.rel1.win32_1.0.100.202602081740/tools/bin/../lib/gcc/arm-none-eabi/14.3.1/../../../../arm-none-eabi/lib/thumb/v7e-m+fp/hard\libm.a(libm_a-s_fmin.o)
 .ARM.attributes
                0x00000627       0x34 C:/ST/STM32CubeIDE_2.0.0/STM32CubeIDE/plugins/com.st.stm32cube.ide.mcu.externaltools.gnu-tools-for-stm32.14.3.rel1.win32_1.0.100.202602081740/tools/bin/../lib/gcc/arm-none-eabi/14.3.1/../../../../arm-none-eabi/lib/thumb/v7e-m+fp/hard\libm.a(libm_a-s_fpclassify.o)
 .ARM.attributes
                0x0000065b       0x34 C:/ST/STM32CubeIDE_2.0.0/STM32CubeIDE/plugins/com.st.stm32cube.ide.mcu.externaltools.gnu-tools-for-stm32.14.3.rel1.win32_1.0.100.202602081740/tools/bin/../lib/gcc/arm-none-eabi/14.3.1/../../../../arm-none-eabi/lib/thumb/v7e-m+fp/hard\libm.a(libm_a-ef_sqrt.o)
 .ARM.attributes
                0x0000068f       0x34 C:/ST/STM32CubeIDE_2.0.0/STM32CubeIDE/plugins/com.st.stm32cube.ide.mcu.externaltools.gnu-tools-for-stm32.14.3.rel1.win32_1.0.100.202602081740/tools/bin/../lib/gcc/arm-none-eabi/14.3.1/../../../../arm-none-eabi/lib/thumb/v7e-m+fp/hard\libm.a(libm_a-k_cos.o)
 .ARM.attributes
                0x000006c3       0x34 C:/ST/STM32CubeIDE_2.0.0/STM32CubeIDE/plugins/com.st.stm32cube.ide.mcu.externaltools.gnu-tools-for-stm32.14.3.rel1.win32_1.0.100.202602081740/tools/bin/../lib/gcc/arm-none-eabi/14.3.1/../../../../arm-none-eabi/lib/thumb/v7e-m+fp/hard\libm.a(libm_a-k_sin.o)
 .ARM.attributes
                0x000006f7       0x34 C:/ST/STM32CubeIDE_2.0.0/STM32CubeIDE/plugins/com.st.stm32cube.ide.mcu.externaltools.gnu-tools-for-stm32.14.3.rel1.win32_1.0.100.202602081740/tools/bin/../lib/gcc/arm-none-eabi/14.3.1/../../../../arm-none-eabi/lib/thumb/v7e-m+fp/hard\libm.a(libm_a-e_rem_pio2.o)
 .ARM.attributes
                0x0000072b       0x34 C:/ST/STM32CubeIDE_2.0.0/STM32CubeIDE/plugins/com.st.stm32cube.ide.mcu.externaltools.gnu-tools-for-stm32.14.3.rel1.win32_1.0.100.202602081740/tools/bin/../lib/gcc/arm-none-eabi/14.3.1/../../../../arm-none-eabi/lib/thumb/v7e-m+fp/hard\libm.a(libm_a-s_fabs.o)
 .ARM.attributes
                0x0000075f       0x34 C:/ST/STM32CubeIDE_2.0.0/STM32CubeIDE/plugins/com.st.stm32cube.ide.mcu.externaltools.gnu-tools-for-stm32.14.3.rel1.win32_1.0.100.202602081740/tools/bin/../lib/gcc/arm-none-eabi/14.3.1/../../../../arm-none-eabi/lib/thumb/v7e-m+fp/hard\libm.a(libm_a-ef_atan2.o)
 .ARM.attributes
                0x00000793       0x34 C:/ST/STM32CubeIDE_2.0.0/STM32CubeIDE/plugins/com.st.stm32cube.ide.mcu.externaltools.gnu-tools-for-stm32.14.3.rel1.win32_1.0.100.202602081740/tools/bin/../lib/gcc/arm-none-eabi/14.3.1/../../../../arm-none-eabi/lib/thumb/v7e-m+fp/hard\libm.a(libm_a-sf_atan.o)
 .ARM.attributes
                0x000007c7       0x34 C:/ST/STM32CubeIDE_2.0.0/STM32CubeIDE/plugins/com.st.stm32cube.ide.mcu.externaltools.gnu-tools-for-stm32.14.3.rel1.win32_1.0.100.202602081740/tools/bin/../lib/gcc/arm-none-eabi/14.3.1/../../../../arm-none-eabi/lib/thumb/v7e-m+fp/hard\libm.a(libm_a-sf_fabs.o)
 .ARM.attributes
                0x000007fb       0x34 C:/ST/STM32CubeIDE_2.0.0/STM32CubeIDE/plugins/com.st.stm32cube.ide.mcu.externaltools.gnu-tools-for-stm32.14.3.rel1.win32_1.0.100.202602081740/tools/bin/../lib/gcc/arm-none-eabi/14.3.1/../../../../arm-none-eabi/lib/thumb/v7e-m+fp/hard\libm.a(libm_a-k_rem_pio2.o)
 .ARM.attributes
                0x0000082f       0x34 C:/ST/STM32CubeIDE_2.0.0/STM32CubeIDE/plugins/com.st.stm32cube.ide.mcu.externaltools.gnu-tools-for-stm32.14.3.rel1.win32_1.0.100.202602081740/tools/bin/../lib/gcc/arm-none-eabi/14.3.1/../../../../arm-none-eabi/lib/thumb/v7e-m+fp/hard\libm.a(libm_a-s_scalbn.o)
 .ARM.attributes
                0x00000863       0x34 C:/ST/STM32CubeIDE_2.0.0/STM32CubeIDE/plugins/com.st.stm32cube.ide.mcu.externaltools.gnu-tools-for-stm32.14.3.rel1.win32_1.0.100.202602081740/tools/bin/../lib/gcc/arm-none-eabi/14.3.1/../../../../arm-none-eabi/lib/thumb/v7e-m+fp/hard\libm.a(libm_a-s_floor.o)
 .ARM.attributes
                0x00000897       0x22 C:/ST/STM32CubeIDE_2.0.0/STM32CubeIDE/plugins/com.st.stm32cube.ide.mcu.externaltools.gnu-tools-for-stm32.14.3.rel1.win32_1.0.100.202602081740/tools/bin/../lib/gcc/arm-none-eabi/14.3.1/thumb/v7e-m+fp/hard\libgcc.a(_arm_addsubdf3.o)
 .ARM.attributes
                0x000008b9       0x22 C:/ST/STM32CubeIDE_2.0.0/STM32CubeIDE/plugins/com.st.stm32cube.ide.mcu.externaltools.gnu-tools-for-stm32.14.3.rel1.win32_1.0.100.202602081740/tools/bin/../lib/gcc/arm-none-eabi/14.3.1/thumb/v7e-m+fp/hard\libgcc.a(_arm_muldivdf3.o)
 .ARM.attributes
                0x000008db       0x22 C:/ST/STM32CubeIDE_2.0.0/STM32CubeIDE/plugins/com.st.stm32cube.ide.mcu.externaltools.gnu-tools-for-stm32.14.3.rel1.win32_1.0.100.202602081740/tools/bin/../lib/gcc/arm-none-eabi/14.3.1/thumb/v7e-m+fp/hard\libgcc.a(_arm_cmpdf2.o)
 .ARM.attributes
                0x000008fd       0x22 C:/ST/STM32CubeIDE_2.0.0/STM32CubeIDE/plugins/com.st.stm32cube.ide.mcu.externaltools.gnu-tools-for-stm32.14.3.rel1.win32_1.0.100.202602081740/tools/bin/../lib/gcc/arm-none-eabi/14.3.1/thumb/v7e-m+fp/hard\libgcc.a(_arm_fixdfsi.o)
 .ARM.attributes
                0x0000091f       0x22 C:/ST/STM32CubeIDE_2.0.0/STM32CubeIDE/plugins/com.st.stm32cube.ide.mcu.externaltools.gnu-tools-for-stm32.14.3.rel1.win32_1.0.100.202602081740/tools/bin/../lib/gcc/arm-none-eabi/14.3.1/thumb/v7e-m+fp/hard\libgcc.a(_arm_truncdfsf2.o)
 .ARM.attributes
                0x00000941       0x22 C:/ST/STM32CubeIDE_2.0.0/STM32CubeIDE/plugins/com.st.stm32cube.ide.mcu.externaltools.gnu-tools-for-stm32.14.3.rel1.win32_1.0.100.202602081740/tools/bin/../lib/gcc/arm-none-eabi/14.3.1/thumb/v7e-m+fp/hard\libgcc.a(_aeabi_uldivmod.o)
 .ARM.attributes
                0x00000963       0x34 C:/ST/STM32CubeIDE_2.0.0/STM32CubeIDE/plugins/com.st.stm32cube.ide.mcu.externaltools.gnu-tools-for-stm32.14.3.rel1.win32_1.0.100.202602081740/tools/bin/../lib/gcc/arm-none-eabi/14.3.1/thumb/v7e-m+fp/hard\libgcc.a(_udivmoddi4.o)
 .ARM.attributes
                0x00000997       0x22 C:/ST/STM32CubeIDE_2.0.0/STM32CubeIDE/plugins/com.st.stm32cube.ide.mcu.externaltools.gnu-tools-for-stm32.14.3.rel1.win32_1.0.100.202602081740/tools/bin/../lib/gcc/arm-none-eabi/14.3.1/thumb/v7e-m+fp/hard\libgcc.a(_dvmd_tls.o)
 .ARM.attributes
                0x000009b9       0x22 C:/ST/STM32CubeIDE_2.0.0/STM32CubeIDE/plugins/com.st.stm32cube.ide.mcu.externaltools.gnu-tools-for-stm32.14.3.rel1.win32_1.0.100.202602081740/tools/bin/../lib/gcc/arm-none-eabi/14.3.1/thumb/v7e-m+fp/hard/crtn.o
OUTPUT(ATLAS-M3.elf elf32-littlearm)
LOAD linker stubs
LOAD C:/ST/STM32CubeIDE_2.0.0/STM32CubeIDE/plugins/com.st.stm32cube.ide.mcu.externaltools.gnu-tools-for-stm32.14.3.rel1.win32_1.0.100.202602081740/tools/bin/../lib/gcc/arm-none-eabi/14.3.1/../../../../arm-none-eabi/lib/thumb/v7e-m+fp/hard\libc.a
LOAD C:/ST/STM32CubeIDE_2.0.0/STM32CubeIDE/plugins/com.st.stm32cube.ide.mcu.externaltools.gnu-tools-for-stm32.14.3.rel1.win32_1.0.100.202602081740/tools/bin/../lib/gcc/arm-none-eabi/14.3.1/../../../../arm-none-eabi/lib/thumb/v7e-m+fp/hard\libm.a
LOAD C:/ST/STM32CubeIDE_2.0.0/STM32CubeIDE/plugins/com.st.stm32cube.ide.mcu.externaltools.gnu-tools-for-stm32.14.3.rel1.win32_1.0.100.202602081740/tools/bin/../lib/gcc/arm-none-eabi/14.3.1/thumb/v7e-m+fp/hard\libgcc.a

.debug_info     0x00000000    0x1549b
 .debug_info    0x00000000     0x2f08 ./Core/Src/main.o
 .debug_info    0x00002f08     0x1abf ./Core/Src/stm32f4xx_hal_msp.o
 .debug_info    0x000049c7      0xda4 ./Core/Src/stm32f4xx_it.o
 .debug_info    0x0000576b      0x512 ./Core/Src/system_stm32f4xx.o
 .debug_info    0x00005c7d       0x30 ./Core/Startup/startup_stm32f407vetx.o
 .debug_info    0x00005cad      0x9da ./Drivers/MPU6500/mpu6500.o
 .debug_info    0x00006687      0x944 ./Drivers/STM32F4xx_HAL_Driver/Src/stm32f4xx_hal.o
 .debug_info    0x00006fcb      0xce3 ./Drivers/STM32F4xx_HAL_Driver/Src/stm32f4xx_hal_adc.o
 .debug_info    0x00007cae      0xd8c ./Drivers/STM32F4xx_HAL_Driver/Src/stm32f4xx_hal_cortex.o
 .debug_info    0x00008a3a      0x8e7 ./Drivers/STM32F4xx_HAL_Driver/Src/stm32f4xx_hal_dma.o
 .debug_info    0x00009321      0x6c3 ./Drivers/STM32F4xx_HAL_Driver/Src/stm32f4xx_hal_gpio.o
 .debug_info    0x000099e4     0x2415 ./Drivers/STM32F4xx_HAL_Driver/Src/stm32f4xx_hal_i2c.o
 .debug_info    0x0000bdf9      0x8c3 ./Drivers/STM32F4xx_HAL_Driver/Src/stm32f4xx_hal_rcc.o
 .debug_info    0x0000c6bc      0x536 ./Drivers/STM32F4xx_HAL_Driver/Src/stm32f4xx_hal_rcc_ex.o
 .debug_info    0x0000cbf2      0xc20 ./Drivers/STM32F4xx_HAL_Driver/Src/stm32f4xx_hal_rtc.o
 .debug_info    0x0000d812      0xec2 ./Drivers/STM32F4xx_HAL_Driver/Src/stm32f4xx_hal_rtc_ex.o
 .debug_info    0x0000e6d4     0x299d ./Drivers/STM32F4xx_HAL_Driver/Src/stm32f4xx_hal_tim.o
 .debug_info    0x00011071     0x14db ./Drivers/STM32F4xx_HAL_Driver/Src/stm32f4xx_hal_tim_ex.o
 .debug_info    0x0001254c     0x2f4f ./Drivers/STM32F4xx_HAL_Driver/Src/stm32f4xx_hal_uart.o

.debug_abbrev   0x00000000     0x2a1f
 .debug_abbrev  0x00000000      0x396 ./Core/Src/main.o
 .debug_abbrev  0x00000396      0x25f ./Core/Src/stm32f4xx_hal_msp.o
 .debug_abbrev  0x000005f5      0x1cb ./Core/Src/stm32f4xx_it.o
 .debug_abbrev  0x000007c0      0x11a ./Core/Src/system_stm32f4xx.o
 .debug_abbrev  0x000008da       0x24 ./Core/Startup/startup_stm32f407vetx.o
 .debug_abbrev  0x000008fe      0x265 ./Drivers/MPU6500/mpu6500.o
 .debug_abbrev  0x00000b63      0x214 ./Drivers/STM32F4xx_HAL_Driver/Src/stm32f4xx_hal.o
 .debug_abbrev  0x00000d77      0x252 ./Drivers/STM32F4xx_HAL_Driver/Src/stm32f4xx_hal_adc.o
 .debug_abbrev  0x00000fc9      0x31d ./Drivers/STM32F4xx_HAL_Driver/Src/stm32f4xx_hal_cortex.o
 .debug_abbrev  0x000012e6      0x264 ./Drivers/STM32F4xx_HAL_Driver/Src/stm32f4xx_hal_dma.o
 .debug_abbrev  0x0000154a      0x1d4 ./Drivers/STM32F4xx_HAL_Driver/Src/stm32f4xx_hal_gpio.o
 .debug_abbrev  0x0000171e      0x2ad ./Drivers/STM32F4xx_HAL_Driver/Src/stm32f4xx_hal_i2c.o
 .debug_abbrev  0x000019cb      0x2b7 ./Drivers/STM32F4xx_HAL_Driver/Src/stm32f4xx_hal_rcc.o
 .debug_abbrev  0x00001c82      0x1b0 ./Drivers/STM32F4xx_HAL_Driver/Src/stm32f4xx_hal_rcc_ex.o
 .debug_abbrev  0x00001e32      0x1dd ./Drivers/STM32F4xx_HAL_Driver/Src/stm32f4xx_hal_rtc.o
 .debug_abbrev  0x0000200f      0x207 ./Drivers/STM32F4xx_HAL_Driver/Src/stm32f4xx_hal_rtc_ex.o
 .debug_abbrev  0x00002216      0x278 ./Drivers/STM32F4xx_HAL_Driver/Src/stm32f4xx_hal_tim.o
 .debug_abbrev  0x0000248e      0x283 ./Drivers/STM32F4xx_HAL_Driver/Src/stm32f4xx_hal_tim_ex.o
 .debug_abbrev  0x00002711      0x30e ./Drivers/STM32F4xx_HAL_Driver/Src/stm32f4xx_hal_uart.o

.debug_aranges  0x00000000     0x1410
 .debug_aranges
                0x00000000      0x140 ./Core/Src/main.o
 .debug_aranges
                0x00000140       0x78 ./Core/Src/stm32f4xx_hal_msp.o
 .debug_aranges
                0x000001b8       0xa8 ./Core/Src/stm32f4xx_it.o
 .debug_aranges
                0x00000260       0x28 ./Core/Src/system_stm32f4xx.o
 .debug_aranges
                0x00000288       0x28 ./Core/Startup/startup_stm32f407vetx.o
 .debug_aranges
                0x000002b0       0xa0 ./Drivers/MPU6500/mpu6500.o
 .debug_aranges
                0x00000350       0xf0 ./Drivers/STM32F4xx_HAL_Driver/Src/stm32f4xx_hal.o
 .debug_aranges
                0x00000440       0xe8 ./Drivers/STM32F4xx_HAL_Driver/Src/stm32f4xx_hal_adc.o
 .debug_aranges
                0x00000528      0x130 ./Drivers/STM32F4xx_HAL_Driver/Src/stm32f4xx_hal_cortex.o
 .debug_aranges
                0x00000658       0x90 ./Drivers/STM32F4xx_HAL_Driver/Src/stm32f4xx_hal_dma.o
 .debug_aranges
                0x000006e8       0x58 ./Drivers/STM32F4xx_HAL_Driver/Src/stm32f4xx_hal_gpio.o
 .debug_aranges
                0x00000740      0x2a8 ./Drivers/STM32F4xx_HAL_Driver/Src/stm32f4xx_hal_i2c.o
 .debug_aranges
                0x000009e8       0x88 ./Drivers/STM32F4xx_HAL_Driver/Src/stm32f4xx_hal_rcc.o
 .debug_aranges
                0x00000a70       0x48 ./Drivers/STM32F4xx_HAL_Driver/Src/stm32f4xx_hal_rcc_ex.o
 .debug_aranges
                0x00000ab8       0xe8 ./Drivers/STM32F4xx_HAL_Driver/Src/stm32f4xx_hal_rtc.o
 .debug_aranges
                0x00000ba0      0x130 ./Drivers/STM32F4xx_HAL_Driver/Src/stm32f4xx_hal_rtc_ex.o
 .debug_aranges
                0x00000cd0      0x3d0 ./Drivers/STM32F4xx_HAL_Driver/Src/stm32f4xx_hal_tim.o
 .debug_aranges
                0x000010a0      0x168 ./Drivers/STM32F4xx_HAL_Driver/Src/stm32f4xx_hal_tim_ex.o
 .debug_aranges
                0x00001208      0x208 ./Drivers/STM32F4xx_HAL_Driver/Src/stm32f4xx_hal_uart.o

.debug_rnglists
                0x00000000      0xfe6
 .debug_rnglists
                0x00000000      0x103 ./Core/Src/main.o
 .debug_rnglists
                0x00000103       0x5b ./Core/Src/stm32f4xx_hal_msp.o
 .debug_rnglists
                0x0000015e       0x79 ./Core/Src/stm32f4xx_it.o
 .debug_rnglists
                0x000001d7       0x1a ./Core/Src/system_stm32f4xx.o
 .debug_rnglists
                0x000001f1       0x19 ./Core/Startup/startup_stm32f407vetx.o
 .debug_rnglists
                0x0000020a       0x76 ./Drivers/MPU6500/mpu6500.o
 .debug_rnglists
                0x00000280       0xaf ./Drivers/STM32F4xx_HAL_Driver/Src/stm32f4xx_hal.o
 .debug_rnglists
                0x0000032f       0xb5 ./Drivers/STM32F4xx_HAL_Driver/Src/stm32f4xx_hal_adc.o
 .debug_rnglists
                0x000003e4       0xe0 ./Drivers/STM32F4xx_HAL_Driver/Src/stm32f4xx_hal_cortex.o
 .debug_rnglists
                0x000004c4       0x70 ./Drivers/STM32F4xx_HAL_Driver/Src/stm32f4xx_hal_dma.o
 .debug_rnglists
                0x00000534       0x3f ./Drivers/STM32F4xx_HAL_Driver/Src/stm32f4xx_hal_gpio.o
 .debug_rnglists
                0x00000573      0x23c ./Drivers/STM32F4xx_HAL_Driver/Src/stm32f4xx_hal_i2c.o
 .debug_rnglists
                0x000007af       0x66 ./Drivers/STM32F4xx_HAL_Driver/Src/stm32f4xx_hal_rcc.o
 .debug_rnglists
                0x00000815       0x35 ./Drivers/STM32F4xx_HAL_Driver/Src/stm32f4xx_hal_rcc_ex.o
 .debug_rnglists
                0x0000084a       0xb4 ./Drivers/STM32F4xx_HAL_Driver/Src/stm32f4xx_hal_rtc.o
 .debug_rnglists
                0x000008fe       0xed ./Drivers/STM32F4xx_HAL_Driver/Src/stm32f4xx_hal_rtc_ex.o
 .debug_rnglists
                0x000009eb      0x31a ./Drivers/STM32F4xx_HAL_Driver/Src/stm32f4xx_hal_tim.o
 .debug_rnglists
                0x00000d05      0x125 ./Drivers/STM32F4xx_HAL_Driver/Src/stm32f4xx_hal_tim_ex.o
 .debug_rnglists
                0x00000e2a      0x1bc ./Drivers/STM32F4xx_HAL_Driver/Src/stm32f4xx_hal_uart.o

.debug_macro    0x00000000    0x23e1e
 .debug_macro   0x00000000      0x3cc ./Core/Src/main.o
 .debug_macro   0x000003cc      0xade ./Core/Src/main.o
 .debug_macro   0x00000eaa      0x2ad ./Core/Src/main.o
 .debug_macro   0x00001157       0x2e ./Core/Src/main.o
 .debug_macro   0x00001185       0x2f ./Core/Src/main.o
 .debug_macro   0x000011b4       0x22 ./Core/Src/main.o
 .debug_macro   0x000011d6       0x8e ./Core/Src/main.o
 .debug_macro   0x00001264       0x51 ./Core/Src/main.o
 .debug_macro   0x000012b5      0x103 ./Core/Src/main.o
 .debug_macro   0x000013b8       0x6a ./Core/Src/main.o
 .debug_macro   0x00001422      0x1df ./Core/Src/main.o
 .debug_macro   0x00001601       0x1c ./Core/Src/main.o
 .debug_macro   0x0000161d       0x22 ./Core/Src/main.o
 .debug_macro   0x0000163f       0xfb ./Core/Src/main.o
 .debug_macro   0x0000173a     0x1011 ./Core/Src/main.o
 .debug_macro   0x0000274b      0x11f ./Core/Src/main.o
 .debug_macro   0x0000286a    0x15ea5 ./Core/Src/main.o
 .debug_macro   0x0001870f       0x6d ./Core/Src/main.o
 .debug_macro   0x0001877c     0x3693 ./Core/Src/main.o
 .debug_macro   0x0001be0f      0x190 ./Core/Src/main.o
 .debug_macro   0x0001bf9f       0x5c ./Core/Src/main.o
 .debug_macro   0x0001bffb      0x980 ./Core/Src/main.o
 .debug_macro   0x0001c97b      0x9e9 ./Core/Src/main.o
 .debug_macro   0x0001d364      0x115 ./Core/Src/main.o
 .debug_macro   0x0001d479      0x13e ./Core/Src/main.o
 .debug_macro   0x0001d5b7       0xa5 ./Core/Src/main.o