../Core/Src/main.c:335:5:main	8	static
../Core/Src/main.c:466:6:SystemClock_Config	88	static
../Core/Src/main.c:513:13:MX_ADC1_Init	24	static
../Core/Src/main.c:572:13:MX_I2C1_Init	8	static
../Core/Src/main.c:606:13:MX_RTC_Init	32	static
../Core/Src/main.c:676:13:MX_TIM1_Init	96	static
../Core/Src/main.c:755:13:MX_TIM3_Init	64	static
../Core/Src/main.c:818:13:MX_TIM4_Init	32	static
../Core/Src/main.c:863:13:MX_TIM5_Init	64	static
../Core/Src/main.c:934:13:MX_UART4_Init	8	static
../Core/Src/main.c:965:13:MX_DMA_Init	16	static
../Core/Src/main.c:983:13:MX_GPIO_Init	48	static
../Core/Src/main.c:1056:7:map	32	static
../Core/Src/main.c:1066:6:moveServo	8	static
../Core/Src/main.c:1076:6:setServoAngle	32	static
../Core/Src/main.c:1093:6:readMPU	24	static
../Core/Src/main.c:1125:6:readBattery	16	static
../Core/Src/main.c:1135:6:UGV_setSpeed	32	static
../Core/Src/main.c:1156:6:UGV_setDirection	24	static
../Core/Src/main.c:1168:5:ELRS_Map	24	static
../Core/Src/main.c:1172:6:CRSF_Parser	64	static
../Core/Src/main.c:1216:6:extractELRS	16	static
../Core/Src/main.c:1241:9:crsf_crc8	24	static
../Core/Src/main.c:1249:9:bitMask	16	static
../Core/Src/main.c:1258:10:dshot_prepare_packet	32	static
../Core/Src/main.c:1276:6:complementaryFilter	24	static
../Core/Src/main.c:1303:6:UAV_error	24	static
../Core/Src/main.c:1318:6:UAV_PID	48	static
../Core/Src/main.c:1332:6:UAV_Thrust	8	static
../Core/Src/main.c:1339:6:UAV_normalizeMotor	56	static
../Core/Src/main.c:1368:6:UAV_convertTilt	24	static
../Core/Src/main.c:1387:6:UAV_convertYaw	24	static
../Core/Src/main.c:1407:6:HAL_UART_RxCpltCallback	24	static
../Core/Src/main.c:1447:6:HAL_TIM_PeriodElapsedCallback	24	static
../Core/Src/main.c:1460:6:HAL_RTCEx_WakeUpTimerEventCallback	24	static
../Core/Src/main.c:1493:6:HAL_GPIO_EXTI_Callback	16	static
../Core/Src/main.c:1507:6:Error_Handler	4	static
