../Core/Src/main.c:111:5:main	16	static
../Core/Src/main.c:197:6:SystemClock_Config	88	static
../Core/Src/main.c:243:13:MX_ADC1_Init	24	static
../Core/Src/main.c:295:13:MX_I2C1_Init	8	static
../Core/Src/main.c:329:13:MX_TIM1_Init	96	static
../Core/Src/main.c:408:13:MX_TIM3_Init	64	static
../Core/Src/main.c:471:13:MX_TIM5_Init	64	static
../Core/Src/main.c:542:13:MX_UART4_Init	8	static
../Core/Src/main.c:573:13:MX_DMA_Init	16	static
../Core/Src/main.c:600:13:MX_GPIO_Init	48	static
../Core/Src/main.c:661:6:setServoAngle	32	static
../Core/Src/main.c:678:6:setSpeed	48	static
../Core/Src/main.c:699:6:readMPU	40	static
../Core/Src/main.c:728:6:HAL_GPIO_EXTI_Callback	16	static
../Core/Src/main.c:741:6:Error_Handler	4	static,ignoring_inline_asm
