../Core/Src/main.c:103:5:main	16	static
../Core/Src/main.c:187:6:SystemClock_Config	88	static
../Core/Src/main.c:234:13:MX_I2C1_Init	8	static
../Core/Src/main.c:268:13:MX_TIM3_Init	48	static
../Core/Src/main.c:321:13:MX_TIM5_Init	64	static
../Core/Src/main.c:392:13:MX_UART4_Init	8	static
../Core/Src/main.c:423:13:MX_DMA_Init	16	static
../Core/Src/main.c:450:13:MX_GPIO_Init	48	static
../Core/Src/main.c:480:6:setServoAngle	32	static
../Core/Src/main.c:497:6:readMPU	40	static
../Core/Src/main.c:526:6:HAL_GPIO_EXTI_Callback	16	static
../Core/Src/main.c:539:6:Error_Handler	4	static,ignoring_inline_asm
