../Core/Src/main.c:339:5:main	8	static
../Core/Src/main.c:469:6:SystemClock_Config	88	static
../Core/Src/main.c:516:13:MX_ADC1_Init	24	static
../Core/Src/main.c:575:13:MX_I2C1_Init	8	static
../Core/Src/main.c:609:13:MX_RTC_Init	32	static
../Core/Src/main.c:679:13:MX_TIM1_Init	96	static
../Core/Src/main.c:758:13:MX_TIM3_Init	64	static
../Core/Src/main.c:821:13:MX_TIM4_Init	32	static
../Core/Src/main.c:866:13:MX_TIM5_Init	64	static
../Core/Src/main.c:937:13:MX_UART4_Init	8	static
../Core/Src/main.c:968:13:MX_DMA_Init	16	static
../Core/Src/main.c:986:13:MX_GPIO_Init	48	static
../Core/Src/main.c:1059:7:map	32	static
../Core/Src/main.c:1069:6:moveServo	8	static
../Core/Src/main.c:1079:6:setServoAngle	32	static
../Core/Src/main.c:1096:6:readMPU	24	static
../Core/Src/main.c:1128:6:readBattery	16	static
../Core/Src/main.c:1138:6:UGV_setSpeed	32	static
../Core/Src/main.c:1159:6:UGV_setDirection	24	static
../Core/Src/main.c:1171:5:ELRS_Map	24	static
../Core/Src/main.c:1175:6:CRSF_Parser	64	static
../Core/Src/main.c:1219:6:extractELRS	16	static
../Core/Src/main.c:1244:9:crsf_crc8	24	static
../Core/Src/main.c:1252:9:bitMask	16	static
../Core/Src/main.c:1261:10:dshot_prepare_packet	32	static
../Core/Src/main.c:1279:6:complementaryFilter	24	static
../Core/Src/main.c:1306:6:UAV_error	24	static
../Core/Src/main.c:1321:6:UAV_PID	48	static
../Core/Src/main.c:1335:6:UAV_Thrust	24	static
../Core/Src/main.c:1344:6:UAV_normalizeMotor	48	static
../Core/Src/main.c:1366:6:UAV_convertTilt	24	static
../Core/Src/main.c:1385:6:UAV_convertYaw	24	static
../Core/Src/main.c:1405:6:HAL_UART_RxCpltCallback	24	static
../Core/Src/main.c:1445:6:HAL_TIM_PeriodElapsedCallback	24	static
../Core/Src/main.c:1458:6:HAL_RTCEx_WakeUpTimerEventCallback	24	static
../Core/Src/main.c:1491:6:HAL_GPIO_EXTI_Callback	16	static
../Core/Src/main.c:1505:6:Error_Handler	4	static
