../Core/Src/main.c:178:5:main	16	static
../Core/Src/main.c:278:6:SystemClock_Config	88	static
../Core/Src/main.c:325:13:MX_ADC1_Init	24	static
../Core/Src/main.c:384:13:MX_I2C1_Init	8	static
../Core/Src/main.c:418:13:MX_RTC_Init	32	static
../Core/Src/main.c:488:13:MX_TIM1_Init	96	static
../Core/Src/main.c:567:13:MX_TIM3_Init	64	static
../Core/Src/main.c:630:13:MX_TIM4_Init	32	static
../Core/Src/main.c:675:13:MX_TIM5_Init	64	static
../Core/Src/main.c:746:13:MX_UART4_Init	8	static
../Core/Src/main.c:777:13:MX_DMA_Init	16	static
../Core/Src/main.c:808:13:MX_GPIO_Init	48	static
../Core/Src/main.c:869:6:setServoAngle	32	static
../Core/Src/main.c:886:6:readMPU	40	static
../Core/Src/main.c:915:6:readBattery	24	static
../Core/Src/main.c:931:6:UGV_setSpeed	40	static
../Core/Src/main.c:947:6:UGV_setDirection	24	static
../Core/Src/main.c:965:6:HAL_TIM_PeriodElapsedCallback	24	static
../Core/Src/main.c:978:6:HAL_RTCEx_WakeUpTimerEventCallback	16	static
../Core/Src/main.c:983:6:HAL_ADC_ConvCpltCallback	24	static
../Core/Src/main.c:1003:6:HAL_GPIO_EXTI_Callback	16	static
../Core/Src/main.c:1016:6:Error_Handler	4	static,ignoring_inline_asm
