../Core/Src/main.c:339:5:main	8	static
../Core/Src/main.c:491:6:SystemClock_Config	88	static
../Core/Src/main.c:538:13:MX_ADC1_Init	24	static
../Core/Src/main.c:597:13:MX_I2C1_Init	8	static
../Core/Src/main.c:631:13:MX_RTC_Init	32	static
../Core/Src/main.c:701:13:MX_TIM1_Init	96	static
../Core/Src/main.c:780:13:MX_TIM3_Init	64	static
../Core/Src/main.c:851:13:MX_TIM4_Init	64	static
../Core/Src/main.c:914:13:MX_UART4_Init	8	static
../Core/Src/main.c:945:13:MX_DMA_Init	16	static
../Core/Src/main.c:976:13:MX_GPIO_Init	56	static
../Core/Src/main.c:1050:7:map	32	static
../Core/Src/main.c:1060:6:moveServo	8	static
../Core/Src/main.c:1070:6:setServoAngle	32	static
../Core/Src/main.c:1087:6:readMPU	24	static
../Core/Src/main.c:1123:6:readBattery	16	static
../Core/Src/main.c:1133:6:UGV_setSpeed	32	static
../Core/Src/main.c:1154:6:UGV_setDirection	24	static
../Core/Src/main.c:1166:5:ELRS_Map	24	static
../Core/Src/main.c:1170:6:CRSF_Parser	64	static
../Core/Src/main.c:1214:6:extractELRS	16	static
../Core/Src/main.c:1239:9:crsf_crc8	24	static
../Core/Src/main.c:1247:9:bitMask	16	static
../Core/Src/main.c:1256:10:dshot_prepare_packet	32	static
../Core/Src/main.c:1274:6:complementaryFilter	24	static
../Core/Src/main.c:1301:6:UAV_error	24	static
../Core/Src/main.c:1316:6:UAV_PID	48	static
../Core/Src/main.c:1330:6:UAV_convertThrust	8	static
../Core/Src/main.c:1341:6:UAV_normalizeMotor	56	static
../Core/Src/main.c:1370:6:UAV_convertTilt	24	static
../Core/Src/main.c:1389:6:UAV_convertYaw	24	static
../Core/Src/main.c:1409:6:HAL_UART_RxCpltCallback	24	static
../Core/Src/main.c:1454:6:HAL_TIM_PeriodElapsedCallback	24	static
../Core/Src/main.c:1469:6:HAL_RTCEx_WakeUpTimerEventCallback	24	static
../Core/Src/main.c:1502:6:HAL_GPIO_EXTI_Callback	16	static
../Core/Src/main.c:1516:6:Error_Handler	4	static
