../Core/Src/main.c:219:5:main	8	static
../Core/Src/main.c:332:6:SystemClock_Config	88	static
../Core/Src/main.c:379:13:MX_ADC1_Init	24	static
../Core/Src/main.c:438:13:MX_I2C1_Init	8	static
../Core/Src/main.c:472:13:MX_RTC_Init	32	static
../Core/Src/main.c:542:13:MX_TIM1_Init	96	static
../Core/Src/main.c:621:13:MX_TIM3_Init	64	static
../Core/Src/main.c:684:13:MX_TIM4_Init	32	static
../Core/Src/main.c:729:13:MX_TIM5_Init	64	static
../Core/Src/main.c:800:13:MX_UART4_Init	8	static
../Core/Src/main.c:831:13:MX_DMA_Init	16	static
../Core/Src/main.c:862:13:MX_GPIO_Init	48	static
../Core/Src/main.c:933:6:moveServo	8	static
../Core/Src/main.c:943:6:setServoAngle	32	static
../Core/Src/main.c:960:6:readMPU	40	static
../Core/Src/main.c:990:6:readBattery	32	static
../Core/Src/main.c:1007:6:UGV_setSpeed	40	static
../Core/Src/main.c:1028:6:UGV_setDirection	24	static
../Core/Src/main.c:1040:5:ELRS_Encoder	24	static
../Core/Src/main.c:1044:6:CRSF_Parser	64	static
../Core/Src/main.c:1088:6:extractELRS	16	static
../Core/Src/main.c:1111:9:crsf_crc8	24	static
../Core/Src/main.c:1119:9:bitMask	16	static
../Core/Src/main.c:1127:10:dshot_prepare_packet	32	static
../Core/Src/main.c:1147:6:HAL_UART_RxCpltCallback	24	static
../Core/Src/main.c:1183:6:HAL_TIM_PeriodElapsedCallback	24	static
../Core/Src/main.c:1196:6:HAL_RTCEx_WakeUpTimerEventCallback	24	static
../Core/Src/main.c:1226:6:HAL_GPIO_EXTI_Callback	16	static
../Core/Src/main.c:1239:6:Error_Handler	16	static,ignoring_inline_asm
