../Core/Src/main.c:346:5:main	8	static
../Core/Src/main.c:511:6:SystemClock_Config	88	static
../Core/Src/main.c:558:13:MX_ADC1_Init	24	static
../Core/Src/main.c:617:13:MX_I2C1_Init	8	static
../Core/Src/main.c:651:13:MX_RTC_Init	32	static
../Core/Src/main.c:721:13:MX_TIM1_Init	96	static
../Core/Src/main.c:800:13:MX_TIM3_Init	64	static
../Core/Src/main.c:871:13:MX_TIM4_Init	64	static
../Core/Src/main.c:934:13:MX_UART4_Init	8	static
../Core/Src/main.c:965:13:MX_DMA_Init	16	static
../Core/Src/main.c:996:13:MX_GPIO_Init	56	static
../Core/Src/main.c:1070:7:map	32	static
../Core/Src/main.c:1080:6:moveServo	8	static
../Core/Src/main.c:1090:6:setServoAngle	32	static
../Core/Src/main.c:1107:6:readMPU	24	static
../Core/Src/main.c:1145:6:readBattery	16	static
../Core/Src/main.c:1155:6:UGV_setSpeed	32	static
../Core/Src/main.c:1176:6:UGV_setDirection	24	static
../Core/Src/main.c:1188:6:CRSF_Parser	64	static
../Core/Src/main.c:1232:6:extractELRS	16	static
../Core/Src/main.c:1257:9:crsf_crc8	24	static
../Core/Src/main.c:1265:9:bitMask	16	static
../Core/Src/main.c:1274:6:DSHOT_PreparePacket	24	static
../Core/Src/main.c:1313:6:DSHOT_Fire	16	static
../Core/Src/main.c:1323:6:complementaryFilter	24	static
../Core/Src/main.c:1347:6:UAV_error	24	static
../Core/Src/main.c:1362:6:UAV_PID	48	static
../Core/Src/main.c:1375:6:UAV_convertThrust	8	static
../Core/Src/main.c:1388:6:UAV_normalizeMotor	56	static
../Core/Src/main.c:1418:6:UAV_convertTilt	24	static
../Core/Src/main.c:1437:6:UAV_convertYaw	24	static
../Core/Src/main.c:1458:6:HAL_UART_RxCpltCallback	24	static
../Core/Src/main.c:1503:6:HAL_TIM_PeriodElapsedCallback	24	static
../Core/Src/main.c:1518:6:HAL_RTCEx_WakeUpTimerEventCallback	24	static
../Core/Src/main.c:1551:6:HAL_GPIO_EXTI_Callback	16	static
../Core/Src/main.c:1558:6:HAL_TIM_PWM_PulseFinishedCallback	16	static
../Core/Src/main.c:1589:6:Error_Handler	4	static
