../Core/Src/main.c:310:5:main	8	static
../Core/Src/main.c:438:6:SystemClock_Config	88	static
../Core/Src/main.c:485:13:MX_ADC1_Init	24	static
../Core/Src/main.c:544:13:MX_I2C1_Init	8	static
../Core/Src/main.c:578:13:MX_RTC_Init	32	static
../Core/Src/main.c:648:13:MX_TIM1_Init	96	static
../Core/Src/main.c:727:13:MX_TIM3_Init	64	static
../Core/Src/main.c:790:13:MX_TIM4_Init	32	static
../Core/Src/main.c:835:13:MX_TIM5_Init	64	static
../Core/Src/main.c:906:13:MX_UART4_Init	8	static
../Core/Src/main.c:937:13:MX_DMA_Init	16	static
../Core/Src/main.c:955:13:MX_GPIO_Init	48	static
../Core/Src/main.c:1028:7:map	32	static
../Core/Src/main.c:1038:6:moveServo	8	static
../Core/Src/main.c:1048:6:setServoAngle	32	static
../Core/Src/main.c:1065:6:readMPU	40	static
../Core/Src/main.c:1102:6:readBattery	32	static
../Core/Src/main.c:1119:6:UGV_setSpeed	32	static
../Core/Src/main.c:1140:6:UGV_setDirection	24	static
../Core/Src/main.c:1152:5:ELRS_Map	24	static
../Core/Src/main.c:1156:6:CRSF_Parser	64	static
../Core/Src/main.c:1200:6:extractELRS	16	static
../Core/Src/main.c:1225:9:crsf_crc8	24	static
../Core/Src/main.c:1233:9:bitMask	16	static
../Core/Src/main.c:1242:10:dshot_prepare_packet	32	static
../Core/Src/main.c:1260:6:complementaryFilter	24	static
../Core/Src/main.c:1287:6:UAV_error	24	static
../Core/Src/main.c:1302:6:UAV_PID	48	static
../Core/Src/main.c:1316:6:UAV_Thrust	24	static
../Core/Src/main.c:1325:6:UAV_normalizeMotor	48	static
../Core/Src/main.c:1349:6:HAL_UART_RxCpltCallback	24	static
../Core/Src/main.c:1385:6:HAL_TIM_PeriodElapsedCallback	24	static
../Core/Src/main.c:1398:6:HAL_RTCEx_WakeUpTimerEventCallback	24	static
../Core/Src/main.c:1431:6:HAL_GPIO_EXTI_Callback	16	static
../Core/Src/main.c:1445:6:Error_Handler	4	static
