../Core/Src/main.c:206:5:main	16	static
../Core/Src/main.c:307:6:SystemClock_Config	88	static
../Core/Src/main.c:354:13:MX_ADC1_Init	24	static
../Core/Src/main.c:413:13:MX_I2C1_Init	8	static
../Core/Src/main.c:447:13:MX_RTC_Init	32	static
../Core/Src/main.c:517:13:MX_TIM1_Init	96	static
../Core/Src/main.c:596:13:MX_TIM3_Init	64	static
../Core/Src/main.c:659:13:MX_TIM4_Init	32	static
../Core/Src/main.c:704:13:MX_TIM5_Init	64	static
../Core/Src/main.c:775:13:MX_UART4_Init	8	static
../Core/Src/main.c:806:13:MX_DMA_Init	16	static
../Core/Src/main.c:837:13:MX_GPIO_Init	48	static
../Core/Src/main.c:898:6:moveServo	4	static
../Core/Src/main.c:902:6:setServoAngle	32	static
../Core/Src/main.c:919:6:readMPU	40	static
../Core/Src/main.c:948:6:readBattery	24	static
../Core/Src/main.c:964:6:UGV_setSpeed	40	static
../Core/Src/main.c:985:6:UGV_setDirection	24	static
../Core/Src/main.c:1001:6:extractELRS	16	static
../Core/Src/main.c:1025:5:ELRS_mapper	24	static
../Core/Src/main.c:1029:9:crsf_crc8	24	static
../Core/Src/main.c:1042:6:CRSF_Parser	64	static
../Core/Src/main.c:1089:6:HAL_TIM_PeriodElapsedCallback	24	static
../Core/Src/main.c:1104:6:HAL_RTCEx_WakeUpTimerEventCallback	16	static
../Core/Src/main.c:1109:6:HAL_ADC_ConvCpltCallback	24	static
../Core/Src/main.c:1129:6:HAL_GPIO_EXTI_Callback	16	static
../Core/Src/main.c:1142:6:Error_Handler	4	static,ignoring_inline_asm
