../Core/Src/main.c:211:5:main	16	static
../Core/Src/main.c:315:6:SystemClock_Config	88	static
../Core/Src/main.c:362:13:MX_ADC1_Init	24	static
../Core/Src/main.c:421:13:MX_I2C1_Init	8	static
../Core/Src/main.c:455:13:MX_RTC_Init	32	static
../Core/Src/main.c:525:13:MX_TIM1_Init	96	static
../Core/Src/main.c:604:13:MX_TIM3_Init	64	static
../Core/Src/main.c:667:13:MX_TIM4_Init	32	static
../Core/Src/main.c:712:13:MX_TIM5_Init	64	static
../Core/Src/main.c:783:13:MX_UART4_Init	8	static
../Core/Src/main.c:814:13:MX_DMA_Init	16	static
../Core/Src/main.c:845:13:MX_GPIO_Init	48	static
../Core/Src/main.c:906:6:moveServo	4	static
../Core/Src/main.c:910:6:setServoAngle	32	static
../Core/Src/main.c:927:6:readMPU	40	static
../Core/Src/main.c:956:6:readBattery	24	static
../Core/Src/main.c:972:6:UGV_setSpeed	40	static
../Core/Src/main.c:993:6:UGV_setDirection	24	static
../Core/Src/main.c:1009:6:extractELRS	16	static
../Core/Src/main.c:1032:5:ELRS_mapper	24	static
../Core/Src/main.c:1036:9:crsf_crc8	24	static
../Core/Src/main.c:1048:6:CRSF_Parser	64	static
../Core/Src/main.c:1093:6:bitMask	16	static
../Core/Src/main.c:1099:6:HAL_UART_RxCpltCallback	24	static
../Core/Src/main.c:1135:6:HAL_TIM_PeriodElapsedCallback	24	static
../Core/Src/main.c:1150:6:HAL_RTCEx_WakeUpTimerEventCallback	16	static
../Core/Src/main.c:1155:6:HAL_ADC_ConvCpltCallback	24	static
../Core/Src/main.c:1175:6:HAL_GPIO_EXTI_Callback	16	static
../Core/Src/main.c:1188:6:Error_Handler	4	static,ignoring_inline_asm
