../Core/Src/main.c:347:5:main	8	static
../Core/Src/main.c:505:6:SystemClock_Config	88	static
../Core/Src/main.c:552:13:MX_ADC1_Init	24	static
../Core/Src/main.c:611:13:MX_I2C1_Init	8	static
../Core/Src/main.c:645:13:MX_RTC_Init	32	static
../Core/Src/main.c:715:13:MX_TIM1_Init	96	static
../Core/Src/main.c:794:13:MX_TIM3_Init	64	static
../Core/Src/main.c:865:13:MX_TIM4_Init	64	static
../Core/Src/main.c:928:13:MX_UART4_Init	8	static
../Core/Src/main.c:959:13:MX_DMA_Init	16	static
../Core/Src/main.c:990:13:MX_GPIO_Init	56	static
../Core/Src/main.c:1064:7:map	32	static
../Core/Src/main.c:1074:6:moveServo	8	static
../Core/Src/main.c:1084:6:setServoAngle	32	static
../Core/Src/main.c:1101:6:readMPU	24	static
../Core/Src/main.c:1137:6:readBattery	16	static
../Core/Src/main.c:1147:6:UGV_setSpeed	32	static
../Core/Src/main.c:1168:6:UGV_setDirection	24	static
../Core/Src/main.c:1180:6:CRSF_Parser	64	static
../Core/Src/main.c:1224:6:extractELRS	16	static
../Core/Src/main.c:1249:9:crsf_crc8	24	static
../Core/Src/main.c:1257:9:bitMask	16	static
../Core/Src/main.c:1266:6:DSHOT_PreparePacket	24	static
../Core/Src/main.c:1303:6:DSHOT_Fire	16	static
../Core/Src/main.c:1312:6:complementaryFilter	24	static
../Core/Src/main.c:1339:6:UAV_error	24	static
../Core/Src/main.c:1354:6:UAV_PID	48	static
../Core/Src/main.c:1368:6:UAV_convertThrust	8	static
../Core/Src/main.c:1379:6:UAV_normalizeMotor	56	static
../Core/Src/main.c:1408:6:UAV_convertTilt	24	static
../Core/Src/main.c:1427:6:UAV_convertYaw	24	static
../Core/Src/main.c:1447:6:HAL_UART_RxCpltCallback	24	static
../Core/Src/main.c:1492:6:HAL_TIM_PeriodElapsedCallback	24	static
../Core/Src/main.c:1507:6:HAL_RTCEx_WakeUpTimerEventCallback	24	static
../Core/Src/main.c:1540:6:HAL_GPIO_EXTI_Callback	16	static
../Core/Src/main.c:1547:6:HAL_TIM_PWM_PulseFinishedCallback	16	static
../Core/Src/main.c:1578:6:Error_Handler	4	static
