../Core/Src/main.c:105:5:main	8	static
../Core/Src/main.c:171:6:SystemClock_Config	88	static
../Core/Src/main.c:218:13:MX_I2C1_Init	8	static
../Core/Src/main.c:252:13:MX_TIM5_Init	64	static
../Core/Src/main.c:323:13:MX_UART4_Init	8	static
../Core/Src/main.c:354:13:MX_DMA_Init	16	static
../Core/Src/main.c:381:13:MX_GPIO_Init	48	static
../Core/Src/main.c:411:6:readMPU	40	static
../Core/Src/main.c:453:6:HAL_GPIO_EXTI_Callback	16	static
../Core/Src/main.c:466:6:Error_Handler	4	static,ignoring_inline_asm
