../Core/Src/main.c:190:5:main	16	static
../Core/Src/main.c:290:6:SystemClock_Config	88	static
../Core/Src/main.c:337:13:MX_ADC1_Init	24	static
../Core/Src/main.c:396:13:MX_I2C1_Init	8	static
../Core/Src/main.c:430:13:MX_RTC_Init	32	static
../Core/Src/main.c:500:13:MX_TIM1_Init	96	static
../Core/Src/main.c:579:13:MX_TIM3_Init	64	static
../Core/Src/main.c:642:13:MX_TIM4_Init	32	static
../Core/Src/main.c:687:13:MX_TIM5_Init	64	static
../Core/Src/main.c:758:13:MX_UART4_Init	8	static
../Core/Src/main.c:789:13:MX_DMA_Init	16	static
../Core/Src/main.c:820:13:MX_GPIO_Init	48	static
../Core/Src/main.c:881:6:moveServo	4	static
../Core/Src/main.c:885:6:setServoAngle	32	static
../Core/Src/main.c:902:6:readMPU	40	static
../Core/Src/main.c:931:6:readBattery	24	static
../Core/Src/main.c:947:6:UGV_setSpeed	40	static
../Core/Src/main.c:968:6:UGV_setDirection	24	static
../Core/Src/main.c:984:6:extractELRS	16	static
../Core/Src/main.c:1010:6:HAL_TIM_PeriodElapsedCallback	24	static
../Core/Src/main.c:1025:6:HAL_RTCEx_WakeUpTimerEventCallback	16	static
../Core/Src/main.c:1030:6:HAL_ADC_ConvCpltCallback	24	static
../Core/Src/main.c:1050:6:HAL_GPIO_EXTI_Callback	16	static
../Core/Src/main.c:1063:6:Error_Handler	4	static,ignoring_inline_asm
