../Core/Src/main.c:117:5:main	8	static
../Core/Src/main.c:207:6:SystemClock_Config	88	static
../Core/Src/main.c:253:13:MX_ADC1_Init	24	static
../Core/Src/main.c:312:13:MX_I2C1_Init	8	static
../Core/Src/main.c:346:13:MX_TIM1_Init	96	static
../Core/Src/main.c:425:13:MX_TIM3_Init	64	static
../Core/Src/main.c:488:13:MX_TIM5_Init	64	static
../Core/Src/main.c:559:13:MX_UART4_Init	8	static
../Core/Src/main.c:590:13:MX_DMA_Init	16	static
../Core/Src/main.c:621:13:MX_GPIO_Init	48	static
../Core/Src/main.c:682:6:setServoAngle	32	static
../Core/Src/main.c:699:6:setSpeed	48	static
../Core/Src/main.c:719:6:readMPU	40	static
../Core/Src/main.c:748:6:HAL_GPIO_EXTI_Callback	16	static
../Core/Src/main.c:755:6:HAL_ADC_ConvCpltCallback	16	static
../Core/Src/main.c:765:6:Error_Handler	4	static,ignoring_inline_asm
