../Core/Src/main.c:264:5:main	8	static
../Core/Src/main.c:378:6:SystemClock_Config	88	static
../Core/Src/main.c:425:13:MX_ADC1_Init	24	static
../Core/Src/main.c:484:13:MX_I2C1_Init	8	static
../Core/Src/main.c:518:13:MX_RTC_Init	32	static
../Core/Src/main.c:588:13:MX_TIM1_Init	96	static
../Core/Src/main.c:667:13:MX_TIM3_Init	64	static
../Core/Src/main.c:730:13:MX_TIM4_Init	32	static
../Core/Src/main.c:775:13:MX_TIM5_Init	64	static
../Core/Src/main.c:846:13:MX_UART4_Init	8	static
../Core/Src/main.c:877:13:MX_DMA_Init	16	static
../Core/Src/main.c:895:13:MX_GPIO_Init	48	static
../Core/Src/main.c:968:6:moveServo	8	static
../Core/Src/main.c:978:6:setServoAngle	32	static
../Core/Src/main.c:995:6:readMPU	40	static
../Core/Src/main.c:1032:6:readBattery	32	static
../Core/Src/main.c:1049:6:UGV_setSpeed	32	static
../Core/Src/main.c:1070:6:UGV_setDirection	24	static
../Core/Src/main.c:1082:5:ELRS_Encoder	24	static
../Core/Src/main.c:1086:6:CRSF_Parser	64	static
../Core/Src/main.c:1130:6:extractELRS	16	static
../Core/Src/main.c:1155:9:crsf_crc8	24	static
../Core/Src/main.c:1163:9:bitMask	16	static
../Core/Src/main.c:1171:10:dshot_prepare_packet	32	static
../Core/Src/main.c:1189:6:complementaryFilter	16	static
../Core/Src/main.c:1217:6:UAV_PID	4	static
../Core/Src/main.c:1224:6:HAL_UART_RxCpltCallback	24	static
../Core/Src/main.c:1260:6:HAL_TIM_PeriodElapsedCallback	24	static
../Core/Src/main.c:1273:6:HAL_RTCEx_WakeUpTimerEventCallback	16	static
../Core/Src/main.c:1306:6:HAL_GPIO_EXTI_Callback	16	static
../Core/Src/main.c:1320:6:Error_Handler	4	static
