../Core/Src/main.c:117:5:main	8	static
../Core/Src/main.c:219:6:SystemClock_Config	88	static
../Core/Src/main.c:266:13:MX_ADC1_Init	24	static
../Core/Src/main.c:325:13:MX_I2C1_Init	8	static
../Core/Src/main.c:359:13:MX_RTC_Init	32	static
../Core/Src/main.c:429:13:MX_TIM1_Init	96	static
../Core/Src/main.c:508:13:MX_TIM3_Init	64	static
../Core/Src/main.c:571:13:MX_TIM5_Init	64	static
../Core/Src/main.c:642:13:MX_UART4_Init	8	static
../Core/Src/main.c:673:13:MX_DMA_Init	16	static
../Core/Src/main.c:704:13:MX_GPIO_Init	48	static
../Core/Src/main.c:765:6:setServoAngle	32	static
../Core/Src/main.c:782:6:setSpeed	48	static
../Core/Src/main.c:810:6:readMPU	40	static
../Core/Src/main.c:839:6:readBattery	24	static
../Core/Src/main.c:855:6:HAL_GPIO_EXTI_Callback	16	static
../Core/Src/main.c:861:6:HAL_RTCEx_WakeUpTimerEventCallback	16	static
../Core/Src/main.c:866:6:HAL_ADC_ConvCpltCallback	24	static
../Core/Src/main.c:891:6:Error_Handler	4	static,ignoring_inline_asm
