../Core/Src/main.c:342:5:main	8	static
../Core/Src/main.c:494:6:SystemClock_Config	88	static
../Core/Src/main.c:541:13:MX_ADC1_Init	24	static
../Core/Src/main.c:600:13:MX_I2C1_Init	8	static
../Core/Src/main.c:634:13:MX_RTC_Init	32	static
../Core/Src/main.c:704:13:MX_TIM1_Init	96	static
../Core/Src/main.c:783:13:MX_TIM3_Init	64	static
../Core/Src/main.c:854:13:MX_TIM4_Init	64	static
../Core/Src/main.c:917:13:MX_UART4_Init	8	static
../Core/Src/main.c:948:13:MX_DMA_Init	16	static
../Core/Src/main.c:979:13:MX_GPIO_Init	56	static
../Core/Src/main.c:1053:7:map	32	static
../Core/Src/main.c:1063:6:moveServo	8	static
../Core/Src/main.c:1073:6:setServoAngle	32	static
../Core/Src/main.c:1090:6:readMPU	24	static
../Core/Src/main.c:1126:6:readBattery	16	static
../Core/Src/main.c:1136:6:UGV_setSpeed	32	static
../Core/Src/main.c:1157:6:UGV_setDirection	24	static
../Core/Src/main.c:1170:6:CRSF_Parser	64	static
../Core/Src/main.c:1214:6:extractELRS	16	static
../Core/Src/main.c:1239:9:crsf_crc8	24	static
../Core/Src/main.c:1247:9:bitMask	16	static
../Core/Src/main.c:1256:6:DSHOT_PreparePacket	32	static
../Core/Src/main.c:1296:6:complementaryFilter	24	static
../Core/Src/main.c:1323:6:UAV_error	24	static
../Core/Src/main.c:1338:6:UAV_PID	48	static
../Core/Src/main.c:1352:6:UAV_convertThrust	8	static
../Core/Src/main.c:1363:6:UAV_normalizeMotor	56	static
../Core/Src/main.c:1392:6:UAV_convertTilt	24	static
../Core/Src/main.c:1411:6:UAV_convertYaw	24	static
../Core/Src/main.c:1431:6:HAL_UART_RxCpltCallback	24	static
../Core/Src/main.c:1476:6:HAL_TIM_PeriodElapsedCallback	24	static
../Core/Src/main.c:1491:6:HAL_RTCEx_WakeUpTimerEventCallback	24	static
../Core/Src/main.c:1524:6:HAL_GPIO_EXTI_Callback	16	static
../Core/Src/main.c:1538:6:Error_Handler	4	static
