../Core/Src/main.c:337:5:main	8	static
../Core/Src/main.c:490:6:SystemClock_Config	88	static
../Core/Src/main.c:537:13:MX_ADC1_Init	24	static
../Core/Src/main.c:596:13:MX_I2C1_Init	8	static
../Core/Src/main.c:630:13:MX_RTC_Init	32	static
../Core/Src/main.c:700:13:MX_TIM1_Init	96	static
../Core/Src/main.c:779:13:MX_TIM3_Init	64	static
../Core/Src/main.c:842:13:MX_TIM4_Init	32	static
../Core/Src/main.c:887:13:MX_TIM5_Init	64	static
../Core/Src/main.c:958:13:MX_UART4_Init	8	static
../Core/Src/main.c:989:13:MX_DMA_Init	16	static
../Core/Src/main.c:1007:13:MX_GPIO_Init	48	static
../Core/Src/main.c:1080:7:map	32	static
../Core/Src/main.c:1090:6:moveServo	8	static
../Core/Src/main.c:1100:6:setServoAngle	32	static
../Core/Src/main.c:1117:6:readMPU	24	static
../Core/Src/main.c:1153:6:readBattery	16	static
../Core/Src/main.c:1163:6:UGV_setSpeed	32	static
../Core/Src/main.c:1184:6:UGV_setDirection	24	static
../Core/Src/main.c:1196:5:ELRS_Map	24	static
../Core/Src/main.c:1200:6:CRSF_Parser	64	static
../Core/Src/main.c:1244:6:extractELRS	16	static
../Core/Src/main.c:1269:9:crsf_crc8	24	static
../Core/Src/main.c:1277:9:bitMask	16	static
../Core/Src/main.c:1286:10:dshot_prepare_packet	32	static
../Core/Src/main.c:1304:6:complementaryFilter	24	static
../Core/Src/main.c:1331:6:UAV_error	24	static
../Core/Src/main.c:1346:6:UAV_PID	48	static
../Core/Src/main.c:1360:6:UAV_convertThrust	8	static
../Core/Src/main.c:1371:6:UAV_normalizeMotor	56	static
../Core/Src/main.c:1400:6:UAV_convertTilt	24	static
../Core/Src/main.c:1419:6:UAV_convertYaw	24	static
../Core/Src/main.c:1439:6:HAL_UART_RxCpltCallback	24	static
../Core/Src/main.c:1484:6:HAL_TIM_PeriodElapsedCallback	24	static
../Core/Src/main.c:1497:6:HAL_RTCEx_WakeUpTimerEventCallback	24	static
../Core/Src/main.c:1530:6:HAL_GPIO_EXTI_Callback	16	static
../Core/Src/main.c:1544:6:Error_Handler	4	static
