../Core/Src/main.c:128:5:main	8	static
../Core/Src/main.c:235:6:SystemClock_Config	88	static
../Core/Src/main.c:282:13:MX_ADC1_Init	24	static
../Core/Src/main.c:341:13:MX_I2C1_Init	8	static
../Core/Src/main.c:375:13:MX_RTC_Init	32	static
../Core/Src/main.c:445:13:MX_TIM1_Init	96	static
../Core/Src/main.c:524:13:MX_TIM3_Init	64	static
../Core/Src/main.c:587:13:MX_TIM4_Init	32	static
../Core/Src/main.c:632:13:MX_TIM5_Init	64	static
../Core/Src/main.c:703:13:MX_UART4_Init	8	static
../Core/Src/main.c:734:13:MX_DMA_Init	16	static
../Core/Src/main.c:765:13:MX_GPIO_Init	48	static
../Core/Src/main.c:826:6:setServoAngle	32	static
../Core/Src/main.c:843:6:setSpeed	48	static
../Core/Src/main.c:865:6:normalizeSpeed	4	static
../Core/Src/main.c:870:6:readMPU	40	static
../Core/Src/main.c:899:6:readBattery	24	static
../Core/Src/main.c:916:6:HAL_RTCEx_WakeUpTimerEventCallback	16	static
../Core/Src/main.c:921:6:HAL_ADC_ConvCpltCallback	24	static
../Core/Src/main.c:941:6:HAL_TIM_PeriodElapsedCallback	40	static
../Core/Src/main.c:963:6:HAL_GPIO_EXTI_Callback	16	static
../Core/Src/main.c:976:6:Error_Handler	4	static,ignoring_inline_asm
