../Core/Src/main.c:286:5:main	8	static
../Core/Src/main.c:406:6:SystemClock_Config	88	static
../Core/Src/main.c:453:13:MX_ADC1_Init	24	static
../Core/Src/main.c:512:13:MX_I2C1_Init	8	static
../Core/Src/main.c:546:13:MX_RTC_Init	32	static
../Core/Src/main.c:616:13:MX_TIM1_Init	96	static
../Core/Src/main.c:695:13:MX_TIM3_Init	64	static
../Core/Src/main.c:758:13:MX_TIM4_Init	32	static
../Core/Src/main.c:803:13:MX_TIM5_Init	64	static
../Core/Src/main.c:874:13:MX_UART4_Init	8	static
../Core/Src/main.c:905:13:MX_DMA_Init	16	static
../Core/Src/main.c:923:13:MX_GPIO_Init	48	static
../Core/Src/main.c:996:6:moveServo	8	static
../Core/Src/main.c:1006:6:setServoAngle	32	static
../Core/Src/main.c:1023:6:readMPU	40	static
../Core/Src/main.c:1060:6:readBattery	32	static
../Core/Src/main.c:1077:6:UGV_setSpeed	32	static
../Core/Src/main.c:1098:6:UGV_setDirection	24	static
../Core/Src/main.c:1110:5:ELRS_Map	24	static
../Core/Src/main.c:1114:6:CRSF_Parser	64	static
../Core/Src/main.c:1158:6:extractELRS	16	static
../Core/Src/main.c:1183:9:crsf_crc8	24	static
../Core/Src/main.c:1191:9:bitMask	16	static
../Core/Src/main.c:1199:10:dshot_prepare_packet	32	static
../Core/Src/main.c:1217:6:complementaryFilter	24	static
../Core/Src/main.c:1242:6:UAV_error	24	static
../Core/Src/main.c:1257:6:UAV_PID	48	static
../Core/Src/main.c:1272:6:UAV_Thrust	4	static
../Core/Src/main.c:1279:6:HAL_UART_RxCpltCallback	24	static
../Core/Src/main.c:1315:6:HAL_TIM_PeriodElapsedCallback	24	static
../Core/Src/main.c:1328:6:HAL_RTCEx_WakeUpTimerEventCallback	24	static
../Core/Src/main.c:1361:6:HAL_GPIO_EXTI_Callback	16	static
../Core/Src/main.c:1375:6:Error_Handler	4	static
