../Core/Src/main.c:104:6:setServoAngle	32	static
../Core/Src/main.c:131:5:main	16	static
../Core/Src/main.c:213:6:SystemClock_Config	88	static
../Core/Src/main.c:260:13:MX_I2C1_Init	8	static
../Core/Src/main.c:294:13:MX_TIM3_Init	48	static
../Core/Src/main.c:347:13:MX_TIM5_Init	64	static
../Core/Src/main.c:418:13:MX_UART4_Init	8	static
../Core/Src/main.c:449:13:MX_DMA_Init	16	static
../Core/Src/main.c:476:13:MX_GPIO_Init	48	static
../Core/Src/main.c:506:6:readMPU	40	static
../Core/Src/main.c:544:6:HAL_GPIO_EXTI_Callback	16	static
../Core/Src/main.c:557:6:Error_Handler	4	static,ignoring_inline_asm
