../Core/Src/main.c:230:5:main	16	static
../Core/Src/main.c:334:6:SystemClock_Config	88	static
../Core/Src/main.c:381:13:MX_ADC1_Init	24	static
../Core/Src/main.c:440:13:MX_I2C1_Init	8	static
../Core/Src/main.c:474:13:MX_RTC_Init	32	static
../Core/Src/main.c:544:13:MX_TIM1_Init	96	static
../Core/Src/main.c:623:13:MX_TIM3_Init	64	static
../Core/Src/main.c:686:13:MX_TIM4_Init	32	static
../Core/Src/main.c:731:13:MX_TIM5_Init	64	static
../Core/Src/main.c:802:13:MX_UART4_Init	8	static
../Core/Src/main.c:833:13:MX_DMA_Init	16	static
../Core/Src/main.c:864:13:MX_GPIO_Init	48	static
../Core/Src/main.c:925:6:moveServo	4	static
../Core/Src/main.c:929:6:setServoAngle	32	static
../Core/Src/main.c:946:6:readMPU	40	static
../Core/Src/main.c:975:6:readBattery	24	static
../Core/Src/main.c:991:6:UGV_setSpeed	40	static
../Core/Src/main.c:1012:6:UGV_setDirection	24	static
../Core/Src/main.c:1025:5:ELRS_mapper	24	static
../Core/Src/main.c:1029:6:CRSF_Parser	64	static
../Core/Src/main.c:1074:6:extractELRS	16	static
../Core/Src/main.c:1097:9:crsf_crc8	24	static
../Core/Src/main.c:1105:6:bitMask	16	static
../Core/Src/main.c:1111:6:HAL_UART_RxCpltCallback	24	static
../Core/Src/main.c:1147:6:HAL_TIM_PeriodElapsedCallback	24	static
../Core/Src/main.c:1162:6:HAL_RTCEx_WakeUpTimerEventCallback	16	static
../Core/Src/main.c:1167:6:HAL_ADC_ConvCpltCallback	24	static
../Core/Src/main.c:1187:6:HAL_GPIO_EXTI_Callback	16	static
../Core/Src/main.c:1200:6:Error_Handler	4	static,ignoring_inline_asm
