../Core/Src/main.c:309:5:main	8	static
../Core/Src/main.c:437:6:SystemClock_Config	88	static
../Core/Src/main.c:484:13:MX_ADC1_Init	24	static
../Core/Src/main.c:543:13:MX_I2C1_Init	8	static
../Core/Src/main.c:577:13:MX_RTC_Init	32	static
../Core/Src/main.c:647:13:MX_TIM1_Init	96	static
../Core/Src/main.c:726:13:MX_TIM3_Init	64	static
../Core/Src/main.c:789:13:MX_TIM4_Init	32	static
../Core/Src/main.c:834:13:MX_TIM5_Init	64	static
../Core/Src/main.c:905:13:MX_UART4_Init	8	static
../Core/Src/main.c:936:13:MX_DMA_Init	16	static
../Core/Src/main.c:954:13:MX_GPIO_Init	48	static
../Core/Src/main.c:1027:6:moveServo	8	static
../Core/Src/main.c:1037:6:setServoAngle	32	static
../Core/Src/main.c:1054:6:readMPU	40	static
../Core/Src/main.c:1091:6:readBattery	32	static
../Core/Src/main.c:1108:6:UGV_setSpeed	32	static
../Core/Src/main.c:1129:6:UGV_setDirection	24	static
../Core/Src/main.c:1141:5:ELRS_Map	24	static
../Core/Src/main.c:1145:6:CRSF_Parser	64	static
../Core/Src/main.c:1189:6:extractELRS	16	static
../Core/Src/main.c:1214:9:crsf_crc8	24	static
../Core/Src/main.c:1222:9:bitMask	16	static
../Core/Src/main.c:1231:10:dshot_prepare_packet	32	static
../Core/Src/main.c:1249:6:complementaryFilter	24	static
../Core/Src/main.c:1276:6:UAV_error	24	static
../Core/Src/main.c:1291:6:UAV_PID	48	static
../Core/Src/main.c:1305:6:UAV_Thrust	24	static
../Core/Src/main.c:1314:6:UAV_normalizeMotor	48	static
../Core/Src/main.c:1338:6:HAL_UART_RxCpltCallback	24	static
../Core/Src/main.c:1374:6:HAL_TIM_PeriodElapsedCallback	24	static
../Core/Src/main.c:1387:6:HAL_RTCEx_WakeUpTimerEventCallback	24	static
../Core/Src/main.c:1420:6:HAL_GPIO_EXTI_Callback	16	static
../Core/Src/main.c:1434:6:Error_Handler	4	static
