../Core/Src/main.c:120:5:main	8	static
../Core/Src/main.c:214:6:SystemClock_Config	88	static
../Core/Src/main.c:260:13:MX_ADC1_Init	24	static
../Core/Src/main.c:319:13:MX_I2C1_Init	8	static
../Core/Src/main.c:353:13:MX_TIM1_Init	96	static
../Core/Src/main.c:432:13:MX_TIM3_Init	64	static
../Core/Src/main.c:495:13:MX_TIM5_Init	64	static
../Core/Src/main.c:566:13:MX_UART4_Init	8	static
../Core/Src/main.c:597:13:MX_DMA_Init	16	static
../Core/Src/main.c:628:13:MX_GPIO_Init	48	static
../Core/Src/main.c:689:6:setServoAngle	32	static
../Core/Src/main.c:706:6:setSpeed	48	static
../Core/Src/main.c:726:6:readMPU	40	static
../Core/Src/main.c:755:6:HAL_GPIO_EXTI_Callback	16	static
../Core/Src/main.c:762:6:HAL_ADC_ConvCpltCallback	24	static
../Core/Src/main.c:777:6:Error_Handler	4	static,ignoring_inline_asm
